<!doctype html public "-//w3c//dtd html 4.0 transitional//en">
<html><head>
<title>Static Call Graph - [.\_build\nrf51422_xxac_s130.axf]</title></head>
<body><HR>
<H1>Static Call Graph for image .\_build\nrf51422_xxac_s130.axf</H1><HR>
<BR><P>#&#060CALLGRAPH&#062# ARM Linker, 5060422: Last Updated: Wed Mar 18 14:43:53 2020
<BR><P>
<H3>Maximum Stack Usage =        648 bytes + Unknown(Cycles, Untraceable Function Pointers)</H3><H3>
Call chain for Maximum Stack Depth:</H3>
main &rArr; Key_timeout &rArr; KeyReaction &rArr; KeyRun &rArr; GoToCommand &rArr; EPD_1IN54_DrawObjScrin &rArr; EPD_1IN54_DrawObject &rArr; EPD_1IN54_DrawObjectTextListGroup &rArr; EPD_1IN54_DrawTextList &rArr; EPD_1IN54_PrintRamString &rArr; EPD_1IN54_SetFrame &rArr; EPD_1IN54_SetWindow &rArr; SendData &rArr; SpiSendByte &rArr; Soft_Spi_Transmit
<P>
<H3>
Mutually Recursive functions
</H3> <LI><a href="#[1]">NMI_Handler</a>&nbsp;&nbsp;&nbsp;&rArr;&nbsp;&nbsp;&nbsp;<a href="#[1]">NMI_Handler</a><BR>
 <LI><a href="#[2]">HardFault_Handler</a>&nbsp;&nbsp;&nbsp;&rArr;&nbsp;&nbsp;&nbsp;<a href="#[2]">HardFault_Handler</a><BR>
 <LI><a href="#[3]">SVC_Handler</a>&nbsp;&nbsp;&nbsp;&rArr;&nbsp;&nbsp;&nbsp;<a href="#[3]">SVC_Handler</a><BR>
 <LI><a href="#[4]">PendSV_Handler</a>&nbsp;&nbsp;&nbsp;&rArr;&nbsp;&nbsp;&nbsp;<a href="#[4]">PendSV_Handler</a><BR>
 <LI><a href="#[5]">SysTick_Handler</a>&nbsp;&nbsp;&nbsp;&rArr;&nbsp;&nbsp;&nbsp;<a href="#[5]">SysTick_Handler</a><BR>
 <LI><a href="#[c]">ADC_IRQHandler</a>&nbsp;&nbsp;&nbsp;&rArr;&nbsp;&nbsp;&nbsp;<a href="#[c]">ADC_IRQHandler</a><BR>
 <LI><a href="#[50]">__asm___11_app_timer_c_cd27f9c3__nrf_delay_us</a>&nbsp;&nbsp;&nbsp;&rArr;&nbsp;&nbsp;&nbsp;<a href="#[50]">__asm___11_app_timer_c_cd27f9c3__nrf_delay_us</a><BR>
 <LI><a href="#[f2]">app_notify_error_state_transit</a>&nbsp;&nbsp;&nbsp;&rArr;&nbsp;&nbsp;&nbsp;<a href="#[f4]">sm_state_change</a><BR>
 <LI><a href="#[14f]">cmd_queue_dequeue</a>&nbsp;&nbsp;&nbsp;&rArr;&nbsp;&nbsp;&nbsp;<a href="#[14d]">cmd_process</a><BR>
 <LI><a href="#[7d]">EPD_1IN54_WriteObjKey</a>&nbsp;&nbsp;&nbsp;&rArr;&nbsp;&nbsp;&nbsp;<a href="#[9a]">GoToCommand</a><BR>
 <LI><a href="#[7c]">EPD_1IN54_StartObjRun</a>&nbsp;&nbsp;&nbsp;&rArr;&nbsp;&nbsp;&nbsp;<a href="#[9a]">GoToCommand</a><BR>
 <LI><a href="#[84]">EPD_1IN54_DrawPartObject</a>&nbsp;&nbsp;&nbsp;&rArr;&nbsp;&nbsp;&nbsp;<a href="#[6b]">EPD_1IN54_DrawObjScrin</a><BR>
</UL>
<P>
<H3>
Function Pointers
</H3><UL>
 <LI><a href="#[c]">ADC_IRQHandler</a> from arm_startup_nrf51.o(.text) referenced from arm_startup_nrf51.o(RESET)
 <LI><a href="#[14]">CCM_AAR_IRQHandler</a> from arm_startup_nrf51.o(.text) referenced from arm_startup_nrf51.o(RESET)
 <LI><a href="#[13]">ECB_IRQHandler</a> from arm_startup_nrf51.o(.text) referenced from arm_startup_nrf51.o(RESET)
 <LI><a href="#[b]">GPIOTE_IRQHandler</a> from nrf_drv_gpiote.o(i.GPIOTE_IRQHandler) referenced from arm_startup_nrf51.o(RESET)
 <LI><a href="#[2]">HardFault_Handler</a> from arm_startup_nrf51.o(.text) referenced from arm_startup_nrf51.o(RESET)
 <LI><a href="#[18]">LPCOMP_IRQHandler</a> from arm_startup_nrf51.o(.text) referenced from arm_startup_nrf51.o(RESET)
 <LI><a href="#[1]">NMI_Handler</a> from arm_startup_nrf51.o(.text) referenced from arm_startup_nrf51.o(RESET)
 <LI><a href="#[6]">POWER_CLOCK_IRQHandler</a> from arm_startup_nrf51.o(.text) referenced from arm_startup_nrf51.o(RESET)
 <LI><a href="#[4]">PendSV_Handler</a> from arm_startup_nrf51.o(.text) referenced from arm_startup_nrf51.o(RESET)
 <LI><a href="#[17]">QDEC_IRQHandler</a> from arm_startup_nrf51.o(.text) referenced from arm_startup_nrf51.o(RESET)
 <LI><a href="#[7]">RADIO_IRQHandler</a> from arm_startup_nrf51.o(.text) referenced from arm_startup_nrf51.o(RESET)
 <LI><a href="#[12]">RNG_IRQHandler</a> from arm_startup_nrf51.o(.text) referenced from arm_startup_nrf51.o(RESET)
 <LI><a href="#[10]">RTC0_IRQHandler</a> from nrf_drv_rtc.o(i.RTC0_IRQHandler) referenced from arm_startup_nrf51.o(RESET)
 <LI><a href="#[16]">RTC1_IRQHandler</a> from app_timer.o(i.RTC1_IRQHandler) referenced from arm_startup_nrf51.o(RESET)
 <LI><a href="#[0]">Reset_Handler</a> from arm_startup_nrf51.o(.text) referenced from arm_startup_nrf51.o(RESET)
 <LI><a href="#[9]">SPI0_TWI0_IRQHandler</a> from arm_startup_nrf51.o(.text) referenced from arm_startup_nrf51.o(RESET)
 <LI><a href="#[a]">SPI1_TWI1_IRQHandler</a> from arm_startup_nrf51.o(.text) referenced from arm_startup_nrf51.o(RESET)
 <LI><a href="#[3]">SVC_Handler</a> from arm_startup_nrf51.o(.text) referenced from arm_startup_nrf51.o(RESET)
 <LI><a href="#[19]">SWI0_IRQHandler</a> from app_timer.o(i.SWI0_IRQHandler) referenced from arm_startup_nrf51.o(RESET)
 <LI><a href="#[1a]">SWI1_IRQHandler</a> from arm_startup_nrf51.o(.text) referenced from arm_startup_nrf51.o(RESET)
 <LI><a href="#[1b]">SWI2_IRQHandler</a> from softdevice_handler.o(i.SWI2_IRQHandler) referenced from arm_startup_nrf51.o(RESET)
 <LI><a href="#[1c]">SWI3_IRQHandler</a> from arm_startup_nrf51.o(.text) referenced from arm_startup_nrf51.o(RESET)
 <LI><a href="#[1d]">SWI4_IRQHandler</a> from arm_startup_nrf51.o(.text) referenced from arm_startup_nrf51.o(RESET)
 <LI><a href="#[1e]">SWI5_IRQHandler</a> from arm_startup_nrf51.o(.text) referenced from arm_startup_nrf51.o(RESET)
 <LI><a href="#[5]">SysTick_Handler</a> from arm_startup_nrf51.o(.text) referenced from arm_startup_nrf51.o(RESET)
 <LI><a href="#[20]">SystemInit</a> from system_nrf51.o(i.SystemInit) referenced from arm_startup_nrf51.o(.text)
 <LI><a href="#[11]">TEMP_IRQHandler</a> from arm_startup_nrf51.o(.text) referenced from arm_startup_nrf51.o(RESET)
 <LI><a href="#[d]">TIMER0_IRQHandler</a> from arm_startup_nrf51.o(.text) referenced from arm_startup_nrf51.o(RESET)
 <LI><a href="#[e]">TIMER1_IRQHandler</a> from arm_startup_nrf51.o(.text) referenced from arm_startup_nrf51.o(RESET)
 <LI><a href="#[f]">TIMER2_IRQHandler</a> from arm_startup_nrf51.o(.text) referenced from arm_startup_nrf51.o(RESET)
 <LI><a href="#[8]">UART0_IRQHandler</a> from nrf_drv_uart.o(i.UART0_IRQHandler) referenced from arm_startup_nrf51.o(RESET)
 <LI><a href="#[15]">WDT_IRQHandler</a> from arm_startup_nrf51.o(.text) referenced from arm_startup_nrf51.o(RESET)
 <LI><a href="#[21]">__main</a> from entry.o(.ARM.Collect$$$$00000000) referenced from arm_startup_nrf51.o(.text)
 <LI><a href="#[2a]">alert_timer_handler</a> from bsp.o(i.alert_timer_handler) referenced from bsp.o(i.bsp_init)
 <LI><a href="#[36]">battery_level_meas_timeout_handler</a> from myble.o(i.battery_level_meas_timeout_handler) referenced from myble.o(i.timers_init)
 <LI><a href="#[26]">ble_evt_dispatch</a> from myble.o(i.ble_evt_dispatch) referenced from myble.o(i.ble_stack_init)
 <LI><a href="#[37]">bsp_button_event_handler</a> from bsp.o(i.bsp_button_event_handler) referenced 4 times from bsp.o(.constdata)
 <LI><a href="#[2b]">bsp_event_handler</a> from myble.o(i.bsp_event_handler) referenced from myble.o(i.buttons_leds_init)
 <LI><a href="#[28]">button_timer_handler</a> from bsp.o(i.button_timer_handler) referenced from bsp.o(i.bsp_init)
 <LI><a href="#[2d]">conn_params_error_handler</a> from myble.o(i.conn_params_error_handler) referenced from myble.o(i.conn_params_init)
 <LI><a href="#[4b]">data_page_erase_state_run</a> from pstorage.o(i.data_page_erase_state_run) referenced from pstorage.o(.constdata)
 <LI><a href="#[4a]">data_to_swap_write_state_run</a> from pstorage.o(i.data_to_swap_write_state_run) referenced from pstorage.o(.constdata)
 <LI><a href="#[24]">detection_delay_timeout_handler</a> from app_button.o(i.detection_delay_timeout_handler) referenced from app_button.o(i.app_button_init)
 <LI><a href="#[31]">device_manager_evt_handler</a> from myble.o(i.device_manager_evt_handler) referenced from myble.o(i.device_manager_init)
 <LI><a href="#[32]">dm_pstorage_cb_handler</a> from device_manager_peripheral.o(i.dm_pstorage_cb_handler) referenced from device_manager_peripheral.o(i.dm_init)
 <LI><a href="#[42]">gattc_context_apply</a> from device_manager_peripheral.o(i.gattc_context_apply) referenced from device_manager_peripheral.o(.constdata)
 <LI><a href="#[3e]">gattc_context_load</a> from device_manager_peripheral.o(i.gattc_context_load) referenced from device_manager_peripheral.o(.constdata)
 <LI><a href="#[3a]">gattc_context_store</a> from device_manager_peripheral.o(i.gattc_context_store) referenced from device_manager_peripheral.o(.constdata)
 <LI><a href="#[41]">gatts_context_apply</a> from device_manager_peripheral.o(i.gatts_context_apply) referenced from device_manager_peripheral.o(.constdata)
 <LI><a href="#[3d]">gatts_context_load</a> from device_manager_peripheral.o(i.gatts_context_load) referenced from device_manager_peripheral.o(.constdata)
 <LI><a href="#[39]">gatts_context_store</a> from device_manager_peripheral.o(i.gatts_context_store) referenced from device_manager_peripheral.o(.constdata)
 <LI><a href="#[43]">gattsc_context_apply</a> from device_manager_peripheral.o(i.gattsc_context_apply) referenced from device_manager_peripheral.o(.constdata)
 <LI><a href="#[3f]">gattsc_context_load</a> from device_manager_peripheral.o(i.gattsc_context_load) referenced from device_manager_peripheral.o(.constdata)
 <LI><a href="#[3b]">gattsc_context_store</a> from device_manager_peripheral.o(i.gattsc_context_store) referenced from device_manager_peripheral.o(.constdata)
 <LI><a href="#[23]">gpiote_event_handler</a> from app_button.o(i.gpiote_event_handler) referenced from app_button.o(i.app_button_init)
 <LI><a href="#[4d]">head_restore_state_run</a> from pstorage.o(i.head_restore_state_run) referenced from pstorage.o(.constdata)
 <LI><a href="#[29]">leds_timer_handler</a> from bsp.o(i.leds_timer_handler) referenced from bsp.o(i.bsp_init)
 <LI><a href="#[1f]">main</a> from main.o(i.main) referenced from entry9a.o(.ARM.Collect$$$$0000000B)
 <LI><a href="#[40]">no_service_context_apply</a> from device_manager_peripheral.o(i.no_service_context_apply) referenced from device_manager_peripheral.o(.constdata)
 <LI><a href="#[3c]">no_service_context_load</a> from device_manager_peripheral.o(i.no_service_context_load) referenced from device_manager_peripheral.o(.constdata)
 <LI><a href="#[38]">no_service_context_store</a> from device_manager_peripheral.o(i.no_service_context_store) referenced from device_manager_peripheral.o(.constdata)
 <LI><a href="#[22]">on_adv_evt</a> from myble.o(i.on_adv_evt) referenced from myble.o(i.advertising_init)
 <LI><a href="#[34]">on_bps_evt</a> from myble.o(i.on_bps_evt) referenced from myble.o(i.services_init)
 <LI><a href="#[2c]">on_conn_params_evt</a> from myble.o(i.on_conn_params_evt) referenced from myble.o(i.conn_params_init)
 <LI><a href="#[2f]">pstorage_store</a> from pstorage.o(i.pstorage_store) referenced from device_manager_peripheral.o(i.device_context_store)
 <LI><a href="#[2f]">pstorage_store</a> from pstorage.o(i.pstorage_store) referenced from device_manager_peripheral.o(i.gatts_context_store)
 <LI><a href="#[2e]">pstorage_update</a> from pstorage.o(i.pstorage_update) referenced from device_manager_peripheral.o(i.device_context_store)
 <LI><a href="#[2e]">pstorage_update</a> from pstorage.o(i.pstorage_update) referenced from device_manager_peripheral.o(i.gatts_context_store)
 <LI><a href="#[33]">rtc_handler</a> from main.o(i.rtc_handler) referenced from main.o(i.rtc_config)
 <LI><a href="#[35]">softdevice_fault_handler</a> from softdevice_handler.o(i.softdevice_fault_handler) referenced from softdevice_handler.o(i.softdevice_handler_init)
 <LI><a href="#[46]">state_erase_data_page_entry_run</a> from pstorage.o(i.state_erase_data_page_entry_run) referenced from pstorage.o(.constdata)
 <LI><a href="#[48]">state_restore_head_entry_run</a> from pstorage.o(i.state_restore_head_entry_run) referenced from pstorage.o(.constdata)
 <LI><a href="#[47]">state_restore_tail_entry_run</a> from pstorage.o(i.state_restore_tail_entry_run) referenced from pstorage.o(.constdata)
 <LI><a href="#[44]">state_swap_erase_entry_run</a> from pstorage.o(i.state_swap_erase_entry_run) referenced from pstorage.o(.constdata)
 <LI><a href="#[45]">state_write_data_swap_entry_run</a> from pstorage.o(i.state_write_data_swap_entry_run) referenced from pstorage.o(.constdata)
 <LI><a href="#[30]">storage_operation_dummy_handler</a> from device_manager_peripheral.o(i.storage_operation_dummy_handler) referenced from device_manager_peripheral.o(i.device_context_store)
 <LI><a href="#[49]">swap_erase_state_run</a> from pstorage.o(i.swap_erase_state_run) referenced from pstorage.o(.constdata)
 <LI><a href="#[27]">sys_evt_dispatch</a> from myble.o(i.sys_evt_dispatch) referenced from myble.o(i.ble_stack_init)
 <LI><a href="#[4c]">tail_restore_state_run</a> from pstorage.o(i.tail_restore_state_run) referenced from pstorage.o(.constdata)
 <LI><a href="#[25]">update_timeout_handler</a> from ble_conn_params.o(i.update_timeout_handler) referenced from ble_conn_params.o(i.ble_conn_params_init)
</UL>
<P>
<H3>
Global Symbols
</H3>
<P><STRONG><a name="[21]"></a>__main</STRONG> (Thumb, 0 bytes, Stack size unknown bytes, entry.o(.ARM.Collect$$$$00000000))
<BR>[Address Reference Count : 1]<UL><LI> arm_startup_nrf51.o(.text)
</UL>
<P><STRONG><a name="[1cb]"></a>_main_stk</STRONG> (Thumb, 0 bytes, Stack size unknown bytes, entry2.o(.ARM.Collect$$$$00000001))

<P><STRONG><a name="[4e]"></a>_main_scatterload</STRONG> (Thumb, 0 bytes, Stack size unknown bytes, entry5.o(.ARM.Collect$$$$00000004))
<BR><BR>[Calls]<UL><LI><a href="#[4f]">&gt;&gt;</a>&nbsp;&nbsp;&nbsp;__scatterload
</UL>

<P><STRONG><a name="[56]"></a>__main_after_scatterload</STRONG> (Thumb, 0 bytes, Stack size unknown bytes, entry5.o(.ARM.Collect$$$$00000004))
<BR><BR>[Called By]<UL><LI><a href="#[4f]">&gt;&gt;</a>&nbsp;&nbsp;&nbsp;__scatterload
</UL>

<P><STRONG><a name="[1cc]"></a>_main_clock</STRONG> (Thumb, 0 bytes, Stack size unknown bytes, entry7b.o(.ARM.Collect$$$$00000008))

<P><STRONG><a name="[1cd]"></a>_main_cpp_init</STRONG> (Thumb, 0 bytes, Stack size unknown bytes, entry8b.o(.ARM.Collect$$$$0000000A))

<P><STRONG><a name="[1ce]"></a>_main_init</STRONG> (Thumb, 0 bytes, Stack size unknown bytes, entry9a.o(.ARM.Collect$$$$0000000B))

<P><STRONG><a name="[1cf]"></a>__rt_final_cpp</STRONG> (Thumb, 0 bytes, Stack size unknown bytes, entry10a.o(.ARM.Collect$$$$0000000D))

<P><STRONG><a name="[1d0]"></a>__rt_final_exit</STRONG> (Thumb, 0 bytes, Stack size unknown bytes, entry11a.o(.ARM.Collect$$$$0000000F))

<P><STRONG><a name="[50]"></a>__asm___11_app_timer_c_cd27f9c3__nrf_delay_us</STRONG> (Thumb, 30 bytes, Stack size 0 bytes, app_timer.o(.emb_text))
<BR><BR>[Calls]<UL><LI><a href="#[50]">&gt;&gt;</a>&nbsp;&nbsp;&nbsp;__asm___11_app_timer_c_cd27f9c3__nrf_delay_us
</UL>
<BR>[Called By]<UL><LI><a href="#[154]">&gt;&gt;</a>&nbsp;&nbsp;&nbsp;compare_reg_update
<LI><a href="#[50]">&gt;&gt;</a>&nbsp;&nbsp;&nbsp;__asm___11_app_timer_c_cd27f9c3__nrf_delay_us
<LI><a href="#[f6]">&gt;&gt;</a>&nbsp;&nbsp;&nbsp;rtc1_stop
<LI><a href="#[156]">&gt;&gt;</a>&nbsp;&nbsp;&nbsp;rtc1_start
</UL>

<P><STRONG><a name="[0]"></a>Reset_Handler</STRONG> (Thumb, 26 bytes, Stack size 0 bytes, arm_startup_nrf51.o(.text))
<BR>[Address Reference Count : 1]<UL><LI> arm_startup_nrf51.o(RESET)
</UL>
<P><STRONG><a name="[1]"></a>NMI_Handler</STRONG> (Thumb, 2 bytes, Stack size 0 bytes, arm_startup_nrf51.o(.text))
<BR><BR>[Calls]<UL><LI><a href="#[1]">&gt;&gt;</a>&nbsp;&nbsp;&nbsp;NMI_Handler
</UL>
<BR>[Called By]<UL><LI><a href="#[1]">&gt;&gt;</a>&nbsp;&nbsp;&nbsp;NMI_Handler
</UL>
<BR>[Address Reference Count : 1]<UL><LI> arm_startup_nrf51.o(RESET)
</UL>
<P><STRONG><a name="[2]"></a>HardFault_Handler</STRONG> (Thumb, 2 bytes, Stack size 0 bytes, arm_startup_nrf51.o(.text))
<BR><BR>[Calls]<UL><LI><a href="#[2]">&gt;&gt;</a>&nbsp;&nbsp;&nbsp;HardFault_Handler
</UL>
<BR>[Called By]<UL><LI><a href="#[2]">&gt;&gt;</a>&nbsp;&nbsp;&nbsp;HardFault_Handler
</UL>
<BR>[Address Reference Count : 1]<UL><LI> arm_startup_nrf51.o(RESET)
</UL>
<P><STRONG><a name="[3]"></a>SVC_Handler</STRONG> (Thumb, 2 bytes, Stack size 0 bytes, arm_startup_nrf51.o(.text))
<BR><BR>[Calls]<UL><LI><a href="#[3]">&gt;&gt;</a>&nbsp;&nbsp;&nbsp;SVC_Handler
</UL>
<BR>[Called By]<UL><LI><a href="#[3]">&gt;&gt;</a>&nbsp;&nbsp;&nbsp;SVC_Handler
</UL>
<BR>[Address Reference Count : 1]<UL><LI> arm_startup_nrf51.o(RESET)
</UL>
<P><STRONG><a name="[4]"></a>PendSV_Handler</STRONG> (Thumb, 2 bytes, Stack size 0 bytes, arm_startup_nrf51.o(.text))
<BR><BR>[Calls]<UL><LI><a href="#[4]">&gt;&gt;</a>&nbsp;&nbsp;&nbsp;PendSV_Handler
</UL>
<BR>[Called By]<UL><LI><a href="#[4]">&gt;&gt;</a>&nbsp;&nbsp;&nbsp;PendSV_Handler
</UL>
<BR>[Address Reference Count : 1]<UL><LI> arm_startup_nrf51.o(RESET)
</UL>
<P><STRONG><a name="[5]"></a>SysTick_Handler</STRONG> (Thumb, 2 bytes, Stack size 0 bytes, arm_startup_nrf51.o(.text))
<BR><BR>[Calls]<UL><LI><a href="#[5]">&gt;&gt;</a>&nbsp;&nbsp;&nbsp;SysTick_Handler
</UL>
<BR>[Called By]<UL><LI><a href="#[5]">&gt;&gt;</a>&nbsp;&nbsp;&nbsp;SysTick_Handler
</UL>
<BR>[Address Reference Count : 1]<UL><LI> arm_startup_nrf51.o(RESET)
</UL>
<P><STRONG><a name="[c]"></a>ADC_IRQHandler</STRONG> (Thumb, 0 bytes, Stack size 0 bytes, arm_startup_nrf51.o(.text))
<BR><BR>[Calls]<UL><LI><a href="#[c]">&gt;&gt;</a>&nbsp;&nbsp;&nbsp;ADC_IRQHandler
</UL>
<BR>[Called By]<UL><LI><a href="#[c]">&gt;&gt;</a>&nbsp;&nbsp;&nbsp;ADC_IRQHandler
</UL>
<BR>[Address Reference Count : 1]<UL><LI> arm_startup_nrf51.o(RESET)
</UL>
<P><STRONG><a name="[14]"></a>CCM_AAR_IRQHandler</STRONG> (Thumb, 0 bytes, Stack size 0 bytes, arm_startup_nrf51.o(.text))
<BR>[Address Reference Count : 1]<UL><LI> arm_startup_nrf51.o(RESET)
</UL>
<P><STRONG><a name="[13]"></a>ECB_IRQHandler</STRONG> (Thumb, 0 bytes, Stack size 0 bytes, arm_startup_nrf51.o(.text))
<BR>[Address Reference Count : 1]<UL><LI> arm_startup_nrf51.o(RESET)
</UL>
<P><STRONG><a name="[18]"></a>LPCOMP_IRQHandler</STRONG> (Thumb, 0 bytes, Stack size 0 bytes, arm_startup_nrf51.o(.text))
<BR>[Address Reference Count : 1]<UL><LI> arm_startup_nrf51.o(RESET)
</UL>
<P><STRONG><a name="[6]"></a>POWER_CLOCK_IRQHandler</STRONG> (Thumb, 0 bytes, Stack size 0 bytes, arm_startup_nrf51.o(.text))
<BR>[Address Reference Count : 1]<UL><LI> arm_startup_nrf51.o(RESET)
</UL>
<P><STRONG><a name="[17]"></a>QDEC_IRQHandler</STRONG> (Thumb, 0 bytes, Stack size 0 bytes, arm_startup_nrf51.o(.text))
<BR>[Address Reference Count : 1]<UL><LI> arm_startup_nrf51.o(RESET)
</UL>
<P><STRONG><a name="[7]"></a>RADIO_IRQHandler</STRONG> (Thumb, 0 bytes, Stack size 0 bytes, arm_startup_nrf51.o(.text))
<BR>[Address Reference Count : 1]<UL><LI> arm_startup_nrf51.o(RESET)
</UL>
<P><STRONG><a name="[12]"></a>RNG_IRQHandler</STRONG> (Thumb, 0 bytes, Stack size 0 bytes, arm_startup_nrf51.o(.text))
<BR>[Address Reference Count : 1]<UL><LI> arm_startup_nrf51.o(RESET)
</UL>
<P><STRONG><a name="[9]"></a>SPI0_TWI0_IRQHandler</STRONG> (Thumb, 0 bytes, Stack size 0 bytes, arm_startup_nrf51.o(.text))
<BR>[Address Reference Count : 1]<UL><LI> arm_startup_nrf51.o(RESET)
</UL>
<P><STRONG><a name="[a]"></a>SPI1_TWI1_IRQHandler</STRONG> (Thumb, 0 bytes, Stack size 0 bytes, arm_startup_nrf51.o(.text))
<BR>[Address Reference Count : 1]<UL><LI> arm_startup_nrf51.o(RESET)
</UL>
<P><STRONG><a name="[1a]"></a>SWI1_IRQHandler</STRONG> (Thumb, 0 bytes, Stack size 0 bytes, arm_startup_nrf51.o(.text))
<BR>[Address Reference Count : 1]<UL><LI> arm_startup_nrf51.o(RESET)
</UL>
<P><STRONG><a name="[1c]"></a>SWI3_IRQHandler</STRONG> (Thumb, 0 bytes, Stack size 0 bytes, arm_startup_nrf51.o(.text))
<BR>[Address Reference Count : 1]<UL><LI> arm_startup_nrf51.o(RESET)
</UL>
<P><STRONG><a name="[1d]"></a>SWI4_IRQHandler</STRONG> (Thumb, 0 bytes, Stack size 0 bytes, arm_startup_nrf51.o(.text))
<BR>[Address Reference Count : 1]<UL><LI> arm_startup_nrf51.o(RESET)
</UL>
<P><STRONG><a name="[1e]"></a>SWI5_IRQHandler</STRONG> (Thumb, 0 bytes, Stack size 0 bytes, arm_startup_nrf51.o(.text))
<BR>[Address Reference Count : 1]<UL><LI> arm_startup_nrf51.o(RESET)
</UL>
<P><STRONG><a name="[11]"></a>TEMP_IRQHandler</STRONG> (Thumb, 0 bytes, Stack size 0 bytes, arm_startup_nrf51.o(.text))
<BR>[Address Reference Count : 1]<UL><LI> arm_startup_nrf51.o(RESET)
</UL>
<P><STRONG><a name="[d]"></a>TIMER0_IRQHandler</STRONG> (Thumb, 0 bytes, Stack size 0 bytes, arm_startup_nrf51.o(.text))
<BR>[Address Reference Count : 1]<UL><LI> arm_startup_nrf51.o(RESET)
</UL>
<P><STRONG><a name="[e]"></a>TIMER1_IRQHandler</STRONG> (Thumb, 0 bytes, Stack size 0 bytes, arm_startup_nrf51.o(.text))
<BR>[Address Reference Count : 1]<UL><LI> arm_startup_nrf51.o(RESET)
</UL>
<P><STRONG><a name="[f]"></a>TIMER2_IRQHandler</STRONG> (Thumb, 0 bytes, Stack size 0 bytes, arm_startup_nrf51.o(.text))
<BR>[Address Reference Count : 1]<UL><LI> arm_startup_nrf51.o(RESET)
</UL>
<P><STRONG><a name="[15]"></a>WDT_IRQHandler</STRONG> (Thumb, 0 bytes, Stack size 0 bytes, arm_startup_nrf51.o(.text))
<BR>[Address Reference Count : 1]<UL><LI> arm_startup_nrf51.o(RESET)
</UL>
<P><STRONG><a name="[1d1]"></a>__aeabi_uidiv</STRONG> (Thumb, 0 bytes, Stack size 12 bytes, uidiv.o(.text), UNUSED)

<P><STRONG><a name="[52]"></a>__aeabi_uidivmod</STRONG> (Thumb, 44 bytes, Stack size 12 bytes, uidiv.o(.text))
<BR><BR>[Stack]<UL><LI>Max Depth = 12<LI>Call Chain = __aeabi_uidivmod
</UL>
<BR>[Called By]<UL><LI><a href="#[cc]">&gt;&gt;</a>&nbsp;&nbsp;&nbsp;Term
<LI><a href="#[a3]">&gt;&gt;</a>&nbsp;&nbsp;&nbsp;Grad
<LI><a href="#[144]">&gt;&gt;</a>&nbsp;&nbsp;&nbsp;bsp_led_indication
<LI><a href="#[7e]">&gt;&gt;</a>&nbsp;&nbsp;&nbsp;EPD_1IN54_ObjDataOperation
<LI><a href="#[9c]">&gt;&gt;</a>&nbsp;&nbsp;&nbsp;EPD_1IN54_outIntString
<LI><a href="#[167]">&gt;&gt;</a>&nbsp;&nbsp;&nbsp;pstorage_clear
<LI><a href="#[32]">&gt;&gt;</a>&nbsp;&nbsp;&nbsp;dm_pstorage_cb_handler
<LI><a href="#[44]">&gt;&gt;</a>&nbsp;&nbsp;&nbsp;state_swap_erase_entry_run
<LI><a href="#[47]">&gt;&gt;</a>&nbsp;&nbsp;&nbsp;state_restore_tail_entry_run
<LI><a href="#[1b5]">&gt;&gt;</a>&nbsp;&nbsp;&nbsp;state_data_erase_swap_entry_run
<LI><a href="#[1ad]">&gt;&gt;</a>&nbsp;&nbsp;&nbsp;pstorage_flash_page_end
<LI><a href="#[17b]">&gt;&gt;</a>&nbsp;&nbsp;&nbsp;is_tail_data_page_swap_required
<LI><a href="#[15e]">&gt;&gt;</a>&nbsp;&nbsp;&nbsp;is_page_erase_required
<LI><a href="#[147]">&gt;&gt;</a>&nbsp;&nbsp;&nbsp;clear_operation_execute
<LI><a href="#[51]">&gt;&gt;</a>&nbsp;&nbsp;&nbsp;__aeabi_idivmod
</UL>

<P><STRONG><a name="[1d2]"></a>__aeabi_idiv</STRONG> (Thumb, 0 bytes, Stack size 16 bytes, idiv.o(.text), UNUSED)

<P><STRONG><a name="[51]"></a>__aeabi_idivmod</STRONG> (Thumb, 40 bytes, Stack size 16 bytes, idiv.o(.text))
<BR><BR>[Stack]<UL><LI>Max Depth = 28<LI>Call Chain = __aeabi_idivmod &rArr; __aeabi_uidivmod
</UL>
<BR>[Calls]<UL><LI><a href="#[52]">&gt;&gt;</a>&nbsp;&nbsp;&nbsp;__aeabi_uidivmod
</UL>
<BR>[Called By]<UL><LI><a href="#[7e]">&gt;&gt;</a>&nbsp;&nbsp;&nbsp;EPD_1IN54_ObjDataOperation
<LI><a href="#[69]">&gt;&gt;</a>&nbsp;&nbsp;&nbsp;EPD_1IN54_myDrawStringPixelLength
<LI><a href="#[8e]">&gt;&gt;</a>&nbsp;&nbsp;&nbsp;EPD_1IN54_StringRamPixelLength
<LI><a href="#[88]">&gt;&gt;</a>&nbsp;&nbsp;&nbsp;EPD_1IN54_LineX
<LI><a href="#[16f]">&gt;&gt;</a>&nbsp;&nbsp;&nbsp;pstorage_register
<LI><a href="#[167]">&gt;&gt;</a>&nbsp;&nbsp;&nbsp;pstorage_clear
<LI><a href="#[149]">&gt;&gt;</a>&nbsp;&nbsp;&nbsp;tail_word_size_calculate
</UL>

<P><STRONG><a name="[96]"></a>__aeabi_llsl</STRONG> (Thumb, 32 bytes, Stack size 8 bytes, llshl.o(.text))
<BR><BR>[Stack]<UL><LI>Max Depth = 8<LI>Call Chain = __aeabi_llsl
</UL>
<BR>[Called By]<UL><LI><a href="#[9b]">&gt;&gt;</a>&nbsp;&nbsp;&nbsp;EPD_1IN54_outString
<LI><a href="#[9c]">&gt;&gt;</a>&nbsp;&nbsp;&nbsp;EPD_1IN54_outIntString
<LI><a href="#[8f]">&gt;&gt;</a>&nbsp;&nbsp;&nbsp;EPD_1IN54_PrintRamString
</UL>

<P><STRONG><a name="[1d3]"></a>_ll_shift_l</STRONG> (Thumb, 0 bytes, Stack size 8 bytes, llshl.o(.text), UNUSED)

<P><STRONG><a name="[97]"></a>__aeabi_llsr</STRONG> (Thumb, 34 bytes, Stack size 8 bytes, llushr.o(.text))
<BR><BR>[Stack]<UL><LI>Max Depth = 8<LI>Call Chain = __aeabi_llsr
</UL>
<BR>[Called By]<UL><LI><a href="#[9b]">&gt;&gt;</a>&nbsp;&nbsp;&nbsp;EPD_1IN54_outString
<LI><a href="#[9c]">&gt;&gt;</a>&nbsp;&nbsp;&nbsp;EPD_1IN54_outIntString
<LI><a href="#[8f]">&gt;&gt;</a>&nbsp;&nbsp;&nbsp;EPD_1IN54_PrintRamString
</UL>

<P><STRONG><a name="[1d4]"></a>_ll_ushift_r</STRONG> (Thumb, 0 bytes, Stack size 8 bytes, llushr.o(.text), UNUSED)

<P><STRONG><a name="[9d]"></a>__aeabi_memcpy</STRONG> (Thumb, 36 bytes, Stack size 0 bytes, memcpya.o(.text))
<BR><BR>[Called By]<UL><LI><a href="#[16b]">&gt;&gt;</a>&nbsp;&nbsp;&nbsp;dm_register
<LI><a href="#[12f]">&gt;&gt;</a>&nbsp;&nbsp;&nbsp;dm_ble_evt_handler
<LI><a href="#[123]">&gt;&gt;</a>&nbsp;&nbsp;&nbsp;ble_conn_params_init
<LI><a href="#[36]">&gt;&gt;</a>&nbsp;&nbsp;&nbsp;battery_level_meas_timeout_handler
<LI><a href="#[a4]">&gt;&gt;</a>&nbsp;&nbsp;&nbsp;KeyReaction
<LI><a href="#[68]">&gt;&gt;</a>&nbsp;&nbsp;&nbsp;FontSettings
<LI><a href="#[e4]">&gt;&gt;</a>&nbsp;&nbsp;&nbsp;service_data_encode
<LI><a href="#[e3]">&gt;&gt;</a>&nbsp;&nbsp;&nbsp;manuf_specific_data_encode
<LI><a href="#[dd]">&gt;&gt;</a>&nbsp;&nbsp;&nbsp;ble_device_addr_encode
<LI><a href="#[13c]">&gt;&gt;</a>&nbsp;&nbsp;&nbsp;pstorage_load
<LI><a href="#[163]">&gt;&gt;</a>&nbsp;&nbsp;&nbsp;device_instance_allocate
<LI><a href="#[125]">&gt;&gt;</a>&nbsp;&nbsp;&nbsp;on_connect
<LI><a href="#[128]">&gt;&gt;</a>&nbsp;&nbsp;&nbsp;on_conn_params_update
</UL>

<P><STRONG><a name="[10a]"></a>__aeabi_memcpy4</STRONG> (Thumb, 0 bytes, Stack size 0 bytes, memcpya.o(.text))
<BR><BR>[Called By]<UL><LI><a href="#[123]">&gt;&gt;</a>&nbsp;&nbsp;&nbsp;ble_conn_params_init
<LI><a href="#[e9]">&gt;&gt;</a>&nbsp;&nbsp;&nbsp;ble_advertising_init
<LI><a href="#[39]">&gt;&gt;</a>&nbsp;&nbsp;&nbsp;gatts_context_store
</UL>

<P><STRONG><a name="[1d5]"></a>__aeabi_memcpy8</STRONG> (Thumb, 0 bytes, Stack size 0 bytes, memcpya.o(.text), UNUSED)

<P><STRONG><a name="[54]"></a>__aeabi_memset</STRONG> (Thumb, 14 bytes, Stack size 0 bytes, memseta.o(.text))
<BR><BR>[Called By]<UL><LI><a href="#[55]">&gt;&gt;</a>&nbsp;&nbsp;&nbsp;_memset$wrapper
<LI><a href="#[53]">&gt;&gt;</a>&nbsp;&nbsp;&nbsp;__aeabi_memclr
</UL>

<P><STRONG><a name="[1d6]"></a>__aeabi_memset4</STRONG> (Thumb, 0 bytes, Stack size 0 bytes, memseta.o(.text), UNUSED)

<P><STRONG><a name="[1d7]"></a>__aeabi_memset8</STRONG> (Thumb, 0 bytes, Stack size 0 bytes, memseta.o(.text), UNUSED)

<P><STRONG><a name="[53]"></a>__aeabi_memclr</STRONG> (Thumb, 4 bytes, Stack size 0 bytes, memseta.o(.text))
<BR><BR>[Calls]<UL><LI><a href="#[54]">&gt;&gt;</a>&nbsp;&nbsp;&nbsp;__aeabi_memset
</UL>
<BR>[Called By]<UL><LI><a href="#[5d]">&gt;&gt;</a>&nbsp;&nbsp;&nbsp;device_manager_init
<LI><a href="#[168]">&gt;&gt;</a>&nbsp;&nbsp;&nbsp;peer_instance_init
<LI><a href="#[15c]">&gt;&gt;</a>&nbsp;&nbsp;&nbsp;connection_instance_init
<LI><a href="#[10b]">&gt;&gt;</a>&nbsp;&nbsp;&nbsp;ble_advertising_peer_address_clear
</UL>

<P><STRONG><a name="[e8]"></a>__aeabi_memclr4</STRONG> (Thumb, 0 bytes, Stack size 0 bytes, memseta.o(.text))
<BR><BR>[Called By]<UL><LI><a href="#[135]">&gt;&gt;</a>&nbsp;&nbsp;&nbsp;softdevice_enable_get_default_config
<LI><a href="#[16a]">&gt;&gt;</a>&nbsp;&nbsp;&nbsp;dm_init
<LI><a href="#[12f]">&gt;&gt;</a>&nbsp;&nbsp;&nbsp;dm_ble_evt_handler
<LI><a href="#[63]">&gt;&gt;</a>&nbsp;&nbsp;&nbsp;ble_advertising_start
<LI><a href="#[e9]">&gt;&gt;</a>&nbsp;&nbsp;&nbsp;ble_advertising_init
<LI><a href="#[60]">&gt;&gt;</a>&nbsp;&nbsp;&nbsp;services_init
<LI><a href="#[61]">&gt;&gt;</a>&nbsp;&nbsp;&nbsp;conn_params_init
<LI><a href="#[5f]">&gt;&gt;</a>&nbsp;&nbsp;&nbsp;advertising_init
<LI><a href="#[39]">&gt;&gt;</a>&nbsp;&nbsp;&nbsp;gatts_context_store
<LI><a href="#[32]">&gt;&gt;</a>&nbsp;&nbsp;&nbsp;dm_pstorage_cb_handler
<LI><a href="#[12c]">&gt;&gt;</a>&nbsp;&nbsp;&nbsp;char_add
<LI><a href="#[118]">&gt;&gt;</a>&nbsp;&nbsp;&nbsp;bps_measurement_char_add
<LI><a href="#[119]">&gt;&gt;</a>&nbsp;&nbsp;&nbsp;bps_feature_char_add
<LI><a href="#[102]">&gt;&gt;</a>&nbsp;&nbsp;&nbsp;battery_level_char_add
</UL>

<P><STRONG><a name="[1d8]"></a>__aeabi_memclr8</STRONG> (Thumb, 0 bytes, Stack size 0 bytes, memseta.o(.text), UNUSED)

<P><STRONG><a name="[55]"></a>_memset$wrapper</STRONG> (Thumb, 18 bytes, Stack size 8 bytes, memseta.o(.text), UNUSED)
<BR><BR>[Calls]<UL><LI><a href="#[54]">&gt;&gt;</a>&nbsp;&nbsp;&nbsp;__aeabi_memset
</UL>

<P><STRONG><a name="[133]"></a>strlen</STRONG> (Thumb, 14 bytes, Stack size 0 bytes, strlen.o(.text))
<BR><BR>[Called By]<UL><LI><a href="#[132]">&gt;&gt;</a>&nbsp;&nbsp;&nbsp;ble_srv_ascii_to_utf8
</UL>

<P><STRONG><a name="[165]"></a>memcmp</STRONG> (Thumb, 26 bytes, Stack size 12 bytes, memcmp.o(.text))
<BR><BR>[Stack]<UL><LI>Max Depth = 12<LI>Call Chain = memcmp
</UL>
<BR>[Called By]<UL><LI><a href="#[39]">&gt;&gt;</a>&nbsp;&nbsp;&nbsp;gatts_context_store
<LI><a href="#[32]">&gt;&gt;</a>&nbsp;&nbsp;&nbsp;dm_pstorage_cb_handler
<LI><a href="#[164]">&gt;&gt;</a>&nbsp;&nbsp;&nbsp;device_instance_find
</UL>

<P><STRONG><a name="[4f]"></a>__scatterload</STRONG> (Thumb, 28 bytes, Stack size 0 bytes, init.o(.text))
<BR><BR>[Calls]<UL><LI><a href="#[56]">&gt;&gt;</a>&nbsp;&nbsp;&nbsp;__main_after_scatterload
</UL>
<BR>[Called By]<UL><LI><a href="#[4e]">&gt;&gt;</a>&nbsp;&nbsp;&nbsp;_main_scatterload
</UL>

<P><STRONG><a name="[1d9]"></a>__scatterload_rt2</STRONG> (Thumb, 0 bytes, Stack size 0 bytes, init.o(.text), UNUSED)

<P><STRONG><a name="[1da]"></a>__decompress</STRONG> (Thumb, 0 bytes, Stack size unknown bytes, __dczerorl.o(.text), UNUSED)

<P><STRONG><a name="[1db]"></a>__decompress0</STRONG> (Thumb, 58 bytes, Stack size unknown bytes, __dczerorl.o(.text), UNUSED)

<P><STRONG><a name="[57]"></a>BLE_power_manage</STRONG> (Thumb, 28 bytes, Stack size 16 bytes, myble.o(i.BLE_power_manage))
<BR><BR>[Stack]<UL><LI>Max Depth = 32<LI>Call Chain = BLE_power_manage &rArr; app_error_handler_bare
</UL>
<BR>[Calls]<UL><LI><a href="#[58]">&gt;&gt;</a>&nbsp;&nbsp;&nbsp;app_error_handler_bare
</UL>
<BR>[Called By]<UL><LI><a href="#[1f]">&gt;&gt;</a>&nbsp;&nbsp;&nbsp;main
</UL>

<P><STRONG><a name="[59]"></a>Ble_Init</STRONG> (Thumb, 72 bytes, Stack size 16 bytes, myble.o(i.Ble_Init))
<BR><BR>[Stack]<UL><LI>Max Depth = 408<LI>Call Chain = Ble_Init &rArr; advertising_init &rArr; ble_advertising_init &rArr; ble_advdata_set &rArr; adv_data_encode &rArr; uuid_list_encode &rArr; uuid_list_sized_encode
</UL>
<BR>[Calls]<UL><LI><a href="#[63]">&gt;&gt;</a>&nbsp;&nbsp;&nbsp;ble_advertising_start
<LI><a href="#[5a]">&gt;&gt;</a>&nbsp;&nbsp;&nbsp;timers_init
<LI><a href="#[60]">&gt;&gt;</a>&nbsp;&nbsp;&nbsp;services_init
<LI><a href="#[5e]">&gt;&gt;</a>&nbsp;&nbsp;&nbsp;gap_params_init
<LI><a href="#[5d]">&gt;&gt;</a>&nbsp;&nbsp;&nbsp;device_manager_init
<LI><a href="#[61]">&gt;&gt;</a>&nbsp;&nbsp;&nbsp;conn_params_init
<LI><a href="#[5b]">&gt;&gt;</a>&nbsp;&nbsp;&nbsp;buttons_leds_init
<LI><a href="#[5c]">&gt;&gt;</a>&nbsp;&nbsp;&nbsp;ble_stack_init
<LI><a href="#[62]">&gt;&gt;</a>&nbsp;&nbsp;&nbsp;application_timers_start
<LI><a href="#[5f]">&gt;&gt;</a>&nbsp;&nbsp;&nbsp;advertising_init
<LI><a href="#[58]">&gt;&gt;</a>&nbsp;&nbsp;&nbsp;app_error_handler_bare
</UL>
<BR>[Called By]<UL><LI><a href="#[1f]">&gt;&gt;</a>&nbsp;&nbsp;&nbsp;main
</UL>

<P><STRONG><a name="[b1]"></a>ClearStack</STRONG> (Thumb, 70 bytes, Stack size 0 bytes, myepaperobjektfunction.o(i.ClearStack))
<BR><BR>[Called By]<UL><LI><a href="#[ab]">&gt;&gt;</a>&nbsp;&nbsp;&nbsp;LoadRamParams
</UL>

<P><STRONG><a name="[64]"></a>EPD_1IN54_Clear</STRONG> (Thumb, 24 bytes, Stack size 8 bytes, myepaper.o(i.EPD_1IN54_Clear))
<BR><BR>[Stack]<UL><LI>Max Depth = 144<LI>Call Chain = EPD_1IN54_Clear &rArr; EPD_1IN54_PrintFillRectagle &rArr; EPD_1IN54_SetFrame &rArr; EPD_1IN54_SetWindow &rArr; SendData &rArr; SpiSendByte &rArr; Soft_Spi_Transmit
</UL>
<BR>[Calls]<UL><LI><a href="#[66]">&gt;&gt;</a>&nbsp;&nbsp;&nbsp;EPD_1IN54_TurnOnDisplay
<LI><a href="#[65]">&gt;&gt;</a>&nbsp;&nbsp;&nbsp;EPD_1IN54_PrintFillRectagle
</UL>
<BR>[Called By]<UL><LI><a href="#[a4]">&gt;&gt;</a>&nbsp;&nbsp;&nbsp;KeyReaction
<LI><a href="#[a5]">&gt;&gt;</a>&nbsp;&nbsp;&nbsp;KeyRun
</UL>

<P><STRONG><a name="[67]"></a>EPD_1IN54_DrawMemo</STRONG> (Thumb, 520 bytes, Stack size 72 bytes, myepaperobjektfunction.o(i.EPD_1IN54_DrawMemo))
<BR><BR>[Stack]<UL><LI>Max Depth = 304<LI>Call Chain = EPD_1IN54_DrawMemo &rArr; EPD_1IN54_myDrawString &rArr; EPD_1IN54_outIntString &rArr; SendData &rArr; SpiSendByte &rArr; Soft_Spi_Transmit
</UL>
<BR>[Calls]<UL><LI><a href="#[68]">&gt;&gt;</a>&nbsp;&nbsp;&nbsp;FontSettings
<LI><a href="#[69]">&gt;&gt;</a>&nbsp;&nbsp;&nbsp;EPD_1IN54_myDrawStringPixelLength
<LI><a href="#[6a]">&gt;&gt;</a>&nbsp;&nbsp;&nbsp;EPD_1IN54_myDrawString
<LI><a href="#[65]">&gt;&gt;</a>&nbsp;&nbsp;&nbsp;EPD_1IN54_PrintFillRectagle
</UL>
<BR>[Called By]<UL><LI><a href="#[80]">&gt;&gt;</a>&nbsp;&nbsp;&nbsp;EPD_1IN54_DrawObjectParamList
<LI><a href="#[7a]">&gt;&gt;</a>&nbsp;&nbsp;&nbsp;EPD_1IN54_DrawObjectMemo
<LI><a href="#[7f]">&gt;&gt;</a>&nbsp;&nbsp;&nbsp;EPD_1IN54_DrawObjectList
</UL>

<P><STRONG><a name="[6b]"></a>EPD_1IN54_DrawObjScrin</STRONG> (Thumb, 72 bytes, Stack size 24 bytes, myepaperobjektfunction.o(i.EPD_1IN54_DrawObjScrin))
<BR><BR>[Stack]<UL><LI>Max Depth = 544<LI>Call Chain = EPD_1IN54_DrawObjScrin &rArr; EPD_1IN54_DrawObject &rArr; EPD_1IN54_DrawObjectTextListGroup &rArr; EPD_1IN54_DrawTextList &rArr; EPD_1IN54_PrintRamString &rArr; EPD_1IN54_SetFrame &rArr; EPD_1IN54_SetWindow &rArr; SendData &rArr; SpiSendByte &rArr; Soft_Spi_Transmit
</UL>
<BR>[Calls]<UL><LI><a href="#[6d]">&gt;&gt;</a>&nbsp;&nbsp;&nbsp;findhash
<LI><a href="#[6c]">&gt;&gt;</a>&nbsp;&nbsp;&nbsp;EPD_1IN54_DrawObject
</UL>
<BR>[Called By]<UL><LI><a href="#[a4]">&gt;&gt;</a>&nbsp;&nbsp;&nbsp;KeyReaction
<LI><a href="#[6e]">&gt;&gt;</a>&nbsp;&nbsp;&nbsp;EPD_1IN54_DrawObjStartScrin
<LI><a href="#[a5]">&gt;&gt;</a>&nbsp;&nbsp;&nbsp;KeyRun
<LI><a href="#[9a]">&gt;&gt;</a>&nbsp;&nbsp;&nbsp;GoToCommand
<LI><a href="#[84]">&gt;&gt;</a>&nbsp;&nbsp;&nbsp;EPD_1IN54_DrawPartObject
</UL>

<P><STRONG><a name="[6e]"></a>EPD_1IN54_DrawObjStartScrin</STRONG> (Thumb, 132 bytes, Stack size 16 bytes, myepaperobjektfunction.o(i.EPD_1IN54_DrawObjStartScrin))
<BR><BR>[Stack]<UL><LI>Max Depth = 560<LI>Call Chain = EPD_1IN54_DrawObjStartScrin &rArr; EPD_1IN54_DrawObjScrin &rArr; EPD_1IN54_DrawObject &rArr; EPD_1IN54_DrawObjectTextListGroup &rArr; EPD_1IN54_DrawTextList &rArr; EPD_1IN54_PrintRamString &rArr; EPD_1IN54_SetFrame &rArr; EPD_1IN54_SetWindow &rArr; SendData &rArr; SpiSendByte &rArr; Soft_Spi_Transmit
</UL>
<BR>[Calls]<UL><LI><a href="#[73]">&gt;&gt;</a>&nbsp;&nbsp;&nbsp;Spi_While_ms
<LI><a href="#[74]">&gt;&gt;</a>&nbsp;&nbsp;&nbsp;getCurentScrin
<LI><a href="#[6b]">&gt;&gt;</a>&nbsp;&nbsp;&nbsp;EPD_1IN54_DrawObjScrin
<LI><a href="#[6f]">&gt;&gt;</a>&nbsp;&nbsp;&nbsp;WaitUntilIdle
<LI><a href="#[72]">&gt;&gt;</a>&nbsp;&nbsp;&nbsp;SendData
<LI><a href="#[71]">&gt;&gt;</a>&nbsp;&nbsp;&nbsp;SendCommand
<LI><a href="#[70]">&gt;&gt;</a>&nbsp;&nbsp;&nbsp;MyePaperInit
<LI><a href="#[66]">&gt;&gt;</a>&nbsp;&nbsp;&nbsp;EPD_1IN54_TurnOnDisplay
<LI><a href="#[65]">&gt;&gt;</a>&nbsp;&nbsp;&nbsp;EPD_1IN54_PrintFillRectagle
</UL>
<BR>[Called By]<UL><LI><a href="#[33]">&gt;&gt;</a>&nbsp;&nbsp;&nbsp;rtc_handler
</UL>

<P><STRONG><a name="[6c]"></a>EPD_1IN54_DrawObject</STRONG> (Thumb, 232 bytes, Stack size 16 bytes, myepaperobjektfunction.o(i.EPD_1IN54_DrawObject))
<BR><BR>[Stack]<UL><LI>Max Depth = 520<LI>Call Chain = EPD_1IN54_DrawObject &rArr; EPD_1IN54_DrawObjectTextListGroup &rArr; EPD_1IN54_DrawTextList &rArr; EPD_1IN54_PrintRamString &rArr; EPD_1IN54_SetFrame &rArr; EPD_1IN54_SetWindow &rArr; SendData &rArr; SpiSendByte &rArr; Soft_Spi_Transmit
</UL>
<BR>[Calls]<UL><LI><a href="#[7d]">&gt;&gt;</a>&nbsp;&nbsp;&nbsp;EPD_1IN54_WriteObjKey
<LI><a href="#[7c]">&gt;&gt;</a>&nbsp;&nbsp;&nbsp;EPD_1IN54_StartObjRun
<LI><a href="#[7e]">&gt;&gt;</a>&nbsp;&nbsp;&nbsp;EPD_1IN54_ObjDataOperation
<LI><a href="#[84]">&gt;&gt;</a>&nbsp;&nbsp;&nbsp;EPD_1IN54_DrawPartObject
<LI><a href="#[83]">&gt;&gt;</a>&nbsp;&nbsp;&nbsp;EPD_1IN54_DrawObjectTextListGroup
<LI><a href="#[85]">&gt;&gt;</a>&nbsp;&nbsp;&nbsp;EPD_1IN54_DrawObjectTextList
<LI><a href="#[86]">&gt;&gt;</a>&nbsp;&nbsp;&nbsp;EPD_1IN54_DrawObjectText
<LI><a href="#[75]">&gt;&gt;</a>&nbsp;&nbsp;&nbsp;EPD_1IN54_DrawObjectString
<LI><a href="#[76]">&gt;&gt;</a>&nbsp;&nbsp;&nbsp;EPD_1IN54_DrawObjectSelCheckMenu
<LI><a href="#[77]">&gt;&gt;</a>&nbsp;&nbsp;&nbsp;EPD_1IN54_DrawObjectPicture
<LI><a href="#[80]">&gt;&gt;</a>&nbsp;&nbsp;&nbsp;EPD_1IN54_DrawObjectParamList
<LI><a href="#[7a]">&gt;&gt;</a>&nbsp;&nbsp;&nbsp;EPD_1IN54_DrawObjectMemo
<LI><a href="#[7f]">&gt;&gt;</a>&nbsp;&nbsp;&nbsp;EPD_1IN54_DrawObjectList
<LI><a href="#[78]">&gt;&gt;</a>&nbsp;&nbsp;&nbsp;EPD_1IN54_DrawObjectKeyRigth
<LI><a href="#[79]">&gt;&gt;</a>&nbsp;&nbsp;&nbsp;EPD_1IN54_DrawObjectKeyLeft
<LI><a href="#[7b]">&gt;&gt;</a>&nbsp;&nbsp;&nbsp;EPD_1IN54_DrawObjectItemString
<LI><a href="#[82]">&gt;&gt;</a>&nbsp;&nbsp;&nbsp;EPD_1IN54_DrawObjectIntString
<LI><a href="#[81]">&gt;&gt;</a>&nbsp;&nbsp;&nbsp;EPD_1IN54_DrawObjectFsSelCheckMenu
</UL>
<BR>[Called By]<UL><LI><a href="#[6b]">&gt;&gt;</a>&nbsp;&nbsp;&nbsp;EPD_1IN54_DrawObjScrin
</UL>

<P><STRONG><a name="[81]"></a>EPD_1IN54_DrawObjectFsSelCheckMenu</STRONG> (Thumb, 522 bytes, Stack size 128 bytes, myepaperobjektfunction.o(i.EPD_1IN54_DrawObjectFsSelCheckMenu))
<BR><BR>[Stack]<UL><LI>Max Depth = 360<LI>Call Chain = EPD_1IN54_DrawObjectFsSelCheckMenu &rArr; EPD_1IN54_myDrawString &rArr; EPD_1IN54_outIntString &rArr; SendData &rArr; SpiSendByte &rArr; Soft_Spi_Transmit
</UL>
<BR>[Calls]<UL><LI><a href="#[68]">&gt;&gt;</a>&nbsp;&nbsp;&nbsp;FontSettings
<LI><a href="#[69]">&gt;&gt;</a>&nbsp;&nbsp;&nbsp;EPD_1IN54_myDrawStringPixelLength
<LI><a href="#[6a]">&gt;&gt;</a>&nbsp;&nbsp;&nbsp;EPD_1IN54_myDrawString
</UL>
<BR>[Called By]<UL><LI><a href="#[6c]">&gt;&gt;</a>&nbsp;&nbsp;&nbsp;EPD_1IN54_DrawObject
</UL>

<P><STRONG><a name="[82]"></a>EPD_1IN54_DrawObjectIntString</STRONG> (Thumb, 94 bytes, Stack size 40 bytes, myepaperobjektfunction.o(i.EPD_1IN54_DrawObjectIntString))
<BR><BR>[Stack]<UL><LI>Max Depth = 272<LI>Call Chain = EPD_1IN54_DrawObjectIntString &rArr; EPD_1IN54_myDrawString &rArr; EPD_1IN54_outIntString &rArr; SendData &rArr; SpiSendByte &rArr; Soft_Spi_Transmit
</UL>
<BR>[Calls]<UL><LI><a href="#[6a]">&gt;&gt;</a>&nbsp;&nbsp;&nbsp;EPD_1IN54_myDrawString
</UL>
<BR>[Called By]<UL><LI><a href="#[6c]">&gt;&gt;</a>&nbsp;&nbsp;&nbsp;EPD_1IN54_DrawObject
</UL>

<P><STRONG><a name="[7b]"></a>EPD_1IN54_DrawObjectItemString</STRONG> (Thumb, 146 bytes, Stack size 56 bytes, myepaperobjektfunction.o(i.EPD_1IN54_DrawObjectItemString))
<BR><BR>[Stack]<UL><LI>Max Depth = 288<LI>Call Chain = EPD_1IN54_DrawObjectItemString &rArr; EPD_1IN54_myDrawString &rArr; EPD_1IN54_outIntString &rArr; SendData &rArr; SpiSendByte &rArr; Soft_Spi_Transmit
</UL>
<BR>[Calls]<UL><LI><a href="#[6a]">&gt;&gt;</a>&nbsp;&nbsp;&nbsp;EPD_1IN54_myDrawString
</UL>
<BR>[Called By]<UL><LI><a href="#[6c]">&gt;&gt;</a>&nbsp;&nbsp;&nbsp;EPD_1IN54_DrawObject
</UL>

<P><STRONG><a name="[79]"></a>EPD_1IN54_DrawObjectKeyLeft</STRONG> (Thumb, 60 bytes, Stack size 40 bytes, myepaperobjektfunction.o(i.EPD_1IN54_DrawObjectKeyLeft))
<BR><BR>[Stack]<UL><LI>Max Depth = 200<LI>Call Chain = EPD_1IN54_DrawObjectKeyLeft &rArr; EPD_1IN54_LineX &rArr; EPD_1IN54_SetFrame &rArr; EPD_1IN54_SetWindow &rArr; SendData &rArr; SpiSendByte &rArr; Soft_Spi_Transmit
</UL>
<BR>[Calls]<UL><LI><a href="#[87]">&gt;&gt;</a>&nbsp;&nbsp;&nbsp;EPD_1IN54_LineY
<LI><a href="#[88]">&gt;&gt;</a>&nbsp;&nbsp;&nbsp;EPD_1IN54_LineX
</UL>
<BR>[Called By]<UL><LI><a href="#[6c]">&gt;&gt;</a>&nbsp;&nbsp;&nbsp;EPD_1IN54_DrawObject
</UL>

<P><STRONG><a name="[78]"></a>EPD_1IN54_DrawObjectKeyRigth</STRONG> (Thumb, 60 bytes, Stack size 40 bytes, myepaperobjektfunction.o(i.EPD_1IN54_DrawObjectKeyRigth))
<BR><BR>[Stack]<UL><LI>Max Depth = 200<LI>Call Chain = EPD_1IN54_DrawObjectKeyRigth &rArr; EPD_1IN54_LineX &rArr; EPD_1IN54_SetFrame &rArr; EPD_1IN54_SetWindow &rArr; SendData &rArr; SpiSendByte &rArr; Soft_Spi_Transmit
</UL>
<BR>[Calls]<UL><LI><a href="#[87]">&gt;&gt;</a>&nbsp;&nbsp;&nbsp;EPD_1IN54_LineY
<LI><a href="#[88]">&gt;&gt;</a>&nbsp;&nbsp;&nbsp;EPD_1IN54_LineX
</UL>
<BR>[Called By]<UL><LI><a href="#[6c]">&gt;&gt;</a>&nbsp;&nbsp;&nbsp;EPD_1IN54_DrawObject
</UL>

<P><STRONG><a name="[7f]"></a>EPD_1IN54_DrawObjectList</STRONG> (Thumb, 242 bytes, Stack size 104 bytes, myepaperobjektfunction.o(i.EPD_1IN54_DrawObjectList))
<BR><BR>[Stack]<UL><LI>Max Depth = 408<LI>Call Chain = EPD_1IN54_DrawObjectList &rArr; EPD_1IN54_DrawMemo &rArr; EPD_1IN54_myDrawString &rArr; EPD_1IN54_outIntString &rArr; SendData &rArr; SpiSendByte &rArr; Soft_Spi_Transmit
</UL>
<BR>[Calls]<UL><LI><a href="#[89]">&gt;&gt;</a>&nbsp;&nbsp;&nbsp;GetArrayGoals
<LI><a href="#[67]">&gt;&gt;</a>&nbsp;&nbsp;&nbsp;EPD_1IN54_DrawMemo
<LI><a href="#[65]">&gt;&gt;</a>&nbsp;&nbsp;&nbsp;EPD_1IN54_PrintFillRectagle
</UL>
<BR>[Called By]<UL><LI><a href="#[6c]">&gt;&gt;</a>&nbsp;&nbsp;&nbsp;EPD_1IN54_DrawObject
</UL>

<P><STRONG><a name="[7a]"></a>EPD_1IN54_DrawObjectMemo</STRONG> (Thumb, 72 bytes, Stack size 72 bytes, myepaperobjektfunction.o(i.EPD_1IN54_DrawObjectMemo))
<BR><BR>[Stack]<UL><LI>Max Depth = 376<LI>Call Chain = EPD_1IN54_DrawObjectMemo &rArr; EPD_1IN54_DrawMemo &rArr; EPD_1IN54_myDrawString &rArr; EPD_1IN54_outIntString &rArr; SendData &rArr; SpiSendByte &rArr; Soft_Spi_Transmit
</UL>
<BR>[Calls]<UL><LI><a href="#[67]">&gt;&gt;</a>&nbsp;&nbsp;&nbsp;EPD_1IN54_DrawMemo
</UL>
<BR>[Called By]<UL><LI><a href="#[6c]">&gt;&gt;</a>&nbsp;&nbsp;&nbsp;EPD_1IN54_DrawObject
</UL>

<P><STRONG><a name="[80]"></a>EPD_1IN54_DrawObjectParamList</STRONG> (Thumb, 100 bytes, Stack size 80 bytes, myepaperobjektfunction.o(i.EPD_1IN54_DrawObjectParamList))
<BR><BR>[Stack]<UL><LI>Max Depth = 384<LI>Call Chain = EPD_1IN54_DrawObjectParamList &rArr; EPD_1IN54_DrawMemo &rArr; EPD_1IN54_myDrawString &rArr; EPD_1IN54_outIntString &rArr; SendData &rArr; SpiSendByte &rArr; Soft_Spi_Transmit
</UL>
<BR>[Calls]<UL><LI><a href="#[89]">&gt;&gt;</a>&nbsp;&nbsp;&nbsp;GetArrayGoals
<LI><a href="#[67]">&gt;&gt;</a>&nbsp;&nbsp;&nbsp;EPD_1IN54_DrawMemo
</UL>
<BR>[Called By]<UL><LI><a href="#[6c]">&gt;&gt;</a>&nbsp;&nbsp;&nbsp;EPD_1IN54_DrawObject
</UL>

<P><STRONG><a name="[77]"></a>EPD_1IN54_DrawObjectPicture</STRONG> (Thumb, 38 bytes, Stack size 24 bytes, myepaperobjektfunction.o(i.EPD_1IN54_DrawObjectPicture))
<BR><BR>[Stack]<UL><LI>Max Depth = 168<LI>Call Chain = EPD_1IN54_DrawObjectPicture &rArr; EPD_1IN54_PrintPicture &rArr; EPD_1IN54_SetFrame &rArr; EPD_1IN54_SetWindow &rArr; SendData &rArr; SpiSendByte &rArr; Soft_Spi_Transmit
</UL>
<BR>[Calls]<UL><LI><a href="#[8a]">&gt;&gt;</a>&nbsp;&nbsp;&nbsp;getPicture
<LI><a href="#[8b]">&gt;&gt;</a>&nbsp;&nbsp;&nbsp;EPD_1IN54_PrintPicture
</UL>
<BR>[Called By]<UL><LI><a href="#[6c]">&gt;&gt;</a>&nbsp;&nbsp;&nbsp;EPD_1IN54_DrawObject
</UL>

<P><STRONG><a name="[76]"></a>EPD_1IN54_DrawObjectSelCheckMenu</STRONG> (Thumb, 378 bytes, Stack size 104 bytes, myepaperobjektfunction.o(i.EPD_1IN54_DrawObjectSelCheckMenu))
<BR><BR>[Stack]<UL><LI>Max Depth = 336<LI>Call Chain = EPD_1IN54_DrawObjectSelCheckMenu &rArr; EPD_1IN54_myDrawString &rArr; EPD_1IN54_outIntString &rArr; SendData &rArr; SpiSendByte &rArr; Soft_Spi_Transmit
</UL>
<BR>[Calls]<UL><LI><a href="#[68]">&gt;&gt;</a>&nbsp;&nbsp;&nbsp;FontSettings
<LI><a href="#[6a]">&gt;&gt;</a>&nbsp;&nbsp;&nbsp;EPD_1IN54_myDrawString
</UL>
<BR>[Called By]<UL><LI><a href="#[6c]">&gt;&gt;</a>&nbsp;&nbsp;&nbsp;EPD_1IN54_DrawObject
</UL>

<P><STRONG><a name="[75]"></a>EPD_1IN54_DrawObjectString</STRONG> (Thumb, 80 bytes, Stack size 40 bytes, myepaperobjektfunction.o(i.EPD_1IN54_DrawObjectString))
<BR><BR>[Stack]<UL><LI>Max Depth = 272<LI>Call Chain = EPD_1IN54_DrawObjectString &rArr; EPD_1IN54_myDrawString &rArr; EPD_1IN54_outIntString &rArr; SendData &rArr; SpiSendByte &rArr; Soft_Spi_Transmit
</UL>
<BR>[Calls]<UL><LI><a href="#[6a]">&gt;&gt;</a>&nbsp;&nbsp;&nbsp;EPD_1IN54_myDrawString
</UL>
<BR>[Called By]<UL><LI><a href="#[6c]">&gt;&gt;</a>&nbsp;&nbsp;&nbsp;EPD_1IN54_DrawObject
</UL>

<P><STRONG><a name="[86]"></a>EPD_1IN54_DrawObjectText</STRONG> (Thumb, 188 bytes, Stack size 128 bytes, myepaperobjektfunction.o(i.EPD_1IN54_DrawObjectText))
<BR><BR>[Stack]<UL><LI>Max Depth = 432<LI>Call Chain = EPD_1IN54_DrawObjectText &rArr; EPD_1IN54_DrawText &rArr; EPD_1IN54_PrintRamString &rArr; EPD_1IN54_SetFrame &rArr; EPD_1IN54_SetWindow &rArr; SendData &rArr; SpiSendByte &rArr; Soft_Spi_Transmit
</UL>
<BR>[Calls]<UL><LI><a href="#[8c]">&gt;&gt;</a>&nbsp;&nbsp;&nbsp;EPD_1IN54_DrawText
</UL>
<BR>[Called By]<UL><LI><a href="#[6c]">&gt;&gt;</a>&nbsp;&nbsp;&nbsp;EPD_1IN54_DrawObject
</UL>

<P><STRONG><a name="[85]"></a>EPD_1IN54_DrawObjectTextList</STRONG> (Thumb, 62 bytes, Stack size 64 bytes, myepaperobjektfunction.o(i.EPD_1IN54_DrawObjectTextList))
<BR><BR>[Stack]<UL><LI>Max Depth = 464<LI>Call Chain = EPD_1IN54_DrawObjectTextList &rArr; EPD_1IN54_DrawTextList &rArr; EPD_1IN54_PrintRamString &rArr; EPD_1IN54_SetFrame &rArr; EPD_1IN54_SetWindow &rArr; SendData &rArr; SpiSendByte &rArr; Soft_Spi_Transmit
</UL>
<BR>[Calls]<UL><LI><a href="#[8d]">&gt;&gt;</a>&nbsp;&nbsp;&nbsp;EPD_1IN54_DrawTextList
</UL>
<BR>[Called By]<UL><LI><a href="#[6c]">&gt;&gt;</a>&nbsp;&nbsp;&nbsp;EPD_1IN54_DrawObject
</UL>

<P><STRONG><a name="[83]"></a>EPD_1IN54_DrawObjectTextListGroup</STRONG> (Thumb, 306 bytes, Stack size 104 bytes, myepaperobjektfunction.o(i.EPD_1IN54_DrawObjectTextListGroup))
<BR><BR>[Stack]<UL><LI>Max Depth = 504<LI>Call Chain = EPD_1IN54_DrawObjectTextListGroup &rArr; EPD_1IN54_DrawTextList &rArr; EPD_1IN54_PrintRamString &rArr; EPD_1IN54_SetFrame &rArr; EPD_1IN54_SetWindow &rArr; SendData &rArr; SpiSendByte &rArr; Soft_Spi_Transmit
</UL>
<BR>[Calls]<UL><LI><a href="#[89]">&gt;&gt;</a>&nbsp;&nbsp;&nbsp;GetArrayGoals
<LI><a href="#[8d]">&gt;&gt;</a>&nbsp;&nbsp;&nbsp;EPD_1IN54_DrawTextList
</UL>
<BR>[Called By]<UL><LI><a href="#[6c]">&gt;&gt;</a>&nbsp;&nbsp;&nbsp;EPD_1IN54_DrawObject
</UL>

<P><STRONG><a name="[84]"></a>EPD_1IN54_DrawPartObject</STRONG> (Thumb, 136 bytes, Stack size 24 bytes, myepaperobjektfunction.o(i.EPD_1IN54_DrawPartObject))
<BR><BR>[Stack]<UL><LI>Max Depth = 24 + In Cycle
<LI>Call Chain = EPD_1IN54_DrawPartObject &rArr;  EPD_1IN54_DrawObjScrin (Cycle)
</UL>
<BR>[Calls]<UL><LI><a href="#[6b]">&gt;&gt;</a>&nbsp;&nbsp;&nbsp;EPD_1IN54_DrawObjScrin
</UL>
<BR>[Called By]<UL><LI><a href="#[6c]">&gt;&gt;</a>&nbsp;&nbsp;&nbsp;EPD_1IN54_DrawObject
</UL>

<P><STRONG><a name="[8c]"></a>EPD_1IN54_DrawText</STRONG> (Thumb, 278 bytes, Stack size 80 bytes, myepaperobjektfunction.o(i.EPD_1IN54_DrawText))
<BR><BR>[Stack]<UL><LI>Max Depth = 304<LI>Call Chain = EPD_1IN54_DrawText &rArr; EPD_1IN54_PrintRamString &rArr; EPD_1IN54_SetFrame &rArr; EPD_1IN54_SetWindow &rArr; SendData &rArr; SpiSendByte &rArr; Soft_Spi_Transmit
</UL>
<BR>[Calls]<UL><LI><a href="#[68]">&gt;&gt;</a>&nbsp;&nbsp;&nbsp;FontSettings
<LI><a href="#[8e]">&gt;&gt;</a>&nbsp;&nbsp;&nbsp;EPD_1IN54_StringRamPixelLength
<LI><a href="#[8f]">&gt;&gt;</a>&nbsp;&nbsp;&nbsp;EPD_1IN54_PrintRamString
<LI><a href="#[65]">&gt;&gt;</a>&nbsp;&nbsp;&nbsp;EPD_1IN54_PrintFillRectagle
</UL>
<BR>[Called By]<UL><LI><a href="#[86]">&gt;&gt;</a>&nbsp;&nbsp;&nbsp;EPD_1IN54_DrawObjectText
</UL>

<P><STRONG><a name="[8d]"></a>EPD_1IN54_DrawTextList</STRONG> (Thumb, 614 bytes, Stack size 176 bytes, myepaperobjektfunction.o(i.EPD_1IN54_DrawTextList))
<BR><BR>[Stack]<UL><LI>Max Depth = 400<LI>Call Chain = EPD_1IN54_DrawTextList &rArr; EPD_1IN54_PrintRamString &rArr; EPD_1IN54_SetFrame &rArr; EPD_1IN54_SetWindow &rArr; SendData &rArr; SpiSendByte &rArr; Soft_Spi_Transmit
</UL>
<BR>[Calls]<UL><LI><a href="#[68]">&gt;&gt;</a>&nbsp;&nbsp;&nbsp;FontSettings
<LI><a href="#[8e]">&gt;&gt;</a>&nbsp;&nbsp;&nbsp;EPD_1IN54_StringRamPixelLength
<LI><a href="#[8f]">&gt;&gt;</a>&nbsp;&nbsp;&nbsp;EPD_1IN54_PrintRamString
<LI><a href="#[65]">&gt;&gt;</a>&nbsp;&nbsp;&nbsp;EPD_1IN54_PrintFillRectagle
</UL>
<BR>[Called By]<UL><LI><a href="#[83]">&gt;&gt;</a>&nbsp;&nbsp;&nbsp;EPD_1IN54_DrawObjectTextListGroup
<LI><a href="#[85]">&gt;&gt;</a>&nbsp;&nbsp;&nbsp;EPD_1IN54_DrawObjectTextList
</UL>

<P><STRONG><a name="[88]"></a>EPD_1IN54_LineX</STRONG> (Thumb, 202 bytes, Stack size 64 bytes, myepaper.o(i.EPD_1IN54_LineX))
<BR><BR>[Stack]<UL><LI>Max Depth = 160<LI>Call Chain = EPD_1IN54_LineX &rArr; EPD_1IN54_SetFrame &rArr; EPD_1IN54_SetWindow &rArr; SendData &rArr; SpiSendByte &rArr; Soft_Spi_Transmit
</UL>
<BR>[Calls]<UL><LI><a href="#[91]">&gt;&gt;</a>&nbsp;&nbsp;&nbsp;SpiSendSameByte
<LI><a href="#[92]">&gt;&gt;</a>&nbsp;&nbsp;&nbsp;SpiSendSameBit
<LI><a href="#[71]">&gt;&gt;</a>&nbsp;&nbsp;&nbsp;SendCommand
<LI><a href="#[90]">&gt;&gt;</a>&nbsp;&nbsp;&nbsp;EPD_1IN54_SetFrame
<LI><a href="#[51]">&gt;&gt;</a>&nbsp;&nbsp;&nbsp;__aeabi_idivmod
</UL>
<BR>[Called By]<UL><LI><a href="#[78]">&gt;&gt;</a>&nbsp;&nbsp;&nbsp;EPD_1IN54_DrawObjectKeyRigth
<LI><a href="#[79]">&gt;&gt;</a>&nbsp;&nbsp;&nbsp;EPD_1IN54_DrawObjectKeyLeft
</UL>

<P><STRONG><a name="[87]"></a>EPD_1IN54_LineY</STRONG> (Thumb, 130 bytes, Stack size 40 bytes, myepaper.o(i.EPD_1IN54_LineY))
<BR><BR>[Stack]<UL><LI>Max Depth = 136<LI>Call Chain = EPD_1IN54_LineY &rArr; EPD_1IN54_SetFrame &rArr; EPD_1IN54_SetWindow &rArr; SendData &rArr; SpiSendByte &rArr; Soft_Spi_Transmit
</UL>
<BR>[Calls]<UL><LI><a href="#[91]">&gt;&gt;</a>&nbsp;&nbsp;&nbsp;SpiSendSameByte
<LI><a href="#[71]">&gt;&gt;</a>&nbsp;&nbsp;&nbsp;SendCommand
<LI><a href="#[90]">&gt;&gt;</a>&nbsp;&nbsp;&nbsp;EPD_1IN54_SetFrame
</UL>
<BR>[Called By]<UL><LI><a href="#[78]">&gt;&gt;</a>&nbsp;&nbsp;&nbsp;EPD_1IN54_DrawObjectKeyRigth
<LI><a href="#[79]">&gt;&gt;</a>&nbsp;&nbsp;&nbsp;EPD_1IN54_DrawObjectKeyLeft
</UL>

<P><STRONG><a name="[7e]"></a>EPD_1IN54_ObjDataOperation</STRONG> (Thumb, 1742 bytes, Stack size 24 bytes, myepaperobjektfunction.o(i.EPD_1IN54_ObjDataOperation))
<BR><BR>[Stack]<UL><LI>Max Depth = 140<LI>Call Chain = EPD_1IN54_ObjDataOperation &rArr; W25Q_Flash_Sektor_erase &rArr; whileStatus1_busy &rArr; W25Q_SpiReadReg &rArr; Soft_Spi_TransmitReceive &rArr; Soft_Spi_Transmit
</UL>
<BR>[Calls]<UL><LI><a href="#[93]">&gt;&gt;</a>&nbsp;&nbsp;&nbsp;saveCounter
<LI><a href="#[94]">&gt;&gt;</a>&nbsp;&nbsp;&nbsp;W25Q_Flash_Sektor_erase
<LI><a href="#[51]">&gt;&gt;</a>&nbsp;&nbsp;&nbsp;__aeabi_idivmod
<LI><a href="#[52]">&gt;&gt;</a>&nbsp;&nbsp;&nbsp;__aeabi_uidivmod
</UL>
<BR>[Called By]<UL><LI><a href="#[6c]">&gt;&gt;</a>&nbsp;&nbsp;&nbsp;EPD_1IN54_DrawObject
</UL>

<P><STRONG><a name="[65]"></a>EPD_1IN54_PrintFillRectagle</STRONG> (Thumb, 46 bytes, Stack size 40 bytes, myepaper.o(i.EPD_1IN54_PrintFillRectagle))
<BR><BR>[Stack]<UL><LI>Max Depth = 136<LI>Call Chain = EPD_1IN54_PrintFillRectagle &rArr; EPD_1IN54_SetFrame &rArr; EPD_1IN54_SetWindow &rArr; SendData &rArr; SpiSendByte &rArr; Soft_Spi_Transmit
</UL>
<BR>[Calls]<UL><LI><a href="#[92]">&gt;&gt;</a>&nbsp;&nbsp;&nbsp;SpiSendSameBit
<LI><a href="#[71]">&gt;&gt;</a>&nbsp;&nbsp;&nbsp;SendCommand
<LI><a href="#[90]">&gt;&gt;</a>&nbsp;&nbsp;&nbsp;EPD_1IN54_SetFrame
</UL>
<BR>[Called By]<UL><LI><a href="#[b2]">&gt;&gt;</a>&nbsp;&nbsp;&nbsp;MyePaperDualInit
<LI><a href="#[a4]">&gt;&gt;</a>&nbsp;&nbsp;&nbsp;KeyReaction
<LI><a href="#[6e]">&gt;&gt;</a>&nbsp;&nbsp;&nbsp;EPD_1IN54_DrawObjStartScrin
<LI><a href="#[a5]">&gt;&gt;</a>&nbsp;&nbsp;&nbsp;KeyRun
<LI><a href="#[8d]">&gt;&gt;</a>&nbsp;&nbsp;&nbsp;EPD_1IN54_DrawTextList
<LI><a href="#[8c]">&gt;&gt;</a>&nbsp;&nbsp;&nbsp;EPD_1IN54_DrawText
<LI><a href="#[7f]">&gt;&gt;</a>&nbsp;&nbsp;&nbsp;EPD_1IN54_DrawObjectList
<LI><a href="#[67]">&gt;&gt;</a>&nbsp;&nbsp;&nbsp;EPD_1IN54_DrawMemo
<LI><a href="#[64]">&gt;&gt;</a>&nbsp;&nbsp;&nbsp;EPD_1IN54_Clear
</UL>

<P><STRONG><a name="[8b]"></a>EPD_1IN54_PrintPicture</STRONG> (Thumb, 104 bytes, Stack size 48 bytes, myepaper.o(i.EPD_1IN54_PrintPicture))
<BR><BR>[Stack]<UL><LI>Max Depth = 144<LI>Call Chain = EPD_1IN54_PrintPicture &rArr; EPD_1IN54_SetFrame &rArr; EPD_1IN54_SetWindow &rArr; SendData &rArr; SpiSendByte &rArr; Soft_Spi_Transmit
</UL>
<BR>[Calls]<UL><LI><a href="#[72]">&gt;&gt;</a>&nbsp;&nbsp;&nbsp;SendData
<LI><a href="#[71]">&gt;&gt;</a>&nbsp;&nbsp;&nbsp;SendCommand
<LI><a href="#[90]">&gt;&gt;</a>&nbsp;&nbsp;&nbsp;EPD_1IN54_SetFrame
</UL>
<BR>[Called By]<UL><LI><a href="#[77]">&gt;&gt;</a>&nbsp;&nbsp;&nbsp;EPD_1IN54_DrawObjectPicture
</UL>

<P><STRONG><a name="[8f]"></a>EPD_1IN54_PrintRamString</STRONG> (Thumb, 690 bytes, Stack size 128 bytes, myepaper.o(i.EPD_1IN54_PrintRamString))
<BR><BR>[Stack]<UL><LI>Max Depth = 224<LI>Call Chain = EPD_1IN54_PrintRamString &rArr; EPD_1IN54_SetFrame &rArr; EPD_1IN54_SetWindow &rArr; SendData &rArr; SpiSendByte &rArr; Soft_Spi_Transmit
</UL>
<BR>[Calls]<UL><LI><a href="#[72]">&gt;&gt;</a>&nbsp;&nbsp;&nbsp;SendData
<LI><a href="#[71]">&gt;&gt;</a>&nbsp;&nbsp;&nbsp;SendCommand
<LI><a href="#[68]">&gt;&gt;</a>&nbsp;&nbsp;&nbsp;FontSettings
<LI><a href="#[95]">&gt;&gt;</a>&nbsp;&nbsp;&nbsp;FontCange
<LI><a href="#[90]">&gt;&gt;</a>&nbsp;&nbsp;&nbsp;EPD_1IN54_SetFrame
<LI><a href="#[97]">&gt;&gt;</a>&nbsp;&nbsp;&nbsp;__aeabi_llsr
<LI><a href="#[96]">&gt;&gt;</a>&nbsp;&nbsp;&nbsp;__aeabi_llsl
</UL>
<BR>[Called By]<UL><LI><a href="#[8d]">&gt;&gt;</a>&nbsp;&nbsp;&nbsp;EPD_1IN54_DrawTextList
<LI><a href="#[8c]">&gt;&gt;</a>&nbsp;&nbsp;&nbsp;EPD_1IN54_DrawText
</UL>

<P><STRONG><a name="[90]"></a>EPD_1IN54_SetFrame</STRONG> (Thumb, 118 bytes, Stack size 32 bytes, myepaper.o(i.EPD_1IN54_SetFrame))
<BR><BR>[Stack]<UL><LI>Max Depth = 96<LI>Call Chain = EPD_1IN54_SetFrame &rArr; EPD_1IN54_SetWindow &rArr; SendData &rArr; SpiSendByte &rArr; Soft_Spi_Transmit
</UL>
<BR>[Calls]<UL><LI><a href="#[98]">&gt;&gt;</a>&nbsp;&nbsp;&nbsp;EPD_1IN54_SetCursor
<LI><a href="#[99]">&gt;&gt;</a>&nbsp;&nbsp;&nbsp;EPD_1IN54_SetWindow
</UL>
<BR>[Called By]<UL><LI><a href="#[6a]">&gt;&gt;</a>&nbsp;&nbsp;&nbsp;EPD_1IN54_myDrawString
<LI><a href="#[8f]">&gt;&gt;</a>&nbsp;&nbsp;&nbsp;EPD_1IN54_PrintRamString
<LI><a href="#[8b]">&gt;&gt;</a>&nbsp;&nbsp;&nbsp;EPD_1IN54_PrintPicture
<LI><a href="#[65]">&gt;&gt;</a>&nbsp;&nbsp;&nbsp;EPD_1IN54_PrintFillRectagle
<LI><a href="#[87]">&gt;&gt;</a>&nbsp;&nbsp;&nbsp;EPD_1IN54_LineY
<LI><a href="#[88]">&gt;&gt;</a>&nbsp;&nbsp;&nbsp;EPD_1IN54_LineX
</UL>

<P><STRONG><a name="[99]"></a>EPD_1IN54_SetWindow</STRONG> (Thumb, 76 bytes, Stack size 24 bytes, myepaper.o(i.EPD_1IN54_SetWindow))
<BR><BR>[Stack]<UL><LI>Max Depth = 64<LI>Call Chain = EPD_1IN54_SetWindow &rArr; SendData &rArr; SpiSendByte &rArr; Soft_Spi_Transmit
</UL>
<BR>[Calls]<UL><LI><a href="#[6f]">&gt;&gt;</a>&nbsp;&nbsp;&nbsp;WaitUntilIdle
<LI><a href="#[72]">&gt;&gt;</a>&nbsp;&nbsp;&nbsp;SendData
<LI><a href="#[71]">&gt;&gt;</a>&nbsp;&nbsp;&nbsp;SendCommand
</UL>
<BR>[Called By]<UL><LI><a href="#[70]">&gt;&gt;</a>&nbsp;&nbsp;&nbsp;MyePaperInit
<LI><a href="#[90]">&gt;&gt;</a>&nbsp;&nbsp;&nbsp;EPD_1IN54_SetFrame
</UL>

<P><STRONG><a name="[7c]"></a>EPD_1IN54_StartObjRun</STRONG> (Thumb, 80 bytes, Stack size 24 bytes, myepaperobjektfunction.o(i.EPD_1IN54_StartObjRun))
<BR><BR>[Stack]<UL><LI>Max Depth = 24 + In Cycle
<LI>Call Chain = EPD_1IN54_StartObjRun &rArr;  GoToCommand (Cycle)
</UL>
<BR>[Calls]<UL><LI><a href="#[9a]">&gt;&gt;</a>&nbsp;&nbsp;&nbsp;GoToCommand
</UL>
<BR>[Called By]<UL><LI><a href="#[6c]">&gt;&gt;</a>&nbsp;&nbsp;&nbsp;EPD_1IN54_DrawObject
</UL>

<P><STRONG><a name="[8e]"></a>EPD_1IN54_StringRamPixelLength</STRONG> (Thumb, 138 bytes, Stack size 48 bytes, myepaper.o(i.EPD_1IN54_StringRamPixelLength))
<BR><BR>[Stack]<UL><LI>Max Depth = 76<LI>Call Chain = EPD_1IN54_StringRamPixelLength &rArr; __aeabi_idivmod &rArr; __aeabi_uidivmod
</UL>
<BR>[Calls]<UL><LI><a href="#[68]">&gt;&gt;</a>&nbsp;&nbsp;&nbsp;FontSettings
<LI><a href="#[95]">&gt;&gt;</a>&nbsp;&nbsp;&nbsp;FontCange
<LI><a href="#[51]">&gt;&gt;</a>&nbsp;&nbsp;&nbsp;__aeabi_idivmod
</UL>
<BR>[Called By]<UL><LI><a href="#[8d]">&gt;&gt;</a>&nbsp;&nbsp;&nbsp;EPD_1IN54_DrawTextList
<LI><a href="#[8c]">&gt;&gt;</a>&nbsp;&nbsp;&nbsp;EPD_1IN54_DrawText
</UL>

<P><STRONG><a name="[66]"></a>EPD_1IN54_TurnOnDisplay</STRONG> (Thumb, 36 bytes, Stack size 8 bytes, myepaper.o(i.EPD_1IN54_TurnOnDisplay))
<BR><BR>[Stack]<UL><LI>Max Depth = 48<LI>Call Chain = EPD_1IN54_TurnOnDisplay &rArr; SendData &rArr; SpiSendByte &rArr; Soft_Spi_Transmit
</UL>
<BR>[Calls]<UL><LI><a href="#[6f]">&gt;&gt;</a>&nbsp;&nbsp;&nbsp;WaitUntilIdle
<LI><a href="#[72]">&gt;&gt;</a>&nbsp;&nbsp;&nbsp;SendData
<LI><a href="#[71]">&gt;&gt;</a>&nbsp;&nbsp;&nbsp;SendCommand
</UL>
<BR>[Called By]<UL><LI><a href="#[b2]">&gt;&gt;</a>&nbsp;&nbsp;&nbsp;MyePaperDualInit
<LI><a href="#[a4]">&gt;&gt;</a>&nbsp;&nbsp;&nbsp;KeyReaction
<LI><a href="#[6e]">&gt;&gt;</a>&nbsp;&nbsp;&nbsp;EPD_1IN54_DrawObjStartScrin
<LI><a href="#[a5]">&gt;&gt;</a>&nbsp;&nbsp;&nbsp;KeyRun
<LI><a href="#[64]">&gt;&gt;</a>&nbsp;&nbsp;&nbsp;EPD_1IN54_Clear
</UL>

<P><STRONG><a name="[7d]"></a>EPD_1IN54_WriteObjKey</STRONG> (Thumb, 280 bytes, Stack size 24 bytes, myepaperobjektfunction.o(i.EPD_1IN54_WriteObjKey))
<BR><BR>[Stack]<UL><LI>Max Depth = 24 + In Cycle
<LI>Call Chain = EPD_1IN54_WriteObjKey &rArr;  GoToCommand (Cycle)
</UL>
<BR>[Calls]<UL><LI><a href="#[9a]">&gt;&gt;</a>&nbsp;&nbsp;&nbsp;GoToCommand
</UL>
<BR>[Called By]<UL><LI><a href="#[6c]">&gt;&gt;</a>&nbsp;&nbsp;&nbsp;EPD_1IN54_DrawObject
</UL>

<P><STRONG><a name="[6a]"></a>EPD_1IN54_myDrawString</STRONG> (Thumb, 472 bytes, Stack size 72 bytes, myepaper.o(i.EPD_1IN54_myDrawString))
<BR><BR>[Stack]<UL><LI>Max Depth = 232<LI>Call Chain = EPD_1IN54_myDrawString &rArr; EPD_1IN54_outIntString &rArr; SendData &rArr; SpiSendByte &rArr; Soft_Spi_Transmit
</UL>
<BR>[Calls]<UL><LI><a href="#[72]">&gt;&gt;</a>&nbsp;&nbsp;&nbsp;SendData
<LI><a href="#[71]">&gt;&gt;</a>&nbsp;&nbsp;&nbsp;SendCommand
<LI><a href="#[95]">&gt;&gt;</a>&nbsp;&nbsp;&nbsp;FontCange
<LI><a href="#[9b]">&gt;&gt;</a>&nbsp;&nbsp;&nbsp;EPD_1IN54_outString
<LI><a href="#[9c]">&gt;&gt;</a>&nbsp;&nbsp;&nbsp;EPD_1IN54_outIntString
<LI><a href="#[90]">&gt;&gt;</a>&nbsp;&nbsp;&nbsp;EPD_1IN54_SetFrame
</UL>
<BR>[Called By]<UL><LI><a href="#[75]">&gt;&gt;</a>&nbsp;&nbsp;&nbsp;EPD_1IN54_DrawObjectString
<LI><a href="#[76]">&gt;&gt;</a>&nbsp;&nbsp;&nbsp;EPD_1IN54_DrawObjectSelCheckMenu
<LI><a href="#[7b]">&gt;&gt;</a>&nbsp;&nbsp;&nbsp;EPD_1IN54_DrawObjectItemString
<LI><a href="#[82]">&gt;&gt;</a>&nbsp;&nbsp;&nbsp;EPD_1IN54_DrawObjectIntString
<LI><a href="#[81]">&gt;&gt;</a>&nbsp;&nbsp;&nbsp;EPD_1IN54_DrawObjectFsSelCheckMenu
<LI><a href="#[67]">&gt;&gt;</a>&nbsp;&nbsp;&nbsp;EPD_1IN54_DrawMemo
</UL>

<P><STRONG><a name="[69]"></a>EPD_1IN54_myDrawStringPixelLength</STRONG> (Thumb, 162 bytes, Stack size 48 bytes, myepaper.o(i.EPD_1IN54_myDrawStringPixelLength))
<BR><BR>[Stack]<UL><LI>Max Depth = 76<LI>Call Chain = EPD_1IN54_myDrawStringPixelLength &rArr; __aeabi_idivmod &rArr; __aeabi_uidivmod
</UL>
<BR>[Calls]<UL><LI><a href="#[68]">&gt;&gt;</a>&nbsp;&nbsp;&nbsp;FontSettings
<LI><a href="#[95]">&gt;&gt;</a>&nbsp;&nbsp;&nbsp;FontCange
<LI><a href="#[51]">&gt;&gt;</a>&nbsp;&nbsp;&nbsp;__aeabi_idivmod
</UL>
<BR>[Called By]<UL><LI><a href="#[81]">&gt;&gt;</a>&nbsp;&nbsp;&nbsp;EPD_1IN54_DrawObjectFsSelCheckMenu
<LI><a href="#[67]">&gt;&gt;</a>&nbsp;&nbsp;&nbsp;EPD_1IN54_DrawMemo
</UL>

<P><STRONG><a name="[9c]"></a>EPD_1IN54_outIntString</STRONG> (Thumb, 512 bytes, Stack size 120 bytes, myepaper.o(i.EPD_1IN54_outIntString))
<BR><BR>[Stack]<UL><LI>Max Depth = 160<LI>Call Chain = EPD_1IN54_outIntString &rArr; SendData &rArr; SpiSendByte &rArr; Soft_Spi_Transmit
</UL>
<BR>[Calls]<UL><LI><a href="#[72]">&gt;&gt;</a>&nbsp;&nbsp;&nbsp;SendData
<LI><a href="#[97]">&gt;&gt;</a>&nbsp;&nbsp;&nbsp;__aeabi_llsr
<LI><a href="#[96]">&gt;&gt;</a>&nbsp;&nbsp;&nbsp;__aeabi_llsl
<LI><a href="#[52]">&gt;&gt;</a>&nbsp;&nbsp;&nbsp;__aeabi_uidivmod
</UL>
<BR>[Called By]<UL><LI><a href="#[6a]">&gt;&gt;</a>&nbsp;&nbsp;&nbsp;EPD_1IN54_myDrawString
</UL>

<P><STRONG><a name="[9b]"></a>EPD_1IN54_outString</STRONG> (Thumb, 442 bytes, Stack size 112 bytes, myepaper.o(i.EPD_1IN54_outString))
<BR><BR>[Stack]<UL><LI>Max Depth = 152<LI>Call Chain = EPD_1IN54_outString &rArr; SendData &rArr; SpiSendByte &rArr; Soft_Spi_Transmit
</UL>
<BR>[Calls]<UL><LI><a href="#[72]">&gt;&gt;</a>&nbsp;&nbsp;&nbsp;SendData
<LI><a href="#[97]">&gt;&gt;</a>&nbsp;&nbsp;&nbsp;__aeabi_llsr
<LI><a href="#[96]">&gt;&gt;</a>&nbsp;&nbsp;&nbsp;__aeabi_llsl
</UL>
<BR>[Called By]<UL><LI><a href="#[6a]">&gt;&gt;</a>&nbsp;&nbsp;&nbsp;EPD_1IN54_myDrawString
</UL>

<P><STRONG><a name="[95]"></a>FontCange</STRONG> (Thumb, 22 bytes, Stack size 0 bytes, myepaper.o(i.FontCange))
<BR><BR>[Called By]<UL><LI><a href="#[68]">&gt;&gt;</a>&nbsp;&nbsp;&nbsp;FontSettings
<LI><a href="#[69]">&gt;&gt;</a>&nbsp;&nbsp;&nbsp;EPD_1IN54_myDrawStringPixelLength
<LI><a href="#[6a]">&gt;&gt;</a>&nbsp;&nbsp;&nbsp;EPD_1IN54_myDrawString
<LI><a href="#[8e]">&gt;&gt;</a>&nbsp;&nbsp;&nbsp;EPD_1IN54_StringRamPixelLength
<LI><a href="#[8f]">&gt;&gt;</a>&nbsp;&nbsp;&nbsp;EPD_1IN54_PrintRamString
</UL>

<P><STRONG><a name="[68]"></a>FontSettings</STRONG> (Thumb, 64 bytes, Stack size 24 bytes, myepaper.o(i.FontSettings))
<BR><BR>[Stack]<UL><LI>Max Depth = 24<LI>Call Chain = FontSettings
</UL>
<BR>[Calls]<UL><LI><a href="#[95]">&gt;&gt;</a>&nbsp;&nbsp;&nbsp;FontCange
<LI><a href="#[9d]">&gt;&gt;</a>&nbsp;&nbsp;&nbsp;__aeabi_memcpy
</UL>
<BR>[Called By]<UL><LI><a href="#[8d]">&gt;&gt;</a>&nbsp;&nbsp;&nbsp;EPD_1IN54_DrawTextList
<LI><a href="#[8c]">&gt;&gt;</a>&nbsp;&nbsp;&nbsp;EPD_1IN54_DrawText
<LI><a href="#[76]">&gt;&gt;</a>&nbsp;&nbsp;&nbsp;EPD_1IN54_DrawObjectSelCheckMenu
<LI><a href="#[81]">&gt;&gt;</a>&nbsp;&nbsp;&nbsp;EPD_1IN54_DrawObjectFsSelCheckMenu
<LI><a href="#[67]">&gt;&gt;</a>&nbsp;&nbsp;&nbsp;EPD_1IN54_DrawMemo
<LI><a href="#[69]">&gt;&gt;</a>&nbsp;&nbsp;&nbsp;EPD_1IN54_myDrawStringPixelLength
<LI><a href="#[8e]">&gt;&gt;</a>&nbsp;&nbsp;&nbsp;EPD_1IN54_StringRamPixelLength
<LI><a href="#[8f]">&gt;&gt;</a>&nbsp;&nbsp;&nbsp;EPD_1IN54_PrintRamString
</UL>

<P><STRONG><a name="[b]"></a>GPIOTE_IRQHandler</STRONG> (Thumb, 378 bytes, Stack size 48 bytes, nrf_drv_gpiote.o(i.GPIOTE_IRQHandler))
<BR><BR>[Stack]<UL><LI>Max Depth = 56<LI>Call Chain = GPIOTE_IRQHandler &rArr; nrf_gpiote_event_is_set
</UL>
<BR>[Calls]<UL><LI><a href="#[9e]">&gt;&gt;</a>&nbsp;&nbsp;&nbsp;nrf_gpiote_event_is_set
<LI><a href="#[9f]">&gt;&gt;</a>&nbsp;&nbsp;&nbsp;nrf_gpiote_event_clear
<LI><a href="#[a2]">&gt;&gt;</a>&nbsp;&nbsp;&nbsp;nrf_gpio_cfg_sense_set
<LI><a href="#[a1]">&gt;&gt;</a>&nbsp;&nbsp;&nbsp;channel_port_get
<LI><a href="#[a0]">&gt;&gt;</a>&nbsp;&nbsp;&nbsp;channel_handler_get
</UL>
<BR>[Address Reference Count : 1]<UL><LI> arm_startup_nrf51.o(RESET)
</UL>
<P><STRONG><a name="[89]"></a>GetArrayGoals</STRONG> (Thumb, 76 bytes, Stack size 0 bytes, myepaperobjektfunction.o(i.GetArrayGoals))
<BR><BR>[Called By]<UL><LI><a href="#[83]">&gt;&gt;</a>&nbsp;&nbsp;&nbsp;EPD_1IN54_DrawObjectTextListGroup
<LI><a href="#[80]">&gt;&gt;</a>&nbsp;&nbsp;&nbsp;EPD_1IN54_DrawObjectParamList
<LI><a href="#[7f]">&gt;&gt;</a>&nbsp;&nbsp;&nbsp;EPD_1IN54_DrawObjectList
</UL>

<P><STRONG><a name="[9a]"></a>GoToCommand</STRONG> (Thumb, 538 bytes, Stack size 32 bytes, myepaperobjektfunction.o(i.GoToCommand))
<BR><BR>[Stack]<UL><LI>Max Depth = 576<LI>Call Chain = GoToCommand &rArr; EPD_1IN54_DrawObjScrin &rArr; EPD_1IN54_DrawObject &rArr; EPD_1IN54_DrawObjectTextListGroup &rArr; EPD_1IN54_DrawTextList &rArr; EPD_1IN54_PrintRamString &rArr; EPD_1IN54_SetFrame &rArr; EPD_1IN54_SetWindow &rArr; SendData &rArr; SpiSendByte &rArr; Soft_Spi_Transmit
</UL>
<BR>[Calls]<UL><LI><a href="#[74]">&gt;&gt;</a>&nbsp;&nbsp;&nbsp;getCurentScrin
<LI><a href="#[6b]">&gt;&gt;</a>&nbsp;&nbsp;&nbsp;EPD_1IN54_DrawObjScrin
</UL>
<BR>[Called By]<UL><LI><a href="#[a5]">&gt;&gt;</a>&nbsp;&nbsp;&nbsp;KeyRun
<LI><a href="#[7d]">&gt;&gt;</a>&nbsp;&nbsp;&nbsp;EPD_1IN54_WriteObjKey
<LI><a href="#[7c]">&gt;&gt;</a>&nbsp;&nbsp;&nbsp;EPD_1IN54_StartObjRun
</UL>

<P><STRONG><a name="[a3]"></a>Grad</STRONG> (Thumb, 74 bytes, Stack size 32 bytes, myble.o(i.Grad))
<BR><BR>[Stack]<UL><LI>Max Depth = 44<LI>Call Chain = Grad &rArr; __aeabi_uidivmod
</UL>
<BR>[Calls]<UL><LI><a href="#[52]">&gt;&gt;</a>&nbsp;&nbsp;&nbsp;__aeabi_uidivmod
</UL>
<BR>[Called By]<UL><LI><a href="#[36]">&gt;&gt;</a>&nbsp;&nbsp;&nbsp;battery_level_meas_timeout_handler
</UL>

<P><STRONG><a name="[a4]"></a>KeyReaction</STRONG> (Thumb, 184 bytes, Stack size 32 bytes, myepaperobjektfunction.o(i.KeyReaction))
<BR><BR>[Stack]<UL><LI>Max Depth = 632<LI>Call Chain = KeyReaction &rArr; KeyRun &rArr; GoToCommand &rArr; EPD_1IN54_DrawObjScrin &rArr; EPD_1IN54_DrawObject &rArr; EPD_1IN54_DrawObjectTextListGroup &rArr; EPD_1IN54_DrawTextList &rArr; EPD_1IN54_PrintRamString &rArr; EPD_1IN54_SetFrame &rArr; EPD_1IN54_SetWindow &rArr; SendData &rArr; SpiSendByte &rArr; Soft_Spi_Transmit
</UL>
<BR>[Calls]<UL><LI><a href="#[74]">&gt;&gt;</a>&nbsp;&nbsp;&nbsp;getCurentScrin
<LI><a href="#[a5]">&gt;&gt;</a>&nbsp;&nbsp;&nbsp;KeyRun
<LI><a href="#[6b]">&gt;&gt;</a>&nbsp;&nbsp;&nbsp;EPD_1IN54_DrawObjScrin
<LI><a href="#[66]">&gt;&gt;</a>&nbsp;&nbsp;&nbsp;EPD_1IN54_TurnOnDisplay
<LI><a href="#[65]">&gt;&gt;</a>&nbsp;&nbsp;&nbsp;EPD_1IN54_PrintFillRectagle
<LI><a href="#[64]">&gt;&gt;</a>&nbsp;&nbsp;&nbsp;EPD_1IN54_Clear
<LI><a href="#[9d]">&gt;&gt;</a>&nbsp;&nbsp;&nbsp;__aeabi_memcpy
</UL>
<BR>[Called By]<UL><LI><a href="#[a6]">&gt;&gt;</a>&nbsp;&nbsp;&nbsp;Key_timeout
</UL>

<P><STRONG><a name="[a5]"></a>KeyRun</STRONG> (Thumb, 204 bytes, Stack size 24 bytes, myepaperobjektfunction.o(i.KeyRun))
<BR><BR>[Stack]<UL><LI>Max Depth = 600<LI>Call Chain = KeyRun &rArr; GoToCommand &rArr; EPD_1IN54_DrawObjScrin &rArr; EPD_1IN54_DrawObject &rArr; EPD_1IN54_DrawObjectTextListGroup &rArr; EPD_1IN54_DrawTextList &rArr; EPD_1IN54_PrintRamString &rArr; EPD_1IN54_SetFrame &rArr; EPD_1IN54_SetWindow &rArr; SendData &rArr; SpiSendByte &rArr; Soft_Spi_Transmit
</UL>
<BR>[Calls]<UL><LI><a href="#[74]">&gt;&gt;</a>&nbsp;&nbsp;&nbsp;getCurentScrin
<LI><a href="#[9a]">&gt;&gt;</a>&nbsp;&nbsp;&nbsp;GoToCommand
<LI><a href="#[6b]">&gt;&gt;</a>&nbsp;&nbsp;&nbsp;EPD_1IN54_DrawObjScrin
<LI><a href="#[66]">&gt;&gt;</a>&nbsp;&nbsp;&nbsp;EPD_1IN54_TurnOnDisplay
<LI><a href="#[65]">&gt;&gt;</a>&nbsp;&nbsp;&nbsp;EPD_1IN54_PrintFillRectagle
<LI><a href="#[64]">&gt;&gt;</a>&nbsp;&nbsp;&nbsp;EPD_1IN54_Clear
</UL>
<BR>[Called By]<UL><LI><a href="#[a4]">&gt;&gt;</a>&nbsp;&nbsp;&nbsp;KeyReaction
</UL>

<P><STRONG><a name="[a6]"></a>Key_timeout</STRONG> (Thumb, 160 bytes, Stack size 8 bytes, main.o(i.Key_timeout))
<BR><BR>[Stack]<UL><LI>Max Depth = 640<LI>Call Chain = Key_timeout &rArr; KeyReaction &rArr; KeyRun &rArr; GoToCommand &rArr; EPD_1IN54_DrawObjScrin &rArr; EPD_1IN54_DrawObject &rArr; EPD_1IN54_DrawObjectTextListGroup &rArr; EPD_1IN54_DrawTextList &rArr; EPD_1IN54_PrintRamString &rArr; EPD_1IN54_SetFrame &rArr; EPD_1IN54_SetWindow &rArr; SendData &rArr; SpiSendByte &rArr; Soft_Spi_Transmit
</UL>
<BR>[Calls]<UL><LI><a href="#[a8]">&gt;&gt;</a>&nbsp;&nbsp;&nbsp;my_KeyRead
<LI><a href="#[a7]">&gt;&gt;</a>&nbsp;&nbsp;&nbsp;my_KeyInit
<LI><a href="#[af]">&gt;&gt;</a>&nbsp;&nbsp;&nbsp;my_KeyDeInit
<LI><a href="#[a9]">&gt;&gt;</a>&nbsp;&nbsp;&nbsp;my_KeyClk
<LI><a href="#[ac]">&gt;&gt;</a>&nbsp;&nbsp;&nbsp;get_my_KeyEvent
<LI><a href="#[73]">&gt;&gt;</a>&nbsp;&nbsp;&nbsp;Spi_While_ms
<LI><a href="#[ad]">&gt;&gt;</a>&nbsp;&nbsp;&nbsp;Save_params
<LI><a href="#[ab]">&gt;&gt;</a>&nbsp;&nbsp;&nbsp;LoadRamParams
<LI><a href="#[a4]">&gt;&gt;</a>&nbsp;&nbsp;&nbsp;KeyReaction
<LI><a href="#[aa]">&gt;&gt;</a>&nbsp;&nbsp;&nbsp;powerInit
<LI><a href="#[ae]">&gt;&gt;</a>&nbsp;&nbsp;&nbsp;powerDeInit
</UL>
<BR>[Called By]<UL><LI><a href="#[1f]">&gt;&gt;</a>&nbsp;&nbsp;&nbsp;main
</UL>

<P><STRONG><a name="[ab]"></a>LoadRamParams</STRONG> (Thumb, 242 bytes, Stack size 88 bytes, myepaperobjektfunction.o(i.LoadRamParams))
<BR><BR>[Stack]<UL><LI>Max Depth = 212<LI>Call Chain = LoadRamParams &rArr; W25Q_ReadData &rArr; whileStatus1_busy &rArr; W25Q_SpiReadReg &rArr; Soft_Spi_TransmitReceive &rArr; Soft_Spi_Transmit
</UL>
<BR>[Calls]<UL><LI><a href="#[b0]">&gt;&gt;</a>&nbsp;&nbsp;&nbsp;W25Q_ReadData
<LI><a href="#[b1]">&gt;&gt;</a>&nbsp;&nbsp;&nbsp;ClearStack
</UL>
<BR>[Called By]<UL><LI><a href="#[a6]">&gt;&gt;</a>&nbsp;&nbsp;&nbsp;Key_timeout
<LI><a href="#[33]">&gt;&gt;</a>&nbsp;&nbsp;&nbsp;rtc_handler
</UL>

<P><STRONG><a name="[b2]"></a>MyePaperDualInit</STRONG> (Thumb, 70 bytes, Stack size 8 bytes, myepaper.o(i.MyePaperDualInit))
<BR><BR>[Stack]<UL><LI>Max Depth = 144<LI>Call Chain = MyePaperDualInit &rArr; EPD_1IN54_PrintFillRectagle &rArr; EPD_1IN54_SetFrame &rArr; EPD_1IN54_SetWindow &rArr; SendData &rArr; SpiSendByte &rArr; Soft_Spi_Transmit
</UL>
<BR>[Calls]<UL><LI><a href="#[6f]">&gt;&gt;</a>&nbsp;&nbsp;&nbsp;WaitUntilIdle
<LI><a href="#[72]">&gt;&gt;</a>&nbsp;&nbsp;&nbsp;SendData
<LI><a href="#[71]">&gt;&gt;</a>&nbsp;&nbsp;&nbsp;SendCommand
<LI><a href="#[70]">&gt;&gt;</a>&nbsp;&nbsp;&nbsp;MyePaperInit
<LI><a href="#[66]">&gt;&gt;</a>&nbsp;&nbsp;&nbsp;EPD_1IN54_TurnOnDisplay
<LI><a href="#[65]">&gt;&gt;</a>&nbsp;&nbsp;&nbsp;EPD_1IN54_PrintFillRectagle
</UL>
<BR>[Called By]<UL><LI><a href="#[aa]">&gt;&gt;</a>&nbsp;&nbsp;&nbsp;powerInit
</UL>

<P><STRONG><a name="[70]"></a>MyePaperInit</STRONG> (Thumb, 226 bytes, Stack size 16 bytes, myepaper.o(i.MyePaperInit))
<BR><BR>[Stack]<UL><LI>Max Depth = 80<LI>Call Chain = MyePaperInit &rArr; EPD_1IN54_SetWindow &rArr; SendData &rArr; SpiSendByte &rArr; Soft_Spi_Transmit
</UL>
<BR>[Calls]<UL><LI><a href="#[98]">&gt;&gt;</a>&nbsp;&nbsp;&nbsp;EPD_1IN54_SetCursor
<LI><a href="#[72]">&gt;&gt;</a>&nbsp;&nbsp;&nbsp;SendData
<LI><a href="#[71]">&gt;&gt;</a>&nbsp;&nbsp;&nbsp;SendCommand
<LI><a href="#[b4]">&gt;&gt;</a>&nbsp;&nbsp;&nbsp;Reset
<LI><a href="#[b3]">&gt;&gt;</a>&nbsp;&nbsp;&nbsp;MyePaper_GPIO_Init
<LI><a href="#[99]">&gt;&gt;</a>&nbsp;&nbsp;&nbsp;EPD_1IN54_SetWindow
</UL>
<BR>[Called By]<UL><LI><a href="#[b2]">&gt;&gt;</a>&nbsp;&nbsp;&nbsp;MyePaperDualInit
<LI><a href="#[6e]">&gt;&gt;</a>&nbsp;&nbsp;&nbsp;EPD_1IN54_DrawObjStartScrin
</UL>

<P><STRONG><a name="[b5]"></a>MyePaper_GPIO_DeInit</STRONG> (Thumb, 36 bytes, Stack size 8 bytes, myepaper.o(i.MyePaper_GPIO_DeInit))
<BR><BR>[Stack]<UL><LI>Max Depth = 52<LI>Call Chain = MyePaper_GPIO_DeInit &rArr; nrf_gpio_cfg_input &rArr; nrf_gpio_cfg
</UL>
<BR>[Calls]<UL><LI><a href="#[b6]">&gt;&gt;</a>&nbsp;&nbsp;&nbsp;nrf_gpio_cfg_input
</UL>
<BR>[Called By]<UL><LI><a href="#[ae]">&gt;&gt;</a>&nbsp;&nbsp;&nbsp;powerDeInit
</UL>

<P><STRONG><a name="[b3]"></a>MyePaper_GPIO_Init</STRONG> (Thumb, 30 bytes, Stack size 8 bytes, myepaper.o(i.MyePaper_GPIO_Init))
<BR><BR>[Stack]<UL><LI>Max Depth = 52<LI>Call Chain = MyePaper_GPIO_Init &rArr; nrf_gpio_cfg_input &rArr; nrf_gpio_cfg
</UL>
<BR>[Calls]<UL><LI><a href="#[b7]">&gt;&gt;</a>&nbsp;&nbsp;&nbsp;nrf_gpio_cfg_output
<LI><a href="#[b6]">&gt;&gt;</a>&nbsp;&nbsp;&nbsp;nrf_gpio_cfg_input
</UL>
<BR>[Called By]<UL><LI><a href="#[70]">&gt;&gt;</a>&nbsp;&nbsp;&nbsp;MyePaperInit
</UL>

<P><STRONG><a name="[10]"></a>RTC0_IRQHandler</STRONG> (Thumb, 12 bytes, Stack size 8 bytes, nrf_drv_rtc.o(i.RTC0_IRQHandler))
<BR><BR>[Stack]<UL><LI>Max Depth = 40<LI>Call Chain = RTC0_IRQHandler &rArr; nrf_drv_rtc_int_handler
</UL>
<BR>[Calls]<UL><LI><a href="#[b8]">&gt;&gt;</a>&nbsp;&nbsp;&nbsp;nrf_drv_rtc_int_handler
</UL>
<BR>[Address Reference Count : 1]<UL><LI> arm_startup_nrf51.o(RESET)
</UL>
<P><STRONG><a name="[16]"></a>RTC1_IRQHandler</STRONG> (Thumb, 34 bytes, Stack size 8 bytes, app_timer.o(i.RTC1_IRQHandler))
<BR><BR>[Stack]<UL><LI>Max Depth = 64<LI>Call Chain = RTC1_IRQHandler &rArr; timer_timeouts_check &rArr; timeout_handler_exec &rArr; app_error_handler_bare
</UL>
<BR>[Calls]<UL><LI><a href="#[b9]">&gt;&gt;</a>&nbsp;&nbsp;&nbsp;timer_timeouts_check
</UL>
<BR>[Address Reference Count : 1]<UL><LI> arm_startup_nrf51.o(RESET)
</UL>
<P><STRONG><a name="[b4]"></a>Reset</STRONG> (Thumb, 46 bytes, Stack size 8 bytes, myepaper.o(i.Reset))
<BR><BR>[Stack]<UL><LI>Max Depth = 24<LI>Call Chain = Reset &rArr; nrf_gpio_port_set
</UL>
<BR>[Calls]<UL><LI><a href="#[ba]">&gt;&gt;</a>&nbsp;&nbsp;&nbsp;nrf_gpio_port_set
<LI><a href="#[bb]">&gt;&gt;</a>&nbsp;&nbsp;&nbsp;nrf_gpio_port_clear
<LI><a href="#[73]">&gt;&gt;</a>&nbsp;&nbsp;&nbsp;Spi_While_ms
</UL>
<BR>[Called By]<UL><LI><a href="#[70]">&gt;&gt;</a>&nbsp;&nbsp;&nbsp;MyePaperInit
</UL>

<P><STRONG><a name="[19]"></a>SWI0_IRQHandler</STRONG> (Thumb, 8 bytes, Stack size 8 bytes, app_timer.o(i.SWI0_IRQHandler))
<BR><BR>[Stack]<UL><LI>Max Depth = 80<LI>Call Chain = SWI0_IRQHandler &rArr; timer_list_handler &rArr; list_insertions_handler &rArr; timer_list_insert
</UL>
<BR>[Calls]<UL><LI><a href="#[bc]">&gt;&gt;</a>&nbsp;&nbsp;&nbsp;timer_list_handler
</UL>
<BR>[Address Reference Count : 1]<UL><LI> arm_startup_nrf51.o(RESET)
</UL>
<P><STRONG><a name="[1b]"></a>SWI2_IRQHandler</STRONG> (Thumb, 46 bytes, Stack size 16 bytes, softdevice_handler.o(i.SWI2_IRQHandler))
<BR><BR>[Stack]<UL><LI>Max Depth = 64<LI>Call Chain = SWI2_IRQHandler &rArr; intern_softdevice_events_execute &rArr; nrf_drv_clock_on_soc_event
</UL>
<BR>[Calls]<UL><LI><a href="#[58]">&gt;&gt;</a>&nbsp;&nbsp;&nbsp;app_error_handler_bare
<LI><a href="#[bd]">&gt;&gt;</a>&nbsp;&nbsp;&nbsp;intern_softdevice_events_execute
</UL>
<BR>[Address Reference Count : 1]<UL><LI> arm_startup_nrf51.o(RESET)
</UL>
<P><STRONG><a name="[ad]"></a>Save_params</STRONG> (Thumb, 286 bytes, Stack size 88 bytes, myepaperobjektfunction.o(i.Save_params))
<BR><BR>[Stack]<UL><LI>Max Depth = 228<LI>Call Chain = Save_params &rArr; W25Q_WritePage &rArr; whileStatus1_busy &rArr; W25Q_SpiReadReg &rArr; Soft_Spi_TransmitReceive &rArr; Soft_Spi_Transmit
</UL>
<BR>[Calls]<UL><LI><a href="#[be]">&gt;&gt;</a>&nbsp;&nbsp;&nbsp;W25Q_WritePage
<LI><a href="#[94]">&gt;&gt;</a>&nbsp;&nbsp;&nbsp;W25Q_Flash_Sektor_erase
</UL>
<BR>[Called By]<UL><LI><a href="#[1f]">&gt;&gt;</a>&nbsp;&nbsp;&nbsp;main
<LI><a href="#[a6]">&gt;&gt;</a>&nbsp;&nbsp;&nbsp;Key_timeout
<LI><a href="#[33]">&gt;&gt;</a>&nbsp;&nbsp;&nbsp;rtc_handler
</UL>

<P><STRONG><a name="[71]"></a>SendCommand</STRONG> (Thumb, 36 bytes, Stack size 8 bytes, myepaper.o(i.SendCommand))
<BR><BR>[Stack]<UL><LI>Max Depth = 40<LI>Call Chain = SendCommand &rArr; SpiSendByte &rArr; Soft_Spi_Transmit
</UL>
<BR>[Calls]<UL><LI><a href="#[ba]">&gt;&gt;</a>&nbsp;&nbsp;&nbsp;nrf_gpio_port_set
<LI><a href="#[bb]">&gt;&gt;</a>&nbsp;&nbsp;&nbsp;nrf_gpio_port_clear
<LI><a href="#[bf]">&gt;&gt;</a>&nbsp;&nbsp;&nbsp;SpiSendByte
</UL>
<BR>[Called By]<UL><LI><a href="#[98]">&gt;&gt;</a>&nbsp;&nbsp;&nbsp;EPD_1IN54_SetCursor
<LI><a href="#[b2]">&gt;&gt;</a>&nbsp;&nbsp;&nbsp;MyePaperDualInit
<LI><a href="#[6e]">&gt;&gt;</a>&nbsp;&nbsp;&nbsp;EPD_1IN54_DrawObjStartScrin
<LI><a href="#[70]">&gt;&gt;</a>&nbsp;&nbsp;&nbsp;MyePaperInit
<LI><a href="#[6a]">&gt;&gt;</a>&nbsp;&nbsp;&nbsp;EPD_1IN54_myDrawString
<LI><a href="#[66]">&gt;&gt;</a>&nbsp;&nbsp;&nbsp;EPD_1IN54_TurnOnDisplay
<LI><a href="#[99]">&gt;&gt;</a>&nbsp;&nbsp;&nbsp;EPD_1IN54_SetWindow
<LI><a href="#[8f]">&gt;&gt;</a>&nbsp;&nbsp;&nbsp;EPD_1IN54_PrintRamString
<LI><a href="#[8b]">&gt;&gt;</a>&nbsp;&nbsp;&nbsp;EPD_1IN54_PrintPicture
<LI><a href="#[65]">&gt;&gt;</a>&nbsp;&nbsp;&nbsp;EPD_1IN54_PrintFillRectagle
<LI><a href="#[87]">&gt;&gt;</a>&nbsp;&nbsp;&nbsp;EPD_1IN54_LineY
<LI><a href="#[88]">&gt;&gt;</a>&nbsp;&nbsp;&nbsp;EPD_1IN54_LineX
</UL>

<P><STRONG><a name="[72]"></a>SendData</STRONG> (Thumb, 36 bytes, Stack size 8 bytes, myepaper.o(i.SendData))
<BR><BR>[Stack]<UL><LI>Max Depth = 40<LI>Call Chain = SendData &rArr; SpiSendByte &rArr; Soft_Spi_Transmit
</UL>
<BR>[Calls]<UL><LI><a href="#[ba]">&gt;&gt;</a>&nbsp;&nbsp;&nbsp;nrf_gpio_port_set
<LI><a href="#[bb]">&gt;&gt;</a>&nbsp;&nbsp;&nbsp;nrf_gpio_port_clear
<LI><a href="#[bf]">&gt;&gt;</a>&nbsp;&nbsp;&nbsp;SpiSendByte
</UL>
<BR>[Called By]<UL><LI><a href="#[98]">&gt;&gt;</a>&nbsp;&nbsp;&nbsp;EPD_1IN54_SetCursor
<LI><a href="#[b2]">&gt;&gt;</a>&nbsp;&nbsp;&nbsp;MyePaperDualInit
<LI><a href="#[6e]">&gt;&gt;</a>&nbsp;&nbsp;&nbsp;EPD_1IN54_DrawObjStartScrin
<LI><a href="#[70]">&gt;&gt;</a>&nbsp;&nbsp;&nbsp;MyePaperInit
<LI><a href="#[9b]">&gt;&gt;</a>&nbsp;&nbsp;&nbsp;EPD_1IN54_outString
<LI><a href="#[9c]">&gt;&gt;</a>&nbsp;&nbsp;&nbsp;EPD_1IN54_outIntString
<LI><a href="#[6a]">&gt;&gt;</a>&nbsp;&nbsp;&nbsp;EPD_1IN54_myDrawString
<LI><a href="#[66]">&gt;&gt;</a>&nbsp;&nbsp;&nbsp;EPD_1IN54_TurnOnDisplay
<LI><a href="#[99]">&gt;&gt;</a>&nbsp;&nbsp;&nbsp;EPD_1IN54_SetWindow
<LI><a href="#[8f]">&gt;&gt;</a>&nbsp;&nbsp;&nbsp;EPD_1IN54_PrintRamString
<LI><a href="#[8b]">&gt;&gt;</a>&nbsp;&nbsp;&nbsp;EPD_1IN54_PrintPicture
</UL>

<P><STRONG><a name="[c0]"></a>Soft_Spi_GPIO_DeInit</STRONG> (Thumb, 28 bytes, Stack size 8 bytes, mysoftspi.o(i.Soft_Spi_GPIO_DeInit))
<BR><BR>[Stack]<UL><LI>Max Depth = 52<LI>Call Chain = Soft_Spi_GPIO_DeInit &rArr; nrf_gpio_cfg_input &rArr; nrf_gpio_cfg
</UL>
<BR>[Calls]<UL><LI><a href="#[c1]">&gt;&gt;</a>&nbsp;&nbsp;&nbsp;nrf_gpio_cfg_input
</UL>
<BR>[Called By]<UL><LI><a href="#[ae]">&gt;&gt;</a>&nbsp;&nbsp;&nbsp;powerDeInit
<LI><a href="#[1f]">&gt;&gt;</a>&nbsp;&nbsp;&nbsp;main
</UL>

<P><STRONG><a name="[c2]"></a>Soft_Spi_GPIO_Init</STRONG> (Thumb, 24 bytes, Stack size 8 bytes, mysoftspi.o(i.Soft_Spi_GPIO_Init))
<BR><BR>[Stack]<UL><LI>Max Depth = 52<LI>Call Chain = Soft_Spi_GPIO_Init &rArr; nrf_gpio_cfg_input &rArr; nrf_gpio_cfg
</UL>
<BR>[Calls]<UL><LI><a href="#[c3]">&gt;&gt;</a>&nbsp;&nbsp;&nbsp;nrf_gpio_cfg_output
<LI><a href="#[c1]">&gt;&gt;</a>&nbsp;&nbsp;&nbsp;nrf_gpio_cfg_input
</UL>
<BR>[Called By]<UL><LI><a href="#[aa]">&gt;&gt;</a>&nbsp;&nbsp;&nbsp;powerInit
<LI><a href="#[1f]">&gt;&gt;</a>&nbsp;&nbsp;&nbsp;main
</UL>

<P><STRONG><a name="[c5]"></a>Soft_Spi_Transmit</STRONG> (Thumb, 78 bytes, Stack size 16 bytes, mysoftspi.o(i.Soft_Spi_Transmit))
<BR><BR>[Stack]<UL><LI>Max Depth = 16<LI>Call Chain = Soft_Spi_Transmit
</UL>
<BR>[Called By]<UL><LI><a href="#[c4]">&gt;&gt;</a>&nbsp;&nbsp;&nbsp;Soft_Spi_TransmitReceive
<LI><a href="#[bf]">&gt;&gt;</a>&nbsp;&nbsp;&nbsp;SpiSendByte
</UL>

<P><STRONG><a name="[c4]"></a>Soft_Spi_TransmitReceive</STRONG> (Thumb, 92 bytes, Stack size 36 bytes, mysoftspi.o(i.Soft_Spi_TransmitReceive))
<BR><BR>[Stack]<UL><LI>Max Depth = 52<LI>Call Chain = Soft_Spi_TransmitReceive &rArr; Soft_Spi_Transmit
</UL>
<BR>[Calls]<UL><LI><a href="#[c5]">&gt;&gt;</a>&nbsp;&nbsp;&nbsp;Soft_Spi_Transmit
</UL>
<BR>[Called By]<UL><LI><a href="#[b0]">&gt;&gt;</a>&nbsp;&nbsp;&nbsp;W25Q_ReadData
<LI><a href="#[be]">&gt;&gt;</a>&nbsp;&nbsp;&nbsp;W25Q_WritePage
<LI><a href="#[d2]">&gt;&gt;</a>&nbsp;&nbsp;&nbsp;W25Q_SpiSendData
<LI><a href="#[d8]">&gt;&gt;</a>&nbsp;&nbsp;&nbsp;W25Q_SpiReadReg
<LI><a href="#[d7]">&gt;&gt;</a>&nbsp;&nbsp;&nbsp;W25Q_SendByte
</UL>

<P><STRONG><a name="[c6]"></a>Soft_Spi_TransmitSameBit</STRONG> (Thumb, 58 bytes, Stack size 8 bytes, mysoftspi.o(i.Soft_Spi_TransmitSameBit))
<BR><BR>[Stack]<UL><LI>Max Depth = 8<LI>Call Chain = Soft_Spi_TransmitSameBit
</UL>
<BR>[Called By]<UL><LI><a href="#[92]">&gt;&gt;</a>&nbsp;&nbsp;&nbsp;SpiSendSameBit
</UL>

<P><STRONG><a name="[c7]"></a>Soft_Spi_TransmitSameByte</STRONG> (Thumb, 76 bytes, Stack size 16 bytes, mysoftspi.o(i.Soft_Spi_TransmitSameByte))
<BR><BR>[Stack]<UL><LI>Max Depth = 16<LI>Call Chain = Soft_Spi_TransmitSameByte
</UL>
<BR>[Called By]<UL><LI><a href="#[91]">&gt;&gt;</a>&nbsp;&nbsp;&nbsp;SpiSendSameByte
</UL>

<P><STRONG><a name="[bf]"></a>SpiSendByte</STRONG> (Thumb, 16 bytes, Stack size 16 bytes, myepaper.o(i.SpiSendByte))
<BR><BR>[Stack]<UL><LI>Max Depth = 32<LI>Call Chain = SpiSendByte &rArr; Soft_Spi_Transmit
</UL>
<BR>[Calls]<UL><LI><a href="#[c5]">&gt;&gt;</a>&nbsp;&nbsp;&nbsp;Soft_Spi_Transmit
</UL>
<BR>[Called By]<UL><LI><a href="#[72]">&gt;&gt;</a>&nbsp;&nbsp;&nbsp;SendData
[...]
<BR><BR>[Stack]<UL><LI>Max Depth = 120<LI>Call Chain = store_sub_state_sm_run &rArr; main_state_err_busy_process &rArr; sm_state_change &rArr; state_entry_action_run &rArr; state_store_entry_run &rArr; store_cmd_flash_write_execute &rArr; flash_write &rArr; flash_api_err_code_process &rArr; app_notify_error_state_transit &rArr;  sm_state_change (Cycle)
</UL>
<BR>[Calls]<UL><LI><a href="#[1b8]">&gt;&gt;</a>&nbsp;&nbsp;&nbsp;store_cmd_flash_write_execute
<LI><a href="#[172]">&gt;&gt;</a>&nbsp;&nbsp;&nbsp;main_state_err_busy_process
<LI><a href="#[14b]">&gt;&gt;</a>&nbsp;&nbsp;&nbsp;command_end_procedure_run
</UL>
<BR>[Called By]<UL><LI><a href="#[175]">&gt;&gt;</a>&nbsp;&nbsp;&nbsp;flash_operation_success_run
</UL>

<P><STRONG><a name="[49]"></a>swap_erase_state_run</STRONG> (Thumb, 28 bytes, Stack size 8 bytes, pstorage.o(i.swap_erase_state_run))
<BR><BR>[Stack]<UL><LI>Max Depth = 32<LI>Call Chain = swap_erase_state_run &rArr; swap_sub_state_err_busy_process &rArr; swap_sub_state_state_change &rArr; swap_sub_state_entry_action_run
</UL>
<BR>[Calls]<UL><LI><a href="#[15d]">&gt;&gt;</a>&nbsp;&nbsp;&nbsp;swap_sub_state_state_change
<LI><a href="#[160]">&gt;&gt;</a>&nbsp;&nbsp;&nbsp;swap_sub_state_err_busy_process
</UL>
<BR>[Address Reference Count : 1]<UL><LI> pstorage.o(.constdata)
</UL>
<P><STRONG><a name="[15f]"></a>swap_sub_sm_exit_action_run</STRONG> (Thumb, 8 bytes, Stack size 8 bytes, pstorage.o(i.swap_sub_sm_exit_action_run))
<BR><BR>[Stack]<UL><LI>Max Depth = 128<LI>Call Chain = swap_sub_sm_exit_action_run &rArr; clear_post_processing_run &rArr; store_operation_execute &rArr; sm_state_change &rArr; state_entry_action_run &rArr; state_store_entry_run &rArr; store_cmd_flash_write_execute &rArr; flash_write &rArr; flash_api_err_code_process &rArr; app_notify_error_state_transit &rArr;  sm_state_change (Cycle)
</UL>
<BR>[Calls]<UL><LI><a href="#[14a]">&gt;&gt;</a>&nbsp;&nbsp;&nbsp;clear_post_processing_run
</UL>
<BR>[Called By]<UL><LI><a href="#[4c]">&gt;&gt;</a>&nbsp;&nbsp;&nbsp;tail_restore_state_run
<LI><a href="#[4d]">&gt;&gt;</a>&nbsp;&nbsp;&nbsp;head_restore_state_run
<LI><a href="#[4b]">&gt;&gt;</a>&nbsp;&nbsp;&nbsp;data_page_erase_state_run
</UL>

<P><STRONG><a name="[1b9]"></a>swap_sub_state_entry_action_run</STRONG> (Thumb, 16 bytes, Stack size 8 bytes, pstorage.o(i.swap_sub_state_entry_action_run))
<BR><BR>[Stack]<UL><LI>Max Depth = 8<LI>Call Chain = swap_sub_state_entry_action_run
</UL>
<BR>[Called By]<UL><LI><a href="#[15d]">&gt;&gt;</a>&nbsp;&nbsp;&nbsp;swap_sub_state_state_change
</UL>

<P><STRONG><a name="[160]"></a>swap_sub_state_err_busy_process</STRONG> (Thumb, 24 bytes, Stack size 8 bytes, pstorage.o(i.swap_sub_state_err_busy_process))
<BR><BR>[Stack]<UL><LI>Max Depth = 24<LI>Call Chain = swap_sub_state_err_busy_process &rArr; swap_sub_state_state_change &rArr; swap_sub_state_entry_action_run
</UL>
<BR>[Calls]<UL><LI><a href="#[15d]">&gt;&gt;</a>&nbsp;&nbsp;&nbsp;swap_sub_state_state_change
</UL>
<BR>[Called By]<UL><LI><a href="#[4c]">&gt;&gt;</a>&nbsp;&nbsp;&nbsp;tail_restore_state_run
<LI><a href="#[49]">&gt;&gt;</a>&nbsp;&nbsp;&nbsp;swap_erase_state_run
<LI><a href="#[4d]">&gt;&gt;</a>&nbsp;&nbsp;&nbsp;head_restore_state_run
<LI><a href="#[4a]">&gt;&gt;</a>&nbsp;&nbsp;&nbsp;data_to_swap_write_state_run
<LI><a href="#[4b]">&gt;&gt;</a>&nbsp;&nbsp;&nbsp;data_page_erase_state_run
</UL>

<P><STRONG><a name="[177]"></a>swap_sub_state_sm_run</STRONG> (Thumb, 16 bytes, Stack size 8 bytes, pstorage.o(i.swap_sub_state_sm_run))
<BR><BR>[Stack]<UL><LI>Max Depth = 8<LI>Call Chain = swap_sub_state_sm_run
</UL>
<BR>[Called By]<UL><LI><a href="#[175]">&gt;&gt;</a>&nbsp;&nbsp;&nbsp;flash_operation_success_run
</UL>

<P><STRONG><a name="[15d]"></a>swap_sub_state_state_change</STRONG> (Thumb, 14 bytes, Stack size 8 bytes, pstorage.o(i.swap_sub_state_state_change))
<BR><BR>[Stack]<UL><LI>Max Depth = 16<LI>Call Chain = swap_sub_state_state_change &rArr; swap_sub_state_entry_action_run
</UL>
<BR>[Calls]<UL><LI><a href="#[1b9]">&gt;&gt;</a>&nbsp;&nbsp;&nbsp;swap_sub_state_entry_action_run
</UL>
<BR>[Called By]<UL><LI><a href="#[160]">&gt;&gt;</a>&nbsp;&nbsp;&nbsp;swap_sub_state_err_busy_process
<LI><a href="#[49]">&gt;&gt;</a>&nbsp;&nbsp;&nbsp;swap_erase_state_run
<LI><a href="#[1b5]">&gt;&gt;</a>&nbsp;&nbsp;&nbsp;state_data_erase_swap_entry_run
<LI><a href="#[4d]">&gt;&gt;</a>&nbsp;&nbsp;&nbsp;head_restore_state_run
<LI><a href="#[174]">&gt;&gt;</a>&nbsp;&nbsp;&nbsp;flash_operation_failure_run
<LI><a href="#[4a]">&gt;&gt;</a>&nbsp;&nbsp;&nbsp;data_to_swap_write_state_run
<LI><a href="#[4b]">&gt;&gt;</a>&nbsp;&nbsp;&nbsp;data_page_erase_state_run
</UL>

<P><STRONG><a name="[4c]"></a>tail_restore_state_run</STRONG> (Thumb, 26 bytes, Stack size 8 bytes, pstorage.o(i.tail_restore_state_run))
<BR><BR>[Stack]<UL><LI>Max Depth = 136<LI>Call Chain = tail_restore_state_run &rArr; swap_sub_sm_exit_action_run &rArr; clear_post_processing_run &rArr; store_operation_execute &rArr; sm_state_change &rArr; state_entry_action_run &rArr; state_store_entry_run &rArr; store_cmd_flash_write_execute &rArr; flash_write &rArr; flash_api_err_code_process &rArr; app_notify_error_state_transit &rArr;  sm_state_change (Cycle)
</UL>
<BR>[Calls]<UL><LI><a href="#[160]">&gt;&gt;</a>&nbsp;&nbsp;&nbsp;swap_sub_state_err_busy_process
<LI><a href="#[15f]">&gt;&gt;</a>&nbsp;&nbsp;&nbsp;swap_sub_sm_exit_action_run
</UL>
<BR>[Address Reference Count : 1]<UL><LI> pstorage.o(.constdata)
</UL>
<P><STRONG><a name="[149]"></a>tail_word_size_calculate</STRONG> (Thumb, 84 bytes, Stack size 32 bytes, pstorage.o(i.tail_word_size_calculate))
<BR><BR>[Stack]<UL><LI>Max Depth = 60<LI>Call Chain = tail_word_size_calculate &rArr; __aeabi_idivmod &rArr; __aeabi_uidivmod
</UL>
<BR>[Calls]<UL><LI><a href="#[148]">&gt;&gt;</a>&nbsp;&nbsp;&nbsp;pstorage_flash_page_size
<LI><a href="#[51]">&gt;&gt;</a>&nbsp;&nbsp;&nbsp;__aeabi_idivmod
</UL>
<BR>[Called By]<UL><LI><a href="#[147]">&gt;&gt;</a>&nbsp;&nbsp;&nbsp;clear_operation_execute
</UL>

<P><STRONG><a name="[14e]"></a>update_operation_execute</STRONG> (Thumb, 8 bytes, Stack size 8 bytes, pstorage.o(i.update_operation_execute))
<BR><BR>[Stack]<UL><LI>Max Depth = 160<LI>Call Chain = update_operation_execute &rArr; clear_operation_execute &rArr; sm_state_change &rArr; state_entry_action_run &rArr; state_store_entry_run &rArr; store_cmd_flash_write_execute &rArr; flash_write &rArr; flash_api_err_code_process &rArr; app_notify_error_state_transit &rArr;  sm_state_change (Cycle)
</UL>
<BR>[Calls]<UL><LI><a href="#[147]">&gt;&gt;</a>&nbsp;&nbsp;&nbsp;clear_operation_execute
</UL>
<BR>[Called By]<UL><LI><a href="#[14d]">&gt;&gt;</a>&nbsp;&nbsp;&nbsp;cmd_process
</UL>

<P><STRONG><a name="[24]"></a>detection_delay_timeout_handler</STRONG> (Thumb, 124 bytes, Stack size 24 bytes, app_button.o(i.detection_delay_timeout_handler))
<BR><BR>[Stack]<UL><LI>Max Depth = 24<LI>Call Chain = detection_delay_timeout_handler
</UL>
<BR>[Calls]<UL><LI><a href="#[161]">&gt;&gt;</a>&nbsp;&nbsp;&nbsp;nrf_drv_gpiote_in_is_set
</UL>
<BR>[Address Reference Count : 1]<UL><LI> app_button.o(i.app_button_init)
</UL>
<P><STRONG><a name="[23]"></a>gpiote_event_handler</STRONG> (Thumb, 112 bytes, Stack size 24 bytes, app_button.o(i.gpiote_event_handler))
<BR><BR>[Stack]<UL><LI>Max Depth = 112<LI>Call Chain = gpiote_event_handler &rArr; app_timer_start &rArr; timer_start_op_schedule &rArr; user_op_alloc
</UL>
<BR>[Calls]<UL><LI><a href="#[fc]">&gt;&gt;</a>&nbsp;&nbsp;&nbsp;app_timer_start
<LI><a href="#[ff]">&gt;&gt;</a>&nbsp;&nbsp;&nbsp;app_timer_stop
<LI><a href="#[161]">&gt;&gt;</a>&nbsp;&nbsp;&nbsp;nrf_drv_gpiote_in_is_set
</UL>
<BR>[Address Reference Count : 1]<UL><LI> app_button.o(i.app_button_init)
</UL>
<P><STRONG><a name="[f7]"></a>NVIC_ClearPendingIRQ</STRONG> (Thumb, 14 bytes, Stack size 0 bytes, app_timer.o(i.NVIC_ClearPendingIRQ))
<BR><BR>[Called By]<UL><LI><a href="#[f5]">&gt;&gt;</a>&nbsp;&nbsp;&nbsp;app_timer_init
<LI><a href="#[156]">&gt;&gt;</a>&nbsp;&nbsp;&nbsp;rtc1_start
</UL>

<P><STRONG><a name="[f9]"></a>NVIC_EnableIRQ</STRONG> (Thumb, 14 bytes, Stack size 0 bytes, app_timer.o(i.NVIC_EnableIRQ))
<BR><BR>[Called By]<UL><LI><a href="#[f5]">&gt;&gt;</a>&nbsp;&nbsp;&nbsp;app_timer_init
<LI><a href="#[156]">&gt;&gt;</a>&nbsp;&nbsp;&nbsp;rtc1_start
</UL>

<P><STRONG><a name="[1be]"></a>NVIC_SetPendingIRQ</STRONG> (Thumb, 14 bytes, Stack size 0 bytes, app_timer.o(i.NVIC_SetPendingIRQ))
<BR><BR>[Called By]<UL><LI><a href="#[158]">&gt;&gt;</a>&nbsp;&nbsp;&nbsp;timer_timeouts_check_sched
<LI><a href="#[1bd]">&gt;&gt;</a>&nbsp;&nbsp;&nbsp;timer_list_handler_sched
</UL>

<P><STRONG><a name="[f8]"></a>NVIC_SetPriority</STRONG> (Thumb, 110 bytes, Stack size 8 bytes, app_timer.o(i.NVIC_SetPriority))
<BR><BR>[Stack]<UL><LI>Max Depth = 8<LI>Call Chain = NVIC_SetPriority
</UL>
<BR>[Called By]<UL><LI><a href="#[f5]">&gt;&gt;</a>&nbsp;&nbsp;&nbsp;app_timer_init
<LI><a href="#[fa]">&gt;&gt;</a>&nbsp;&nbsp;&nbsp;rtc1_init
</UL>

<P><STRONG><a name="[154]"></a>compare_reg_update</STRONG> (Thumb, 126 bytes, Stack size 32 bytes, app_timer.o(i.compare_reg_update))
<BR><BR>[Stack]<UL><LI>Max Depth = 40<LI>Call Chain = compare_reg_update &rArr; timer_timeouts_check_sched
</UL>
<BR>[Calls]<UL><LI><a href="#[50]">&gt;&gt;</a>&nbsp;&nbsp;&nbsp;__asm___11_app_timer_c_cd27f9c3__nrf_delay_us
<LI><a href="#[158]">&gt;&gt;</a>&nbsp;&nbsp;&nbsp;timer_timeouts_check_sched
<LI><a href="#[155]">&gt;&gt;</a>&nbsp;&nbsp;&nbsp;ticks_diff_get
<LI><a href="#[f6]">&gt;&gt;</a>&nbsp;&nbsp;&nbsp;rtc1_stop
<LI><a href="#[156]">&gt;&gt;</a>&nbsp;&nbsp;&nbsp;rtc1_start
<LI><a href="#[fb]">&gt;&gt;</a>&nbsp;&nbsp;&nbsp;rtc1_counter_get
<LI><a href="#[157]">&gt;&gt;</a>&nbsp;&nbsp;&nbsp;rtc1_compare0_set
</UL>
<BR>[Called By]<UL><LI><a href="#[bc]">&gt;&gt;</a>&nbsp;&nbsp;&nbsp;timer_list_handler
</UL>

<P><STRONG><a name="[1c9]"></a>current_int_priority_get</STRONG> (Thumb, 84 bytes, Stack size 8 bytes, app_timer.o(i.current_int_priority_get))
<BR><BR>[Stack]<UL><LI>Max Depth = 8<LI>Call Chain = current_int_priority_get
</UL>
<BR>[Called By]<UL><LI><a href="#[fd]">&gt;&gt;</a>&nbsp;&nbsp;&nbsp;user_id_get
</UL>

<P><STRONG><a name="[1bb]"></a>elapsed_ticks_acquire</STRONG> (Thumb, 82 bytes, Stack size 0 bytes, app_timer.o(i.elapsed_ticks_acquire))
<BR><BR>[Called By]<UL><LI><a href="#[bc]">&gt;&gt;</a>&nbsp;&nbsp;&nbsp;timer_list_handler
</UL>

<P><STRONG><a name="[1bc]"></a>expired_timers_handler</STRONG> (Thumb, 86 bytes, Stack size 20 bytes, app_timer.o(i.expired_timers_handler))
<BR><BR>[Stack]<UL><LI>Max Depth = 20<LI>Call Chain = expired_timers_handler
</UL>
<BR>[Called By]<UL><LI><a href="#[bc]">&gt;&gt;</a>&nbsp;&nbsp;&nbsp;timer_list_handler
</UL>

<P><STRONG><a name="[17f]"></a>list_deletions_handler</STRONG> (Thumb, 136 bytes, Stack size 24 bytes, app_timer.o(i.list_deletions_handler))
<BR><BR>[Stack]<UL><LI>Max Depth = 36<LI>Call Chain = list_deletions_handler &rArr; timer_list_remove
</UL>
<BR>[Calls]<UL><LI><a href="#[180]">&gt;&gt;</a>&nbsp;&nbsp;&nbsp;timer_list_remove
</UL>
<BR>[Called By]<UL><LI><a href="#[bc]">&gt;&gt;</a>&nbsp;&nbsp;&nbsp;timer_list_handler
</UL>

<P><STRONG><a name="[181]"></a>list_insertions_handler</STRONG> (Thumb, 248 bytes, Stack size 32 bytes, app_timer.o(i.list_insertions_handler))
<BR><BR>[Stack]<UL><LI>Max Depth = 40<LI>Call Chain = list_insertions_handler &rArr; timer_list_insert
</UL>
<BR>[Calls]<UL><LI><a href="#[182]">&gt;&gt;</a>&nbsp;&nbsp;&nbsp;timer_list_insert
<LI><a href="#[155]">&gt;&gt;</a>&nbsp;&nbsp;&nbsp;ticks_diff_get
</UL>
<BR>[Called By]<UL><LI><a href="#[bc]">&gt;&gt;</a>&nbsp;&nbsp;&nbsp;timer_list_handler
</UL>

<P><STRONG><a name="[157]"></a>rtc1_compare0_set</STRONG> (Thumb, 6 bytes, Stack size 0 bytes, app_timer.o(i.rtc1_compare0_set))
<BR><BR>[Called By]<UL><LI><a href="#[154]">&gt;&gt;</a>&nbsp;&nbsp;&nbsp;compare_reg_update
</UL>

<P><STRONG><a name="[fb]"></a>rtc1_counter_get</STRONG> (Thumb, 6 bytes, Stack size 0 bytes, app_timer.o(i.rtc1_counter_get))
<BR><BR>[Called By]<UL><LI><a href="#[f5]">&gt;&gt;</a>&nbsp;&nbsp;&nbsp;app_timer_init
<LI><a href="#[154]">&gt;&gt;</a>&nbsp;&nbsp;&nbsp;compare_reg_update
<LI><a href="#[b9]">&gt;&gt;</a>&nbsp;&nbsp;&nbsp;timer_timeouts_check
<LI><a href="#[fe]">&gt;&gt;</a>&nbsp;&nbsp;&nbsp;timer_start_op_schedule
</UL>

<P><STRONG><a name="[fa]"></a>rtc1_init</STRONG> (Thumb, 18 bytes, Stack size 8 bytes, app_timer.o(i.rtc1_init))
<BR><BR>[Stack]<UL><LI>Max Depth = 16<LI>Call Chain = rtc1_init &rArr; NVIC_SetPriority
</UL>
<BR>[Calls]<UL><LI><a href="#[f8]">&gt;&gt;</a>&nbsp;&nbsp;&nbsp;NVIC_SetPriority
</UL>
<BR>[Called By]<UL><LI><a href="#[f5]">&gt;&gt;</a>&nbsp;&nbsp;&nbsp;app_timer_init
</UL>

<P><STRONG><a name="[156]"></a>rtc1_start</STRONG> (Thumb, 48 bytes, Stack size 8 bytes, app_timer.o(i.rtc1_start))
<BR><BR>[Stack]<UL><LI>Max Depth = 8<LI>Call Chain = rtc1_start
</UL>
<BR>[Calls]<UL><LI><a href="#[f9]">&gt;&gt;</a>&nbsp;&nbsp;&nbsp;NVIC_EnableIRQ
<LI><a href="#[f7]">&gt;&gt;</a>&nbsp;&nbsp;&nbsp;NVIC_ClearPendingIRQ
<LI><a href="#[50]">&gt;&gt;</a>&nbsp;&nbsp;&nbsp;__asm___11_app_timer_c_cd27f9c3__nrf_delay_us
</UL>
<BR>[Called By]<UL><LI><a href="#[154]">&gt;&gt;</a>&nbsp;&nbsp;&nbsp;compare_reg_update
</UL>

<P><STRONG><a name="[f6]"></a>rtc1_stop</STRONG> (Thumb, 66 bytes, Stack size 8 bytes, app_timer.o(i.rtc1_stop))
<BR><BR>[Stack]<UL><LI>Max Depth = 8<LI>Call Chain = rtc1_stop
</UL>
<BR>[Calls]<UL><LI><a href="#[50]">&gt;&gt;</a>&nbsp;&nbsp;&nbsp;__asm___11_app_timer_c_cd27f9c3__nrf_delay_us
</UL>
<BR>[Called By]<UL><LI><a href="#[f5]">&gt;&gt;</a>&nbsp;&nbsp;&nbsp;app_timer_init
<LI><a href="#[154]">&gt;&gt;</a>&nbsp;&nbsp;&nbsp;compare_reg_update
</UL>

<P><STRONG><a name="[155]"></a>ticks_diff_get</STRONG> (Thumb, 10 bytes, Stack size 0 bytes, app_timer.o(i.ticks_diff_get))
<BR><BR>[Called By]<UL><LI><a href="#[181]">&gt;&gt;</a>&nbsp;&nbsp;&nbsp;list_insertions_handler
<LI><a href="#[154]">&gt;&gt;</a>&nbsp;&nbsp;&nbsp;compare_reg_update
<LI><a href="#[b9]">&gt;&gt;</a>&nbsp;&nbsp;&nbsp;timer_timeouts_check
</UL>

<P><STRONG><a name="[1ba]"></a>timeout_handler_exec</STRONG> (Thumb, 54 bytes, Stack size 16 bytes, app_timer.o(i.timeout_handler_exec))
<BR><BR>[Stack]<UL><LI>Max Depth = 32<LI>Call Chain = timeout_handler_exec &rArr; app_error_handler_bare
</UL>
<BR>[Calls]<UL><LI><a href="#[58]">&gt;&gt;</a>&nbsp;&nbsp;&nbsp;app_error_handler_bare
</UL>
<BR>[Called By]<UL><LI><a href="#[b9]">&gt;&gt;</a>&nbsp;&nbsp;&nbsp;timer_timeouts_check
</UL>

<P><STRONG><a name="[bc]"></a>timer_list_handler</STRONG> (Thumb, 74 bytes, Stack size 32 bytes, app_timer.o(i.timer_list_handler))
<BR><BR>[Stack]<UL><LI>Max Depth = 72<LI>Call Chain = timer_list_handler &rArr; list_insertions_handler &rArr; timer_list_insert
</UL>
<BR>[Calls]<UL><LI><a href="#[181]">&gt;&gt;</a>&nbsp;&nbsp;&nbsp;list_insertions_handler
<LI><a href="#[17f]">&gt;&gt;</a>&nbsp;&nbsp;&nbsp;list_deletions_handler
<LI><a href="#[1bc]">&gt;&gt;</a>&nbsp;&nbsp;&nbsp;expired_timers_handler
<LI><a href="#[1bb]">&gt;&gt;</a>&nbsp;&nbsp;&nbsp;elapsed_ticks_acquire
<LI><a href="#[154]">&gt;&gt;</a>&nbsp;&nbsp;&nbsp;compare_reg_update
</UL>
<BR>[Called By]<UL><LI><a href="#[19]">&gt;&gt;</a>&nbsp;&nbsp;&nbsp;SWI0_IRQHandler
</UL>

<P><STRONG><a name="[1bd]"></a>timer_list_handler_sched</STRONG> (Thumb, 10 bytes, Stack size 8 bytes, app_timer.o(i.timer_list_handler_sched))
<BR><BR>[Stack]<UL><LI>Max Depth = 8<LI>Call Chain = timer_list_handler_sched
</UL>
<BR>[Calls]<UL><LI><a href="#[1be]">&gt;&gt;</a>&nbsp;&nbsp;&nbsp;NVIC_SetPendingIRQ
</UL>
<BR>[Called By]<UL><LI><a href="#[b9]">&gt;&gt;</a>&nbsp;&nbsp;&nbsp;timer_timeouts_check
<LI><a href="#[100]">&gt;&gt;</a>&nbsp;&nbsp;&nbsp;timer_stop_op_schedule
<LI><a href="#[fe]">&gt;&gt;</a>&nbsp;&nbsp;&nbsp;timer_start_op_schedule
</UL>

<P><STRONG><a name="[182]"></a>timer_list_insert</STRONG> (Thumb, 104 bytes, Stack size 8 bytes, app_timer.o(i.timer_list_insert))
<BR><BR>[Stack]<UL><LI>Max Depth = 8<LI>Call Chain = timer_list_insert
</UL>
<BR>[Called By]<UL><LI><a href="#[181]">&gt;&gt;</a>&nbsp;&nbsp;&nbsp;list_insertions_handler
</UL>

<P><STRONG><a name="[180]"></a>timer_list_remove</STRONG> (Thumb, 96 bytes, Stack size 12 bytes, app_timer.o(i.timer_list_remove))
<BR><BR>[Stack]<UL><LI>Max Depth = 12<LI>Call Chain = timer_list_remove
</UL>
<BR>[Called By]<UL><LI><a href="#[17f]">&gt;&gt;</a>&nbsp;&nbsp;&nbsp;list_deletions_handler
</UL>

<P><STRONG><a name="[fe]"></a>timer_start_op_schedule</STRONG> (Thumb, 82 bytes, Stack size 40 bytes, app_timer.o(i.timer_start_op_schedule))
<BR><BR>[Stack]<UL><LI>Max Depth = 56<LI>Call Chain = timer_start_op_schedule &rArr; user_op_alloc
</UL>
<BR>[Calls]<UL><LI><a href="#[1c0]">&gt;&gt;</a>&nbsp;&nbsp;&nbsp;user_op_enque
<LI><a href="#[1bf]">&gt;&gt;</a>&nbsp;&nbsp;&nbsp;user_op_alloc
<LI><a href="#[1bd]">&gt;&gt;</a>&nbsp;&nbsp;&nbsp;timer_list_handler_sched
<LI><a href="#[fb]">&gt;&gt;</a>&nbsp;&nbsp;&nbsp;rtc1_counter_get
</UL>
<BR>[Called By]<UL><LI><a href="#[fc]">&gt;&gt;</a>&nbsp;&nbsp;&nbsp;app_timer_start
</UL>

<P><STRONG><a name="[100]"></a>timer_stop_op_schedule</STRONG> (Thumb, 60 bytes, Stack size 24 bytes, app_timer.o(i.timer_stop_op_schedule))
<BR><BR>[Stack]<UL><LI>Max Depth = 40<LI>Call Chain = timer_stop_op_schedule &rArr; user_op_alloc
</UL>
<BR>[Calls]<UL><LI><a href="#[1c0]">&gt;&gt;</a>&nbsp;&nbsp;&nbsp;user_op_enque
<LI><a href="#[1bf]">&gt;&gt;</a>&nbsp;&nbsp;&nbsp;user_op_alloc
<LI><a href="#[1bd]">&gt;&gt;</a>&nbsp;&nbsp;&nbsp;timer_list_handler_sched
</UL>
<BR>[Called By]<UL><LI><a href="#[ff]">&gt;&gt;</a>&nbsp;&nbsp;&nbsp;app_timer_stop
</UL>

<P><STRONG><a name="[b9]"></a>timer_timeouts_check</STRONG> (Thumb, 128 bytes, Stack size 24 bytes, app_timer.o(i.timer_timeouts_check))
<BR><BR>[Stack]<UL><LI>Max Depth = 56<LI>Call Chain = timer_timeouts_check &rArr; timeout_handler_exec &rArr; app_error_handler_bare
</UL>
<BR>[Calls]<UL><LI><a href="#[1bd]">&gt;&gt;</a>&nbsp;&nbsp;&nbsp;timer_list_handler_sched
<LI><a href="#[1ba]">&gt;&gt;</a>&nbsp;&nbsp;&nbsp;timeout_handler_exec
<LI><a href="#[155]">&gt;&gt;</a>&nbsp;&nbsp;&nbsp;ticks_diff_get
<LI><a href="#[fb]">&gt;&gt;</a>&nbsp;&nbsp;&nbsp;rtc1_counter_get
</UL>
<BR>[Called By]<UL><LI><a href="#[16]">&gt;&gt;</a>&nbsp;&nbsp;&nbsp;RTC1_IRQHandler
</UL>

<P><STRONG><a name="[158]"></a>timer_timeouts_check_sched</STRONG> (Thumb, 10 bytes, Stack size 8 bytes, app_timer.o(i.timer_timeouts_check_sched))
<BR><BR>[Stack]<UL><LI>Max Depth = 8<LI>Call Chain = timer_timeouts_check_sched
</UL>
<BR>[Calls]<UL><LI><a href="#[1be]">&gt;&gt;</a>&nbsp;&nbsp;&nbsp;NVIC_SetPendingIRQ
</UL>
<BR>[Called By]<UL><LI><a href="#[154]">&gt;&gt;</a>&nbsp;&nbsp;&nbsp;compare_reg_update
</UL>

<P><STRONG><a name="[fd]"></a>user_id_get</STRONG> (Thumb, 34 bytes, Stack size 8 bytes, app_timer.o(i.user_id_get))
<BR><BR>[Stack]<UL><LI>Max Depth = 16<LI>Call Chain = user_id_get &rArr; current_int_priority_get
</UL>
<BR>[Calls]<UL><LI><a href="#[1c9]">&gt;&gt;</a>&nbsp;&nbsp;&nbsp;current_int_priority_get
</UL>
<BR>[Called By]<UL><LI><a href="#[fc]">&gt;&gt;</a>&nbsp;&nbsp;&nbsp;app_timer_start
<LI><a href="#[ff]">&gt;&gt;</a>&nbsp;&nbsp;&nbsp;app_timer_stop
</UL>

<P><STRONG><a name="[1bf]"></a>user_op_alloc</STRONG> (Thumb, 46 bytes, Stack size 16 bytes, app_timer.o(i.user_op_alloc))
<BR><BR>[Stack]<UL><LI>Max Depth = 16<LI>Call Chain = user_op_alloc
</UL>
<BR>[Called By]<UL><LI><a href="#[100]">&gt;&gt;</a>&nbsp;&nbsp;&nbsp;timer_stop_op_schedule
<LI><a href="#[fe]">&gt;&gt;</a>&nbsp;&nbsp;&nbsp;timer_start_op_schedule
</UL>

<P><STRONG><a name="[1c0]"></a>user_op_enque</STRONG> (Thumb, 4 bytes, Stack size 0 bytes, app_timer.o(i.user_op_enque))
<BR><BR>[Called By]<UL><LI><a href="#[100]">&gt;&gt;</a>&nbsp;&nbsp;&nbsp;timer_stop_op_schedule
<LI><a href="#[fe]">&gt;&gt;</a>&nbsp;&nbsp;&nbsp;timer_start_op_schedule
</UL>
<P>
<H3>
Undefined Global Symbols
</H3><HR></body></html>
