Component: ARM Compiler 5.06 update 4 (build 422) Tool: armlink [4d35d2]

==============================================================================

Section Cross References

    main.o(i.Key_timeout) refers to my_key_lib.o(i.my_KeyInit) for my_KeyInit
    main.o(i.Key_timeout) refers to my_key_lib.o(i.my_KeyRead) for my_KeyRead
    main.o(i.Key_timeout) refers to my_key_lib.o(i.my_KeyClk) for my_KeyClk
    main.o(i.Key_timeout) refers to main.o(i.powerInit) for powerInit
    main.o(i.Key_timeout) refers to myepaperobjektfunction.o(i.LoadRamParams) for LoadRamParams
    main.o(i.Key_timeout) refers to myepaperobjektfunction.o(i.KeyReaction) for KeyReaction
    main.o(i.Key_timeout) refers to my_key_lib.o(i.get_my_KeyEvent) for get_my_KeyEvent
    main.o(i.Key_timeout) refers to mysoftspi.o(i.Spi_While_ms) for Spi_While_ms
    main.o(i.Key_timeout) refers to myepaperobjektfunction.o(i.Save_params) for Save_params
    main.o(i.Key_timeout) refers to main.o(i.powerDeInit) for powerDeInit
    main.o(i.Key_timeout) refers to my_key_lib.o(i.my_KeyDeInit) for my_KeyDeInit
    main.o(i.Key_timeout) refers to main.o(.data) for bleRead
    main.o(i.Key_timeout) refers to myepaperobjektfunction.o(.data) for BLE_enable
    main.o(i.hendler_gpio_deinit) refers to nrf_drv_gpiote.o(i.nrf_drv_gpiote_in_uninit) for nrf_drv_gpiote_in_uninit
    main.o(i.hendler_gpio_deinit) refers to nrf_drv_gpiote.o(i.nrf_drv_gpiote_in_event_disable) for nrf_drv_gpiote_in_event_disable
    main.o(i.hendler_gpio_init) refers to nrf_drv_gpiote.o(i.nrf_drv_gpiote_init) for nrf_drv_gpiote_init
    main.o(i.hendler_gpio_init) refers to app_error.o(i.app_error_handler_bare) for app_error_handler_bare
    main.o(i.hendler_gpio_init) refers to nrf_drv_gpiote.o(i.nrf_drv_gpiote_in_init) for nrf_drv_gpiote_in_init
    main.o(i.hendler_gpio_init) refers to nrf_drv_gpiote.o(i.nrf_drv_gpiote_in_event_enable) for nrf_drv_gpiote_in_event_enable
    main.o(i.hendler_gpio_init) refers to main.o(.constdata) for .constdata
    main.o(i.hendler_gpio_init) refers to main.o(i.in_pin_handler) for in_pin_handler
    main.o(i.in_pin_handler) refers to main.o(.data) for KeyEnable
    main.o(i.lfclk_config) refers to nrf_drv_common.o(i.nrf_drv_common_irq_enable) for nrf_drv_common_irq_enable
    main.o(i.main) refers to mysoftspi.o(i.Soft_Spi_GPIO_Init) for Soft_Spi_GPIO_Init
    main.o(i.main) refers to w25q_flash.o(i.W25Q_Flash_init) for W25Q_Flash_init
    main.o(i.main) refers to w25q_flash.o(i.W25Q_ReadData) for W25Q_ReadData
    main.o(i.main) refers to mysoftspi.o(i.Soft_Spi_GPIO_DeInit) for Soft_Spi_GPIO_DeInit
    main.o(i.main) refers to w25q_flash.o(i.W25Q_DeInit) for W25Q_DeInit
    main.o(i.main) refers to my_key_lib.o(i.my_KeyInit) for my_KeyInit
    main.o(i.main) refers to main.o(i.nrf_gpio_cfg_output) for nrf_gpio_cfg_output
    main.o(i.main) refers to main.o(i.nrf_gpio_port_set) for nrf_gpio_port_set
    main.o(i.main) refers to myepaperobjektfunction.o(i.Save_params) for Save_params
    main.o(i.main) refers to my_key_lib.o(i.my_KeyClk) for my_KeyClk
    main.o(i.main) refers to main.o(i.Key_timeout) for Key_timeout
    main.o(i.main) refers to my_key_lib.o(i.my_KeyDeInit) for my_KeyDeInit
    main.o(i.main) refers to myble.o(i.Ble_Init) for Ble_Init
    main.o(i.main) refers to main.o(i.lfclk_config) for lfclk_config
    main.o(i.main) refers to main.o(i.rtc_config) for rtc_config
    main.o(i.main) refers to myble.o(i.BLE_power_manage) for BLE_power_manage
    main.o(i.main) refers to myepaperobjektfunction.o(.data) for currentScrinPosition
    main.o(i.main) refers to myepaperobjektfunction.o(.bss) for stackScrin
    main.o(i.main) refers to main.o(.data) for bleRead
    main.o(i.nrf_gpio_cfg_output) refers to main.o(i.nrf_gpio_cfg) for nrf_gpio_cfg
    main.o(i.powerDeInit) refers to main.o(i.nrf_gpio_cfg) for nrf_gpio_cfg
    main.o(i.powerDeInit) refers to mysoftspi.o(i.Soft_Spi_GPIO_DeInit) for Soft_Spi_GPIO_DeInit
    main.o(i.powerDeInit) refers to myepaper.o(i.MyePaper_GPIO_DeInit) for MyePaper_GPIO_DeInit
    main.o(i.powerDeInit) refers to w25q_flash.o(i.W25Q_DeInit) for W25Q_DeInit
    main.o(i.powerInit) refers to main.o(i.nrf_gpio_cfg_output) for nrf_gpio_cfg_output
    main.o(i.powerInit) refers to main.o(i.nrf_gpio_port_set) for nrf_gpio_port_set
    main.o(i.powerInit) refers to mysoftspi.o(i.Soft_Spi_GPIO_Init) for Soft_Spi_GPIO_Init
    main.o(i.powerInit) refers to myepaper.o(i.MyePaperDualInit) for MyePaperDualInit
    main.o(i.powerInit) refers to w25q_flash.o(i.W25Q_Flash_init) for W25Q_Flash_init
    main.o(i.rtc_config) refers to nrf_drv_rtc.o(i.nrf_drv_rtc_init) for nrf_drv_rtc_init
    main.o(i.rtc_config) refers to app_error.o(i.app_error_handler_bare) for app_error_handler_bare
    main.o(i.rtc_config) refers to nrf_drv_rtc.o(i.nrf_drv_rtc_tick_enable) for nrf_drv_rtc_tick_enable
    main.o(i.rtc_config) refers to nrf_drv_rtc.o(i.nrf_drv_rtc_overflow_enable) for nrf_drv_rtc_overflow_enable
[...]
    ADC_IRQHandler                           0x0001b119   Thumb Code     0  arm_startup_nrf51.o(.text)
    CCM_AAR_IRQHandler                       0x0001b119   Thumb Code     0  arm_startup_nrf51.o(.text)
    ECB_IRQHandler                           0x0001b119   Thumb Code     0  arm_startup_nrf51.o(.text)
    LPCOMP_IRQHandler                        0x0001b119   Thumb Code     0  arm_startup_nrf51.o(.text)
    POWER_CLOCK_IRQHandler                   0x0001b119   Thumb Code     0  arm_startup_nrf51.o(.text)
    QDEC_IRQHandler                          0x0001b119   Thumb Code     0  arm_startup_nrf51.o(.text)
    RADIO_IRQHandler                         0x0001b119   Thumb Code     0  arm_startup_nrf51.o(.text)
    RNG_IRQHandler                           0x0001b119   Thumb Code     0  arm_startup_nrf51.o(.text)
    SPI0_TWI0_IRQHandler                     0x0001b119   Thumb Code     0  arm_startup_nrf51.o(.text)
    SPI1_TWI1_IRQHandler                     0x0001b119   Thumb Code     0  arm_startup_nrf51.o(.text)
    SWI1_IRQHandler                          0x0001b119   Thumb Code     0  arm_startup_nrf51.o(.text)
    SWI3_IRQHandler                          0x0001b119   Thumb Code     0  arm_startup_nrf51.o(.text)
    SWI4_IRQHandler                          0x0001b119   Thumb Code     0  arm_startup_nrf51.o(.text)
    SWI5_IRQHandler                          0x0001b119   Thumb Code     0  arm_startup_nrf51.o(.text)
    TEMP_IRQHandler                          0x0001b119   Thumb Code     0  arm_startup_nrf51.o(.text)
    TIMER0_IRQHandler                        0x0001b119   Thumb Code     0  arm_startup_nrf51.o(.text)
    TIMER1_IRQHandler                        0x0001b119   Thumb Code     0  arm_startup_nrf51.o(.text)
    TIMER2_IRQHandler                        0x0001b119   Thumb Code     0  arm_startup_nrf51.o(.text)
    WDT_IRQHandler                           0x0001b119   Thumb Code     0  arm_startup_nrf51.o(.text)
    __aeabi_uidiv                            0x0001b12d   Thumb Code     0  uidiv.o(.text)
    __aeabi_uidivmod                         0x0001b12d   Thumb Code    44  uidiv.o(.text)
    __aeabi_idiv                             0x0001b159   Thumb Code     0  idiv.o(.text)
    __aeabi_idivmod                          0x0001b159   Thumb Code    40  idiv.o(.text)
    __aeabi_llsl                             0x0001b181   Thumb Code    32  llshl.o(.text)
    _ll_shift_l                              0x0001b181   Thumb Code     0  llshl.o(.text)
    __aeabi_llsr                             0x0001b1a1   Thumb Code    34  llushr.o(.text)
    _ll_ushift_r                             0x0001b1a1   Thumb Code     0  llushr.o(.text)
    __aeabi_memcpy                           0x0001b1c3   Thumb Code    36  memcpya.o(.text)
    __aeabi_memcpy4                          0x0001b1c3   Thumb Code     0  memcpya.o(.text)
    __aeabi_memcpy8                          0x0001b1c3   Thumb Code     0  memcpya.o(.text)
    __aeabi_memset                           0x0001b1e7   Thumb Code    14  memseta.o(.text)
    __aeabi_memset4                          0x0001b1e7   Thumb Code     0  memseta.o(.text)
    __aeabi_memset8                          0x0001b1e7   Thumb Code     0  memseta.o(.text)
    __aeabi_memclr                           0x0001b1f5   Thumb Code     4  memseta.o(.text)
    __aeabi_memclr4                          0x0001b1f5   Thumb Code     0  memseta.o(.text)
    __aeabi_memclr8                          0x0001b1f5   Thumb Code     0  memseta.o(.text)
    _memset$wrapper                          0x0001b1f9   Thumb Code    18  memseta.o(.text)
    strlen                                   0x0001b20b   Thumb Code    14  strlen.o(.text)
    memcmp                                   0x0001b219   Thumb Code    26  memcmp.o(.text)
    __scatterload                            0x0001b235   Thumb Code    28  init.o(.text)
    __scatterload_rt2                        0x0001b235   Thumb Code     0  init.o(.text)
    __decompress                             0x0001b259   Thumb Code     0  __dczerorl.o(.text)
    __decompress0                            0x0001b259   Thumb Code    58  __dczerorl.o(.text)
    BLE_power_manage                         0x0001b293   Thumb Code    28  myble.o(i.BLE_power_manage)
    Ble_Init                                 0x0001b2af   Thumb Code    72  myble.o(i.Ble_Init)
    ClearStack                               0x0001b2f9   Thumb Code    70  myepaperobjektfunction.o(i.ClearStack)
    EPD_1IN54_Clear                          0x0001b361   Thumb Code    24  myepaper.o(i.EPD_1IN54_Clear)
    EPD_1IN54_DrawMemo                       0x0001b379   Thumb Code   520  myepaperobjektfunction.o(i.EPD_1IN54_DrawMemo)
    EPD_1IN54_DrawObjScrin                   0x0001b581   Thumb Code    72  myepaperobjektfunction.o(i.EPD_1IN54_DrawObjScrin)
    EPD_1IN54_DrawObjStartScrin              0x0001b5d5   Thumb Code   132  myepaperobjektfunction.o(i.EPD_1IN54_DrawObjStartScrin)
    EPD_1IN54_DrawObject                     0x0001b659   Thumb Code   232  myepaperobjektfunction.o(i.EPD_1IN54_DrawObject)
    EPD_1IN54_DrawObjectFsSelCheckMenu       0x0001b741   Thumb Code   522  myepaperobjektfunction.o(i.EPD_1IN54_DrawObjectFsSelCheckMenu)
    EPD_1IN54_DrawObjectIntString            0x0001b951   Thumb Code    94  myepaperobjektfunction.o(i.EPD_1IN54_DrawObjectIntString)
    EPD_1IN54_DrawObjectItemString           0x0001b9b5   Thumb Code   146  myepaperobjektfunction.o(i.EPD_1IN54_DrawObjectItemString)
    EPD_1IN54_DrawObjectKeyLeft              0x0001ba4d   Thumb Code    60  myepaperobjektfunction.o(i.EPD_1IN54_DrawObjectKeyLeft)
    EPD_1IN54_DrawObjectKeyRigth             0x0001ba89   Thumb Code    60  myepaperobjektfunction.o(i.EPD_1IN54_DrawObjectKeyRigth)
    EPD_1IN54_DrawObjectList                 0x0001bac5   Thumb Code   242  myepaperobjektfunction.o(i.EPD_1IN54_DrawObjectList)
    EPD_1IN54_DrawObjectMemo                 0x0001bbbd   Thumb Code    72  myepaperobjektfunction.o(i.EPD_1IN54_DrawObjectMemo)
    EPD_1IN54_DrawObjectParamList            0x0001bc05   Thumb Code   100  myepaperobjektfunction.o(i.EPD_1IN54_DrawObjectParamList)
    EPD_1IN54_DrawObjectPicture              0x0001bc71   Thumb Code    38  myepaperobjektfunction.o(i.EPD_1IN54_DrawObjectPicture)
    EPD_1IN54_DrawObjectSelCheckMenu         0x0001bc99   Thumb Code   378  myepaperobjektfunction.o(i.EPD_1IN54_DrawObjectSelCheckMenu)
    EPD_1IN54_DrawObjectString               0x0001be21   Thumb Code    80  myepaperobjektfunction.o(i.EPD_1IN54_DrawObjectString)
    EPD_1IN54_DrawObjectText                 0x0001be71   Thumb Code   188  myepaperobjektfunction.o(i.EPD_1IN54_DrawObjectText)
    EPD_1IN54_DrawObjectTextList             0x0001bf31   Thumb Code    62  myepaperobjektfunction.o(i.EPD_1IN54_DrawObjectTextList)
    EPD_1IN54_DrawObjectTextListGroup        0x0001bf71   Thumb Code   306  myepaperobjektfunction.o(i.EPD_1IN54_DrawObjectTextListGroup)
    EPD_1IN54_DrawPartObject                 0x0001c0ad   Thumb Code   136  myepaperobjektfunction.o(i.EPD_1IN54_DrawPartObject)
    EPD_1IN54_DrawText                       0x0001c16d   Thumb Code   278  myepaperobjektfunction.o(i.EPD_1IN54_DrawText)
    EPD_1IN54_DrawTextList                   0x0001c283   Thumb Code   614  myepaperobjektfunction.o(i.EPD_1IN54_DrawTextList)
    EPD_1IN54_LineX                          0x0001c4e9   Thumb Code   202  myepaper.o(i.EPD_1IN54_LineX)
    EPD_1IN54_LineY                          0x0001c5b3   Thumb Code   130  myepaper.o(i.EPD_1IN54_LineY)
    EPD_1IN54_ObjDataOperation               0x0001c635   Thumb Code  1742  myepaperobjektfunction.o(i.EPD_1IN54_ObjDataOperation)
    EPD_1IN54_PrintFillRectagle              0x0001cd29   Thumb Code    46  myepaper.o(i.EPD_1IN54_PrintFillRectagle)
    EPD_1IN54_PrintPicture                   0x0001cd57   Thumb Code   104  myepaper.o(i.EPD_1IN54_PrintPicture)
    EPD_1IN54_PrintRamString                 0x0001cdbf   Thumb Code   690  myepaper.o(i.EPD_1IN54_PrintRamString)
    EPD_1IN54_SetFrame                       0x0001d0a3   Thumb Code   118  myepaper.o(i.EPD_1IN54_SetFrame)
    EPD_1IN54_SetWindow                      0x0001d119   Thumb Code    76  myepaper.o(i.EPD_1IN54_SetWindow)
    EPD_1IN54_StartObjRun                    0x0001d165   Thumb Code    80  myepaperobjektfunction.o(i.EPD_1IN54_StartObjRun)
    EPD_1IN54_StringRamPixelLength           0x0001d1b5   Thumb Code   138  myepaper.o(i.EPD_1IN54_StringRamPixelLength)
    EPD_1IN54_TurnOnDisplay                  0x0001d23f   Thumb Code    36  myepaper.o(i.EPD_1IN54_TurnOnDisplay)
    EPD_1IN54_WriteObjKey                    0x0001d265   Thumb Code   280  myepaperobjektfunction.o(i.EPD_1IN54_WriteObjKey)
    EPD_1IN54_myDrawString                   0x0001d389   Thumb Code   472  myepaper.o(i.EPD_1IN54_myDrawString)
    EPD_1IN54_myDrawStringPixelLength        0x0001d561   Thumb Code   162  myepaper.o(i.EPD_1IN54_myDrawStringPixelLength)
    EPD_1IN54_outIntString                   0x0001d603   Thumb Code   512  myepaper.o(i.EPD_1IN54_outIntString)
    EPD_1IN54_outString                      0x0001d803   Thumb Code   442  myepaper.o(i.EPD_1IN54_outString)
    FontCange                                0x0001d9bd   Thumb Code    22  myepaper.o(i.FontCange)
    FontSettings                             0x0001d9e1   Thumb Code    64  myepaper.o(i.FontSettings)
    GPIOTE_IRQHandler                        0x0001da21   Thumb Code   378  nrf_drv_gpiote.o(i.GPIOTE_IRQHandler)
    GetArrayGoals                            0x0001dbad   Thumb Code    76  myepaperobjektfunction.o(i.GetArrayGoals)
    GoToCommand                              0x0001dc19   Thumb Code   538  myepaperobjektfunction.o(i.GoToCommand)
    Grad                                     0x0001de41   Thumb Code    74  myble.o(i.Grad)
    KeyReaction                              0x0001de91   Thumb Code   184  myepaperobjektfunction.o(i.KeyReaction)
    KeyRun                                   0x0001df65   Thumb Code   204  myepaperobjektfunction.o(i.KeyRun)
    Key_timeout                              0x0001e039   Thumb Code   160  main.o(i.Key_timeout)
    LoadRamParams                            0x0001e0e9   Thumb Code   242  myepaperobjektfunction.o(i.LoadRamParams)
    MyePaperDualInit                         0x0001e209   Thumb Code    70  myepaper.o(i.MyePaperDualInit)
    MyePaperInit                             0x0001e251   Thumb Code   226  myepaper.o(i.MyePaperInit)
    MyePaper_GPIO_DeInit                     0x0001e341   Thumb Code    36  myepaper.o(i.MyePaper_GPIO_DeInit)
    MyePaper_GPIO_Init                       0x0001e365   Thumb Code    30  myepaper.o(i.MyePaper_GPIO_Init)
    RTC0_IRQHandler                          0x0001e4b1   Thumb Code    12  nrf_drv_rtc.o(i.RTC0_IRQHandler)
    RTC1_IRQHandler                          0x0001e4c1   Thumb Code    34  app_timer.o(i.RTC1_IRQHandler)
    Reset                                    0x0001e4e9   Thumb Code    46  myepaper.o(i.Reset)
    SWI0_IRQHandler                          0x0001e517   Thumb Code     8  app_timer.o(i.SWI0_IRQHandler)
    SWI2_IRQHandler                          0x0001e521   Thumb Code    46  softdevice_handler.o(i.SWI2_IRQHandler)
    Save_params                              0x0001e555   Thumb Code   286  myepaperobjektfunction.o(i.Save_params)
    SendCommand                              0x0001e6a1   Thumb Code    36  myepaper.o(i.SendCommand)
    SendData                                 0x0001e6c5   Thumb Code    36  myepaper.o(i.SendData)
    Soft_Spi_GPIO_DeInit                     0x0001e6e9   Thumb Code    28  mysoftspi.o(i.Soft_Spi_GPIO_DeInit)
    Soft_Spi_GPIO_Init                       0x0001e705   Thumb Code    24  mysoftspi.o(i.Soft_Spi_GPIO_Init)
    Soft_Spi_Transmit                        0x0001e71d   Thumb Code    78  mysoftspi.o(i.Soft_Spi_Transmit)
    Soft_Spi_TransmitReceive                 0x0001e771   Thumb Code    92  mysoftspi.o(i.Soft_Spi_TransmitReceive)
    Soft_Spi_TransmitSameBit                 0x0001e7d1   Thumb Code    58  mysoftspi.o(i.Soft_Spi_TransmitSameBit)
    Soft_Spi_TransmitSameByte                0x0001e811   Thumb Code    76  mysoftspi.o(i.Soft_Spi_TransmitSameByte)
    SpiSendByte                              0x0001e861   Thumb Code    16  myepaper.o(i.SpiSendByte)
    SpiSendSameBit                           0x0001e871   Thumb Code    40  myepaper.o(i.SpiSendSameBit)
    SpiSendSameByte                          0x0001e899   Thumb Code    40  myepaper.o(i.SpiSendSameByte)
    Spi_While_ms                             0x0001e8c1   Thumb Code    24  mysoftspi.o(i.Spi_While_ms)
    Spi_While_us                             0x0001e8d9   Thumb Code    12  mysoftspi.o(i.Spi_While_us)
    SystemInit                               0x0001e8e5   Thumb Code    76  system_nrf51.o(i.SystemInit)
    Term                                     0x0001e949   Thumb Code    42  myble.o(i.Term)
    UART0_IRQHandler                         0x0001e973   Thumb Code     8  nrf_drv_uart.o(i.UART0_IRQHandler)
    W25Q_DeInit                              0x0001e97b   Thumb Code    28  w25q_flash.o(i.W25Q_DeInit)
    W25Q_Flash_Sektor_erase                  0x0001e997   Thumb Code    58  w25q_flash.o(i.W25Q_Flash_Sektor_erase)
    W25Q_Flash_init                          0x0001e9d1   Thumb Code    30  w25q_flash.o(i.W25Q_Flash_init)
    W25Q_Flash_reset                         0x0001e9f1   Thumb Code    18  w25q_flash.o(i.W25Q_Flash_reset)
    W25Q_ReadData                            0x0001ea09   Thumb Code    68  w25q_flash.o(i.W25Q_ReadData)
    W25Q_SendByte                            0x0001ea4d   Thumb Code    40  w25q_flash.o(i.W25Q_SendByte)
    W25Q_SpiReadReg                          0x0001ea75   Thumb Code    46  w25q_flash.o(i.W25Q_SpiReadReg)
    W25Q_SpiSendData                         0x0001eaa3   Thumb Code    40  w25q_flash.o(i.W25Q_SpiSendData)
    W25Q_WriteEnadle                         0x0001eacb   Thumb Code    22  w25q_flash.o(i.W25Q_WriteEnadle)
    W25Q_WritePage                           0x0001eae1   Thumb Code   102  w25q_flash.o(i.W25Q_WritePage)
    WaitUntilIdle                            0x0001eb49   Thumb Code    64  myepaper.o(i.WaitUntilIdle)
    __ARM_common_switch8                     0x0001eb91   Thumb Code    28  bsp.o(i.__ARM_common_switch8)
    __scatterload_copy                       0x0001ebad   Thumb Code    14  handlers.o(i.__scatterload_copy)
    __scatterload_null                       0x0001ebbb   Thumb Code     2  handlers.o(i.__scatterload_null)
    __scatterload_zeroinit                   0x0001ebbd   Thumb Code    14  handlers.o(i.__scatterload_zeroinit)
    adv_data_encode                          0x0001ebcb   Thumb Code   500  ble_advdata.o(i.adv_data_encode)
    advertising_init                         0x0001ee2d   Thumb Code   100  myble.o(i.advertising_init)
    app_button_enable                        0x0001eebd   Thumb Code    34  app_button.o(i.app_button_enable)
    app_button_init                          0x0001eee9   Thumb Code   136  app_button.o(i.app_button_init)
    app_error_fault_handler                  0x0001ef95   Thumb Code    48  app_error.o(i.app_error_fault_handler)
    app_error_handler_bare                   0x0001efcd   Thumb Code    24  app_error.o(i.app_error_handler_bare)
    app_timer_create                         0x0001f059   Thumb Code    64  app_timer.o(i.app_timer_create)
    app_timer_init                           0x0001f09d   Thumb Code   156  app_timer.o(i.app_timer_init)
    app_timer_start                          0x0001f155   Thumb Code    86  app_timer.o(i.app_timer_start)
    app_timer_stop                           0x0001f1b1   Thumb Code    54  app_timer.o(i.app_timer_stop)
    application_timers_start                 0x0001f241   Thumb Code    40  myble.o(i.application_timers_start)
    battery_level_meas_timeout_handler       0x0001f435   Thumb Code   226  myble.o(i.battery_level_meas_timeout_handler)
    battery_level_update                     0x0001f521   Thumb Code    46  myble.o(i.battery_level_update)
    ble_advdata_set                          0x0001f55d   Thumb Code   152  ble_advdata.o(i.ble_advdata_set)
    ble_advertising_init                     0x0001f5f5   Thumb Code   328  ble_advertising.o(i.ble_advertising_init)
    ble_advertising_on_ble_evt               0x0001f775   Thumb Code   242  ble_advertising.o(i.ble_advertising_on_ble_evt)
    ble_advertising_on_sys_evt               0x0001f881   Thumb Code    70  ble_advertising.o(i.ble_advertising_on_sys_evt)
    ble_advertising_restart_without_whitelist 0x0001f8e5   Thumb Code    82  ble_advertising.o(i.ble_advertising_restart_without_whitelist)
    ble_advertising_start                    0x0001f949   Thumb Code   666  ble_advertising.o(i.ble_advertising_start)
    ble_bas_battery_level_update             0x0001fc11   Thumb Code   136  ble_bas.o(i.ble_bas_battery_level_update)
    ble_bas_init                             0x0001fc9d   Thumb Code    78  ble_bas.o(i.ble_bas_init)
    ble_bas_on_ble_evt                       0x0001fcf1   Thumb Code    70  ble_bas.o(i.ble_bas_on_ble_evt)
    ble_bps_init                             0x0001fd39   Thumb Code    92  ble_bps.o(i.ble_bps_init)
    ble_bps_is_indication_enabled            0x0001fd99   Thumb Code    52  ble_bps.o(i.ble_bps_is_indication_enabled)
    ble_bps_measurement_send                 0x0001fdcd   Thumb Code    94  ble_bps.o(i.ble_bps_measurement_send)
    ble_bps_on_ble_evt                       0x0001fe31   Thumb Code    72  ble_bps.o(i.ble_bps_on_ble_evt)
    ble_conn_params_init                     0x0001fe79   Thumb Code    90  ble_conn_params.o(i.ble_conn_params_init)
    ble_conn_params_on_ble_evt               0x0001fef1   Thumb Code    62  ble_conn_params.o(i.ble_conn_params_on_ble_evt)
    ble_dis_init                             0x0001ffe5   Thumb Code   386  ble_dis.o(i.ble_dis_init)
    ble_evt_dispatch                         0x00020199   Thumb Code    52  myble.o(i.ble_evt_dispatch)
    ble_srv_ascii_to_utf8                    0x000201d5   Thumb Code    18  ble_srv_common.o(i.ble_srv_ascii_to_utf8)
    ble_srv_report_ref_encode                0x000201fd   Thumb Code    56  ble_srv_common.o(i.ble_srv_report_ref_encode)
    ble_stack_init                           0x00020235   Thumb Code   196  myble.o(i.ble_stack_init)
    blood_pressure_measurement_send          0x00020309   Thumb Code   102  myble.o(i.blood_pressure_measurement_send)
    bond_data_load                           0x00020379   Thumb Code    62  device_manager_peripheral.o(i.bond_data_load)
    bsp_btn_ble_init                         0x00020661   Thumb Code    54  bsp_btn_ble.o(i.bsp_btn_ble_init)
    bsp_btn_ble_on_ble_evt                   0x000206a1   Thumb Code   122  bsp_btn_ble.o(i.bsp_btn_ble_on_ble_evt)
    bsp_btn_ble_sleep_mode_prepare           0x00020725   Thumb Code    30  bsp_btn_ble.o(i.bsp_btn_ble_sleep_mode_prepare)
    bsp_button_is_pressed                    0x0002081d   Thumb Code    48  bsp.o(i.bsp_button_is_pressed)
    bsp_event_handler                        0x00020855   Thumb Code   104  myble.o(i.bsp_event_handler)
    bsp_event_to_button_action_assign        0x000208c1   Thumb Code    88  bsp.o(i.bsp_event_to_button_action_assign)
    bsp_indication_set                       0x0002091d   Thumb Code    30  bsp.o(i.bsp_indication_set)
    bsp_init                                 0x00020941   Thumb Code   166  bsp.o(i.bsp_init)
    bsp_wakeup_buttons_set                   0x00020f7d   Thumb Code    84  bsp.o(i.bsp_wakeup_buttons_set)
    buttons_leds_init                        0x00020fe9   Thumb Code    84  myble.o(i.buttons_leds_init)
    conn_params_error_handler                0x000215fb   Thumb Code    16  myble.o(i.conn_params_error_handler)
    conn_params_init                         0x0002160d   Thumb Code    80  myble.o(i.conn_params_init)
    device_manager_evt_handler               0x00021b4d   Thumb Code    72  myble.o(i.device_manager_evt_handler)
    device_manager_init                      0x00021b99   Thumb Code   172  myble.o(i.device_manager_init)
    dm_ble_evt_handler                       0x00021c4d   Thumb Code  1558  device_manager_peripheral.o(i.dm_ble_evt_handler)
    dm_handle_initialize                     0x00022281   Thumb Code    24  device_manager_peripheral.o(i.dm_handle_initialize)
    dm_init                                  0x0002229d   Thumb Code   230  device_manager_peripheral.o(i.dm_init)
    dm_register                              0x0002259d   Thumb Code   176  device_manager_peripheral.o(i.dm_register)
    findhash                                 0x0002275d   Thumb Code    34  myepaperobjektfunction.o(i.findhash)
    gap_params_init                          0x00022885   Thumb Code   144  myble.o(i.gap_params_init)
    getCurentScrin                           0x00022ba5   Thumb Code    18  myepaperobjektfunction.o(i.getCurentScrin)
    getPicture                               0x00022bc1   Thumb Code   168  myepaperobjektfunction.o(i.getPicture)
    getScrin                                 0x00022cd5   Thumb Code   262  myepaperobjektfunction.o(i.getScrin)
    get_my_KeyEvent                          0x00022e89   Thumb Code    10  my_key_lib.o(i.get_my_KeyEvent)
    intern_softdevice_events_execute         0x00022f89   Thumb Code   160  softdevice_handler.o(i.intern_softdevice_events_execute)
    main                                     0x0002348d   Thumb Code   254  main.o(i.main)
    my_KeyAktivate                           0x00023641   Thumb Code    56  my_key_lib.o(i.my_KeyAktivate)
    my_KeyClk                                0x0002367d   Thumb Code    70  my_key_lib.o(i.my_KeyClk)
    my_KeyDeInit                             0x000236cd   Thumb Code    48  my_key_lib.o(i.my_KeyDeInit)
    my_KeyDualSkan                           0x00023701   Thumb Code   304  my_key_lib.o(i.my_KeyDualSkan)
    my_KeyInit                               0x0002383d   Thumb Code    98  my_key_lib.o(i.my_KeyInit)
    my_KeyRead                               0x000238a9   Thumb Code    38  my_key_lib.o(i.my_KeyRead)
    nrf_drv_clock_on_soc_event               0x000239ad   Thumb Code    46  nrf_drv_clock.o(i.nrf_drv_clock_on_soc_event)
    nrf_drv_common_irq_enable                0x000239e1   Thumb Code    48  nrf_drv_common.o(i.nrf_drv_common_irq_enable)
    nrf_drv_gpiote_in_event_enable           0x00023a19   Thumb Code   186  nrf_drv_gpiote.o(i.nrf_drv_gpiote_in_event_enable)
    nrf_drv_gpiote_in_init                   0x00023ae1   Thumb Code   228  nrf_drv_gpiote.o(i.nrf_drv_gpiote_in_init)
    nrf_drv_gpiote_in_is_set                 0x00023bd5   Thumb Code    26  nrf_drv_gpiote.o(i.nrf_drv_gpiote_in_is_set)
    nrf_drv_gpiote_init                      0x00023bf5   Thumb Code    76  nrf_drv_gpiote.o(i.nrf_drv_gpiote_init)
    nrf_drv_gpiote_is_init                   0x00023c45   Thumb Code    16  nrf_drv_gpiote.o(i.nrf_drv_gpiote_is_init)
    nrf_drv_rtc_cc_set                       0x00023c59   Thumb Code   176  nrf_drv_rtc.o(i.nrf_drv_rtc_cc_set)
    nrf_drv_rtc_enable                       0x00023d11   Thumb Code    26  nrf_drv_rtc.o(i.nrf_drv_rtc_enable)
    nrf_drv_rtc_init                         0x00023d31   Thumb Code   126  nrf_drv_rtc.o(i.nrf_drv_rtc_init)
    nrf_drv_rtc_overflow_enable              0x00023e79   Thumb Code    42  nrf_drv_rtc.o(i.nrf_drv_rtc_overflow_enable)
    nrf_drv_rtc_tick_enable                  0x00023ea3   Thumb Code    42  nrf_drv_rtc.o(i.nrf_drv_rtc_tick_enable)
    on_adv_evt                               0x00024205   Thumb Code    54  myble.o(i.on_adv_evt)
    on_ble_evt                               0x0002423d   Thumb Code   118  myble.o(i.on_ble_evt)
    on_bps_evt                               0x000242bd   Thumb Code    28  myble.o(i.on_bps_evt)
    on_conn_params_evt                       0x00024311   Thumb Code    42  myble.o(i.on_conn_params_evt)
    powerDeInit                              0x00024639   Thumb Code    40  main.o(i.powerDeInit)
    powerInit                                0x00024661   Thumb Code    30  main.o(i.powerInit)
    pstorage_access_status_get               0x00024681   Thumb Code    40  pstorage.o(i.pstorage_access_status_get)
    pstorage_block_identifier_get            0x000246b1   Thumb Code   154  pstorage.o(i.pstorage_block_identifier_get)
    pstorage_clear                           0x00024755   Thumb Code   270  pstorage.o(i.pstorage_clear)
    pstorage_init                            0x000248a1   Thumb Code   104  pstorage.o(i.pstorage_init)
    pstorage_load                            0x00024929   Thumb Code   242  pstorage.o(i.pstorage_load)
    pstorage_register                        0x00024a25   Thumb Code   270  pstorage.o(i.pstorage_register)
    pstorage_store                           0x00024b45   Thumb Code   216  pstorage.o(i.pstorage_store)
    pstorage_sys_event_handler               0x00024c25   Thumb Code    66  pstorage.o(i.pstorage_sys_event_handler)
    pstorage_update                          0x00024c71   Thumb Code   216  pstorage.o(i.pstorage_update)
    saveCounter                              0x00024f85   Thumb Code    78  myepaperobjektfunction.o(i.saveCounter)
    sd_check_ram_start                       0x00024fe1   Thumb Code    22  softdevice_handler.o(i.sd_check_ram_start)
    services_init                            0x000250c9   Thumb Code   498  myble.o(i.services_init)
    sleep_mode_enter                         0x000252e1   Thumb Code    82  myble.o(i.sleep_mode_enter)
    softdevice_ble_evt_handler_set           0x00025349   Thumb Code    22  softdevice_handler.o(i.softdevice_ble_evt_handler_set)
    softdevice_enable                        0x00025365   Thumb Code    24  softdevice_handler.o(i.softdevice_enable)
    softdevice_enable_get_default_config     0x00025381   Thumb Code    46  softdevice_handler.o(i.softdevice_enable_get_default_config)
    softdevice_fault_handler                 0x000253af   Thumb Code    20  softdevice_handler.o(i.softdevice_fault_handler)
    softdevice_handler_init                  0x000253c5   Thumb Code    84  softdevice_handler.o(i.softdevice_handler_init)
    softdevice_sys_evt_handler_set           0x0002542d   Thumb Code    22  softdevice_handler.o(i.softdevice_sys_evt_handler_set)
    sys_evt_dispatch                         0x000257f9   Thumb Code    18  myble.o(i.sys_evt_dispatch)
    timers_init                              0x00025bdd   Thumb Code    74  myble.o(i.timers_init)
    whileStatus1_busy                        0x000260fd   Thumb Code    32  w25q_flash.o(i.whileStatus1_busy)
    rtc                                      0x00026134   Data           8  main.o(.constdata)
    ArialNarrow18_dinamic_table_Adr          0x00026144   Data        3260  myepaper.o(.constdata)
    Arial_Narrow_24_dinamic_table_Adr        0x00026e00   Data        5452  myepaper.o(.constdata)
    MS_Mincho16_dinamic_table_Adr            0x0002834c   Data        5884  myepaper.o(.constdata)
    TimesNewRoman28_dinamic_table_Adr        0x00029a48   Data        2558  myepaper.o(.constdata)
    lut_full_update                          0x0002a446   Data          30  myepaper.o(.constdata)
    lut_New_update                           0x0002a464   Data          30  myepaper.o(.constdata)
    lut_partial_update                       0x0002a482   Data          30  myepaper.o(.constdata)
    MemoTextArrayMotiv1Adres                 0x0002a4a0   Data           2  myepaperobjektfunction.o(.constdata)
    MemoTextArrayMotiv1Smoc                  0x0002a4a2   Data        2116  myepaperobjektfunction.o(.constdata)
    MemoTextArrayMotiv1Junc                  0x0002ace6   Data        2405  myepaperobjektfunction.o(.constdata)
    MemoTextArrayMotiv1Porn                  0x0002b64b   Data        2441  myepaperobjektfunction.o(.constdata)
    MemoTextArrayMotiv1Alc                   0x0002bfd4   Data        2439  myepaperobjektfunction.o(.constdata)
    MemoTextArrayMotiv1Buing                 0x0002c95b   Data        1244  myepaperobjektfunction.o(.constdata)
    MemoTextArrayGoalsNoText                 0x0002ce37   Data         484  myepaperobjektfunction.o(.constdata)
    MemoTextArrayGoalsPanicEnd               0x0002d01b   Data         352  myepaperobjektfunction.o(.constdata)
    MemoTextArrayGoalsPanic                  0x0002d17b   Data         731  myepaperobjektfunction.o(.constdata)
    PartObjGoalsSmoking                      0x0002d456   Data          35  myepaperobjektfunction.o(.constdata)
    PartObjGoalsAlcogol                      0x0002d479   Data          35  myepaperobjektfunction.o(.constdata)
    PartObjGoalsDrugs                        0x0002d49c   Data          33  myepaperobjektfunction.o(.constdata)
    PartObjGoalsJunkFood                     0x0002d4bd   Data          37  myepaperobjektfunction.o(.constdata)
    PartObjGoalsPorn                         0x0002d4e2   Data          32  myepaperobjektfunction.o(.constdata)
    PartObjGoalsSugar                        0x0002d502   Data          33  myepaperobjektfunction.o(.constdata)
    PartObjGoalsSocialMedia                  0x0002d523   Data          40  myepaperobjektfunction.o(.constdata)
    PartObjGoalsImpulsiveBuying              0x0002d54b   Data          42  myepaperobjektfunction.o(.constdata)
    PartObjGoalsRedMeat                      0x0002d575   Data          36  myepaperobjektfunction.o(.constdata)
    PartObjGoalsSingleUsePlastic             0x0002d599   Data          46  myepaperobjektfunction.o(.constdata)
    PartMenuBackChoose                       0x0002d5c7   Data          50  myepaperobjektfunction.o(.constdata)
    PartMenuNoYes                            0x0002d5f9   Data          35  myepaperobjektfunction.o(.constdata)
    PartGoalsMenu                            0x0002d61c   Data         105  myepaperobjektfunction.o(.constdata)
    RombPicture                              0x0002d685   Data          56  myepaperobjektfunction.o(.constdata)
    SmokingPicture                           0x0002d6bd   Data        1328  myepaperobjektfunction.o(.constdata)
    AlcogolPicture                           0x0002dbed   Data        1328  myepaperobjektfunction.o(.constdata)
    DrugsPicture                             0x0002e11d   Data        1328  myepaperobjektfunction.o(.constdata)
    JunkFoodPicture                          0x0002e64d   Data        1328  myepaperobjektfunction.o(.constdata)
    PornPicture                              0x0002eb7d   Data        1328  myepaperobjektfunction.o(.constdata)
    SugarPicture                             0x0002f0ad   Data        1328  myepaperobjektfunction.o(.constdata)
    SocialMediaPicture                       0x0002f5dd   Data        1328  myepaperobjektfunction.o(.constdata)
    ImpulsiveBuyingPicture                   0x0002fb0d   Data        1328  myepaperobjektfunction.o(.constdata)
    RedMeatPicture                           0x0003003d   Data        1328  myepaperobjektfunction.o(.constdata)
    SingleUsePlasticPicture                  0x0003056d   Data        1328  myepaperobjektfunction.o(.constdata)
    BlueToothMenuPicture                     0x00030a9d   Data         366  myepaperobjektfunction.o(.constdata)
    HardResetMenuPicture                     0x00030c0b   Data         366  myepaperobjektfunction.o(.constdata)
    BlueToothPicture                         0x00030d79   Data         306  myepaperobjektfunction.o(.constdata)
    HardResetPicture                         0x00030eab   Data        1058  myepaperobjektfunction.o(.constdata)
    LogoPicture                              0x000312cd   Data        1714  myepaperobjektfunction.o(.constdata)
    NextMotivPicture                         0x0003197f   Data         302  myepaperobjektfunction.o(.constdata)
    SmokingPictureMini                       0x00031aad   Data         970  myepaperobjektfunction.o(.constdata)
    AlcogolPictureMini                       0x00031e77   Data         970  myepaperobjektfunction.o(.constdata)
    DrugsPictureMini                         0x00032241   Data         970  myepaperobjektfunction.o(.constdata)
    JunkFoodPictureMini                      0x0003260b   Data         970  myepaperobjektfunction.o(.constdata)
    PornPictureMini                          0x000329d5   Data         970  myepaperobjektfunction.o(.constdata)
    SugarPictureMini                         0x00032d9f   Data         970  myepaperobjektfunction.o(.constdata)
    SocialMediaPictureMini                   0x00033169   Data         970  myepaperobjektfunction.o(.constdata)
    ImpulsiveBuyingPictureMini               0x00033533   Data         970  myepaperobjektfunction.o(.constdata)
    RedMeatPictureMini                       0x000338fd   Data         970  myepaperobjektfunction.o(.constdata)
    SingleUsePlasticPictureMini              0x00033cc7   Data         970  myepaperobjektfunction.o(.constdata)
    ObjScrinStart                            0x00034091   Data          81  myepaperobjektfunction.o(.constdata)
    ObjScrinLanguage                         0x000340e2   Data         169  myepaperobjektfunction.o(.constdata)
    ObjScrinLogo                             0x0003418b   Data          47  myepaperobjektfunction.o(.constdata)
    ObjScrinGoals                            0x000341ba   Data         148  myepaperobjektfunction.o(.constdata)
    ObjScrinGoalsSmokingAktivate             0x0003424e   Data         110  myepaperobjektfunction.o(.constdata)
    ObjScrinGoalsAlcoholAktivate             0x000342bc   Data         110  myepaperobjektfunction.o(.constdata)
    ObjScrinGoalsDugsAktivate                0x0003432a   Data         105  myepaperobjektfunction.o(.constdata)
    ObjScrinGoalJunkFoodAktivate             0x00034393   Data         112  myepaperobjektfunction.o(.constdata)
    ObjScrinGoalsPornAktivate                0x00034403   Data         104  myepaperobjektfunction.o(.constdata)
    ObjScrinGoalsSugarAktivate               0x0003446b   Data         108  myepaperobjektfunction.o(.constdata)
    ObjScrinGoalsSocialMediaAktivate         0x000344d7   Data         115  myepaperobjektfunction.o(.constdata)
    ObjScrinGoalsImpulsiveBuyingAktivate     0x0003454a   Data          98  myepaperobjektfunction.o(.constdata)
    ObjScrinGoalsRedMeatAktivate             0x000345ac   Data         114  myepaperobjektfunction.o(.constdata)
    ObjScrinGoalsSingleUsePlasticAktivate    0x0003461e   Data          82  myepaperobjektfunction.o(.constdata)
    ObjScrinGoalsSmoking                     0x00034670   Data         196  myepaperobjektfunction.o(.constdata)
    ObjScrinGoalsAlcohol                     0x00034734   Data         202  myepaperobjektfunction.o(.constdata)
    ObjScrinGoalsDugs                        0x000347fe   Data         197  myepaperobjektfunction.o(.constdata)
    ObjScrinGoalJunkFood                     0x000348c3   Data         195  myepaperobjektfunction.o(.constdata)
    ObjScrinGoalsPorn                        0x00034986   Data         190  myepaperobjektfunction.o(.constdata)
    ObjScrinGoalsSugar                       0x00034a44   Data         191  myepaperobjektfunction.o(.constdata)
    ObjScrinGoalsSocialMedia                 0x00034b03   Data         198  myepaperobjektfunction.o(.constdata)
    ObjScrinGoalsImpulsiveBuying             0x00034bc9   Data         200  myepaperobjektfunction.o(.constdata)
    ObjScrinGoalsRedMeat                     0x00034c91   Data         194  myepaperobjektfunction.o(.constdata)
    ObjScrinGoalsSingleUsePlastic            0x00034d53   Data         204  myepaperobjektfunction.o(.constdata)
    ObjScrinGoalsMenu                        0x00034e1f   Data         265  myepaperobjektfunction.o(.constdata)
    ObjRunGouToSelectedGoal                  0x00034f28   Data          27  myepaperobjektfunction.o(.constdata)
    ObjScrinResetGoals                       0x00034f43   Data         280  myepaperobjektfunction.o(.constdata)
    ObjRunResetGoals                         0x0003505b   Data          37  myepaperobjektfunction.o(.constdata)
    ObjScrinRecordsGoals                     0x00035080   Data         762  myepaperobjektfunction.o(.constdata)
    ObjScrinDeleteGoals                      0x0003537a   Data         271  myepaperobjektfunction.o(.constdata)
    ObjRunDeleteGoals                        0x00035489   Data          52  myepaperobjektfunction.o(.constdata)
    ObjScrinGoalsPanic                       0x000354bd   Data         139  myepaperobjektfunction.o(.constdata)
    ObjRunStartMotiv                         0x00035548   Data          61  myepaperobjektfunction.o(.constdata)
    ObjScrinGoalsMotiv                       0x00035585   Data         224  myepaperobjektfunction.o(.constdata)
    ObjRunNextMotiv                          0x00035665   Data          32  myepaperobjektfunction.o(.constdata)
    ObjScrinGoalsFinishMotiv                 0x00035685   Data         131  myepaperobjektfunction.o(.constdata)
    ObjRunGoutoGoalsStackDefoult             0x00035708   Data          27  myepaperobjektfunction.o(.constdata)
    ObjRunFinishResetGoals                   0x00035723   Data          27  myepaperobjektfunction.o(.constdata)
    ObjRunGoutooGoals                        0x0003573e   Data          17  myepaperobjektfunction.o(.constdata)
    ObjScrinSettings                         0x0003574f   Data         160  myepaperobjektfunction.o(.constdata)
    ObjScrinBluetooth                        0x000357ef   Data         149  myepaperobjektfunction.o(.constdata)
    ObjScrinReset                            0x00035884   Data         110  myepaperobjektfunction.o(.constdata)
    ObjRunReset                              0x000358f2   Data          25  myepaperobjektfunction.o(.constdata)
    m_service_context_store                  0x00035948   Data          16  device_manager_peripheral.o(.constdata)
    m_service_context_load                   0x00035958   Data          16  device_manager_peripheral.o(.constdata)
    m_service_context_apply                  0x00035968   Data          16  device_manager_peripheral.o(.constdata)
    m_context_init_len                       0x00035978   Data           4  device_manager_peripheral.o(.constdata)
    Region$$Table$$Base                      0x000359b8   Number         0  anon$$obj.o(Region$$Table)
    Region$$Table$$Limit                     0x000359d8   Number         0  anon$$obj.o(Region$$Table)
    Image$$RW_IRAM1$$Base                    0x20001f00   Number         0  anon$$obj.o ABSOLUTE
    test1                                    0x20001f00   Data           1  main.o(.data)
    key_activ                                0x20001f02   Data           2  main.o(.data)
    KeyEnable                                0x20001f04   Data           1  main.o(.data)
    bleRead                                  0x20001f05   Data           1  main.o(.data)
    testmeas                                 0x20001f08   Data           4  myble.o(.data)
    oldPageTextList                          0x20001f1c   Data           4  myepaperobjektfunction.o(.data)
    RandomCounter                            0x20001f20   Data           2  myepaperobjektfunction.o(.data)
    currentScrinPosition                     0x20001f22   Data           1  myepaperobjektfunction.o(.data)
    BLE_enable                               0x20001f23   Data           1  myepaperobjektfunction.o(.data)
    currentScrinPositionUnChenged            0x20001f24   Data           1  myepaperobjektfunction.o(.data)
    ScrinUnChenged                           0x20001f26   Data           2  myepaperobjektfunction.o(.data)
    SystemCoreClock                          0x20001f4c   Data           4  system_nrf51.o(.data)
    Blod_meas                                0x2000209c   Data          34  myble.o(.bss)
    My_Keydata                               0x200022f0   Data          11  my_key_lib.o(.bss)
    ObjKey1                                  0x200022fc   Data          12  myepaperobjektfunction.o(.bss)
    ObjKey2                                  0x20002308   Data          12  myepaperobjektfunction.o(.bss)
    ObjKey3                                  0x20002314   Data          12  myepaperobjektfunction.o(.bss)
    stackScrin                               0x20002320   Data         256  myepaperobjektfunction.o(.bss)
    paramsArray                              0x20002420   Data         256  myepaperobjektfunction.o(.bss)
    CounterArray                             0x20002520   Data          64  myepaperobjektfunction.o(.bss)
    CounterBackArray                         0x20002560   Data         320  myepaperobjektfunction.o(.bss)
    paramsArrayUnChenged                     0x200026a0   Data         256  myepaperobjektfunction.o(.bss)
    CounterArrayUnChenged                    0x200027a0   Data          64  myepaperobjektfunction.o(.bss)
    __initial_sp                             0x20003428   Data           0  arm_startup_nrf51.o(STACK)



==============================================================================

Memory Map of the image

  Image Entry point : 0x0001b0c1

  Load Region LR_IROM1 (Base: 0x0001b000, Size: 0x0001ab40, Max: 0x00025000, ABSOLUTE, COMPRESSED[0x0001a9f4])

    Execution Region ER_IROM1 (Base: 0x0001b000, Size: 0x0001a9d8, Max: 0x00025000, ABSOLUTE)

    Base Addr    Size         Type   Attr      Idx    E Section Name        Object

    0x0001b000   0x000000c0   Data   RO         1535    RESET               arm_startup_nrf51.o
    0x0001b0c0   0x00000000   Code   RO         4338  * .ARM.Collect$$$$00000000  mc_p.l(entry.o)
    0x0001b0c0   0x00000004   Code   RO         4389    .ARM.Collect$$$$00000001  mc_p.l(entry2.o)
    0x0001b0c4   0x00000004   Code   RO         4392    .ARM.Collect$$$$00000004  mc_p.l(entry5.o)
    0x0001b0c8   0x00000000   Code   RO         4394    .ARM.Collect$$$$00000008  mc_p.l(entry7b.o)
    0x0001b0c8   0x00000000   Code   RO         4396    .ARM.Collect$$$$0000000A  mc_p.l(entry8b.o)
    0x0001b0c8   0x00000008   Code   RO         4397    .ARM.Collect$$$$0000000B  mc_p.l(entry9a.o)
    0x0001b0d0   0x00000000   Code   RO         4399    .ARM.Collect$$$$0000000D  mc_p.l(entry10a.o)
    0x0001b0d0   0x00000000   Code   RO         4401    .ARM.Collect$$$$0000000F  mc_p.l(entry11a.o)
    0x0001b0d0   0x00000004   Code   RO         4390    .ARM.Collect$$$$00002712  mc_p.l(entry2.o)
    0x0001b0d4   0x0000001e   Code   RO         3837    .emb_text           app_timer.o
    0x0001b0f2   0x00000002   PAD
    0x0001b0f4   0x00000038   Code   RO         1536    .text               arm_startup_nrf51.o
    0x0001b12c   0x0000002c   Code   RO         4341    .text               mc_p.l(uidiv.o)
    0x0001b158   0x00000028   Code   RO         4343    .text               mc_p.l(idiv.o)
    0x0001b180   0x00000020   Code   RO         4345    .text               mc_p.l(llshl.o)
    0x0001b1a0   0x00000022   Code   RO         4347    .text               mc_p.l(llushr.o)
    0x0001b1c2   0x00000024   Code   RO         4349    .text               mc_p.l(memcpya.o)
    0x0001b1e6   0x00000024   Code   RO         4351    .text               mc_p.l(memseta.o)
    0x0001b20a   0x0000000e   Code   RO         4353    .text               mc_p.l(strlen.o)
    0x0001b218   0x0000001a   Code   RO         4355    .text               mc_p.l(memcmp.o)
    0x0001b232   0x00000002   PAD
    0x0001b234   0x00000024   Code   RO         4416    .text               mc_p.l(init.o)
    0x0001b258   0x0000003a   Code   RO         4432    .text               mc_p.l(__dczerorl.o)
    0x0001b292   0x0000001c   Code   RO          337    i.BLE_power_manage  myble.o
    0x0001b2ae   0x00000048   Code   RO          338    i.Ble_Init          myble.o
    0x0001b2f6   0x00000002   PAD
    0x0001b2f8   0x00000068   Code   RO         1108    i.ClearStack        myepaperobjektfunction.o
    0x0001b360   0x00000018   Code   RO          548    i.EPD_1IN54_Clear   myepaper.o
    0x0001b378   0x00000208   Code   RO         1110    i.EPD_1IN54_DrawMemo  myepaperobjektfunction.o
    0x0001b580   0x00000054   Code   RO         1111    i.EPD_1IN54_DrawObjScrin  myepaperobjektfunction.o
    0x0001b5d4   0x00000084   Code   RO         1112    i.EPD_1IN54_DrawObjStartScrin  myepaperobjektfunction.o
    0x0001b658   0x000000e8   Code   RO         1113    i.EPD_1IN54_DrawObject  myepaperobjektfunction.o
    0x0001b740   0x00000210   Code   RO         1114    i.EPD_1IN54_DrawObjectFsSelCheckMenu  myepaperobjektfunction.o
    0x0001b950   0x00000064   Code   RO         1115    i.EPD_1IN54_DrawObjectIntString  myepaperobjektfunction.o
    0x0001b9b4   0x00000098   Code   RO         1116    i.EPD_1IN54_DrawObjectItemString  myepaperobjektfunction.o
    0x0001ba4c   0x0000003c   Code   RO         1117    i.EPD_1IN54_DrawObjectKeyLeft  myepaperobjektfunction.o
    0x0001ba88   0x0000003c   Code   RO         1118    i.EPD_1IN54_DrawObjectKeyRigth  myepaperobjektfunction.o
    0x0001bac4   0x000000f8   Code   RO         1119    i.EPD_1IN54_DrawObjectList  myepaperobjektfunction.o
    0x0001bbbc   0x00000048   Code   RO         1120    i.EPD_1IN54_DrawObjectMemo  myepaperobjektfunction.o
    0x0001bc04   0x0000006c   Code   RO         1121    i.EPD_1IN54_DrawObjectParamList  myepaperobjektfunction.o
    0x0001bc70   0x00000026   Code   RO         1122    i.EPD_1IN54_DrawObjectPicture  myepaperobjektfunction.o
    0x0001bc96   0x00000002   PAD
    0x0001bc98   0x00000188   Code   RO         1124    i.EPD_1IN54_DrawObjectSelCheckMenu  myepaperobjektfunction.o
    0x0001be20   0x00000050   Code   RO         1125    i.EPD_1IN54_DrawObjectString  myepaperobjektfunction.o
    0x0001be70   0x000000c0   Code   RO         1126    i.EPD_1IN54_DrawObjectText  myepaperobjektfunction.o
    0x0001bf30   0x0000003e   Code   RO         1127    i.EPD_1IN54_DrawObjectTextList  myepaperobjektfunction.o
    0x0001bf6e   0x00000002   PAD
    0x0001bf70   0x0000013c   Code   RO         1128    i.EPD_1IN54_DrawObjectTextListGroup  myepaperobjektfunction.o
    0x0001c0ac   0x000000c0   Code   RO         1129    i.EPD_1IN54_DrawPartObject  myepaperobjektfunction.o
    0x0001c16c   0x00000116   Code   RO         1130    i.EPD_1IN54_DrawText  myepaperobjektfunction.o
    0x0001c282   0x00000266   Code   RO         1131    i.EPD_1IN54_DrawTextList  myepaperobjektfunction.o
    0x0001c4e8   0x000000ca   Code   RO          550    i.EPD_1IN54_LineX   myepaper.o
    0x0001c5b2   0x00000082   Code   RO          551    i.EPD_1IN54_LineY   myepaper.o
    0x0001c634   0x000006f4   Code   RO         1132    i.EPD_1IN54_ObjDataOperation  myepaperobjektfunction.o
    0x0001cd28   0x0000002e   Code   RO          552    i.EPD_1IN54_PrintFillRectagle  myepaper.o
    0x0001cd56   0x00000068   Code   RO          554    i.EPD_1IN54_PrintPicture  myepaper.o
    0x0001cdbe   0x000002b2   Code   RO          555    i.EPD_1IN54_PrintRamString  myepaper.o
    0x0001d070   0x00000032   Code   RO          557    i.EPD_1IN54_SetCursor  myepaper.o
    0x0001d0a2   0x00000076   Code   RO          558    i.EPD_1IN54_SetFrame  myepaper.o
    0x0001d118   0x0000004c   Code   RO          559    i.EPD_1IN54_SetWindow  myepaper.o
    0x0001d164   0x00000050   Code   RO         1133    i.EPD_1IN54_StartObjRun  myepaperobjektfunction.o
    0x0001d1b4   0x0000008a   Code   RO          560    i.EPD_1IN54_StringRamPixelLength  myepaper.o
    0x0001d23e   0x00000024   Code   RO          561    i.EPD_1IN54_TurnOnDisplay  myepaper.o
    0x0001d262   0x00000002   PAD
    0x0001d264   0x00000124   Code   RO         1134    i.EPD_1IN54_WriteObjKey  myepaperobjektfunction.o
    0x0001d388   0x000001d8   Code   RO          562    i.EPD_1IN54_myDrawString  myepaper.o
    0x0001d560   0x000000a2   Code   RO          563    i.EPD_1IN54_myDrawStringPixelLength  myepaper.o
    0x0001d602   0x00000200   Code   RO          564    i.EPD_1IN54_outIntString  myepaper.o
    0x0001d802   0x000001ba   Code   RO          565    i.EPD_1IN54_outString  myepaper.o
    0x0001d9bc   0x00000024   Code   RO          566    i.FontCange         myepaper.o
    0x0001d9e0   0x00000040   Code   RO          567    i.FontSettings      myepaper.o
    0x0001da20   0x0000018c   Code   RO         2582    i.GPIOTE_IRQHandler  nrf_drv_gpiote.o
    0x0001dbac   0x0000006c   Code   RO         1135    i.GetArrayGoals     myepaperobjektfunction.o
    0x0001dc18   0x00000228   Code   RO         1136    i.GoToCommand       myepaperobjektfunction.o
    0x0001de40   0x00000050   Code   RO          339    i.Grad              myble.o
    0x0001de90   0x000000d4   Code   RO         1137    i.KeyReaction       myepaperobjektfunction.o
    0x0001df64   0x000000d4   Code   RO         1138    i.KeyRun            myepaperobjektfunction.o
    0x0001e038   0x000000b0   Code   RO            3    i.Key_timeout       main.o
    0x0001e0e8   0x00000120   Code   RO         1139    i.LoadRamParams     myepaperobjektfunction.o
    0x0001e208   0x00000046   Code   RO          568    i.MyePaperDualInit  myepaper.o
    0x0001e24e   0x00000002   PAD
    0x0001e250   0x000000f0   Code   RO          569    i.MyePaperInit      myepaper.o
    0x0001e340   0x00000024   Code   RO          570    i.MyePaper_GPIO_DeInit  myepaper.o
    0x0001e364   0x0000001e   Code   RO          571    i.MyePaper_GPIO_Init  myepaper.o
    0x0001e382   0x00000002   PAD
    0x0001e384   0x00000014   Code   RO         3838    i.NVIC_ClearPendingIRQ  app_timer.o
    0x0001e398   0x00000014   Code   RO         3839    i.NVIC_EnableIRQ    app_timer.o
    0x0001e3ac   0x00000014   Code   RO         3840    i.NVIC_SetPendingIRQ  app_timer.o
    0x0001e3c0   0x00000078   Code   RO         2524    i.NVIC_SetPriority  nrf_drv_common.o
    0x0001e438   0x00000078   Code   RO         3841    i.NVIC_SetPriority  app_timer.o
    0x0001e4b0   0x00000010   Code   RO         2820    i.RTC0_IRQHandler   nrf_drv_rtc.o
    0x0001e4c0   0x00000028   Code   RO         3842    i.RTC1_IRQHandler   app_timer.o
    0x0001e4e8   0x0000002e   Code   RO          572    i.Reset             myepaper.o
    0x0001e516   0x00000008   Code   RO         3843    i.SWI0_IRQHandler   app_timer.o
    0x0001e51e   0x00000002   PAD
    0x0001e520   0x00000034   Code   RO         4247    i.SWI2_IRQHandler   softdevice_handler.o
    0x0001e554   0x0000014c   Code   RO         1140    i.Save_params       myepaperobjektfunction.o
    0x0001e6a0   0x00000024   Code   RO          574    i.SendCommand       myepaper.o
    0x0001e6c4   0x00000024   Code   RO          575    i.SendData          myepaper.o
    0x0001e6e8   0x0000001c   Code   RO          807    i.Soft_Spi_GPIO_DeInit  mysoftspi.o
    0x0001e704   0x00000018   Code   RO          808    i.Soft_Spi_GPIO_Init  mysoftspi.o
    0x0001e71c   0x00000054   Code   RO          810    i.Soft_Spi_Transmit  mysoftspi.o
    0x0001e770   0x00000060   Code   RO          811    i.Soft_Spi_TransmitReceive  mysoftspi.o
    0x0001e7d0   0x00000040   Code   RO          812    i.Soft_Spi_TransmitSameBit  mysoftspi.o
    0x0001e810   0x00000050   Code   RO          813    i.Soft_Spi_TransmitSameByte  mysoftspi.o
    0x0001e860   0x00000010   Code   RO          577    i.SpiSendByte       myepaper.o
    0x0001e870   0x00000028   Code   RO          579    i.SpiSendSameBit    myepaper.o
    0x0001e898   0x00000028   Code   RO          580    i.SpiSendSameByte   myepaper.o
    0x0001e8c0   0x00000018   Code   RO          814    i.Spi_While_ms      mysoftspi.o
    0x0001e8d8   0x0000000c   Code   RO          815    i.Spi_While_us      mysoftspi.o
    0x0001e8e4   0x00000064   Code   RO         1543    i.SystemInit        system_nrf51.o
    0x0001e948   0x0000002a   Code   RO          341    i.Term              myble.o
    0x0001e972   0x00000008   Code   RO         2971    i.UART0_IRQHandler  nrf_drv_uart.o
    0x0001e97a   0x0000001c   Code   RO          893    i.W25Q_DeInit       w25q_flash.o
    0x0001e996   0x0000003a   Code   RO          894    i.W25Q_Flash_Sektor_erase  w25q_flash.o
    0x0001e9d0   0x0000001e   Code   RO          896    i.W25Q_Flash_init   w25q_flash.o
    0x0001e9ee   0x00000002   PAD
    0x0001e9f0   0x00000018   Code   RO          897    i.W25Q_Flash_reset  w25q_flash.o
    0x0001ea08   0x00000044   Code   RO          898    i.W25Q_ReadData     w25q_flash.o
    0x0001ea4c   0x00000028   Code   RO          899    i.W25Q_SendByte     w25q_flash.o
    0x0001ea74   0x0000002e   Code   RO          900    i.W25Q_SpiReadReg   w25q_flash.o
    0x0001eaa2   0x00000028   Code   RO          901    i.W25Q_SpiSendData  w25q_flash.o
    0x0001eaca   0x00000016   Code   RO          902    i.W25Q_WriteEnadle  w25q_flash.o
    0x0001eae0   0x00000066   Code   RO          903    i.W25Q_WritePage    w25q_flash.o
    0x0001eb46   0x00000002   PAD
    0x0001eb48   0x00000048   Code   RO          581    i.WaitUntilIdle     myepaper.o
    0x0001eb90   0x0000001c   Code   RO         1469    i.__ARM_common_switch8  bsp.o
    0x0001ebac   0x0000000e   Code   RO         4426    i.__scatterload_copy  mc_p.l(handlers.o)
    0x0001ebba   0x00000002   Code   RO         4427    i.__scatterload_null  mc_p.l(handlers.o)
    0x0001ebbc   0x0000000e   Code   RO         4428    i.__scatterload_zeroinit  mc_p.l(handlers.o)
    0x0001ebca   0x000001f4   Code   RO         2125    i.adv_data_encode   ble_advdata.o
    0x0001edbe   0x00000014   Code   RO         2126    i.advdata_check     ble_advdata.o
    0x0001edd2   0x0000005a   Code   RO         1483    i.advertising_buttons_configure  bsp_btn_ble.o
    0x0001ee2c   0x0000006c   Code   RO          342    i.advertising_init  myble.o
    0x0001ee98   0x00000024   Code   RO         1377    i.alert_timer_handler  bsp.o
    0x0001eebc   0x0000002c   Code   RO         3719    i.app_button_enable  app_button.o
    0x0001eee8   0x000000ac   Code   RO         3720    i.app_button_init   app_button.o
    0x0001ef94   0x00000038   Code   RO         3785    i.app_error_fault_handler  app_error.o
    0x0001efcc   0x0000001c   Code   RO         3787    i.app_error_handler_bare  app_error.o
    0x0001efe8   0x0000001c   Code   RO         1859    i.app_evt_notify    device_manager_peripheral.o
    0x0001f004   0x00000030   Code   RO         3242    i.app_notify        pstorage.o
    0x0001f034   0x00000024   Code   RO         3243    i.app_notify_error_state_transit  pstorage.o
    0x0001f058   0x00000044   Code   RO         3846    i.app_timer_create  app_timer.o
    0x0001f09c   0x000000b8   Code   RO         3847    i.app_timer_init    app_timer.o
    0x0001f154   0x0000005c   Code   RO         3848    i.app_timer_start   app_timer.o
    0x0001f1b0   0x0000003c   Code   RO         3849    i.app_timer_stop    app_timer.o
    0x0001f1ec   0x00000054   Code   RO         2127    i.appearance_encode  ble_advdata.o
    0x0001f240   0x0000002c   Code   RO          343    i.application_timers_start  myble.o
    0x0001f26c   0x000001c8   Code   RO         1589    i.battery_level_char_add  ble_bas.o
    0x0001f434   0x000000ec   Code   RO          345    i.battery_level_meas_timeout_handler  myble.o
    0x0001f520   0x0000003c   Code   RO          346    i.battery_level_update  myble.o
    0x0001f55c   0x00000098   Code   RO         2128    i.ble_advdata_set   ble_advdata.o
    0x0001f5f4   0x00000180   Code   RO         2239    i.ble_advertising_init  ble_advertising.o
    0x0001f774   0x0000010c   Code   RO         2240    i.ble_advertising_on_ble_evt  ble_advertising.o
    0x0001f880   0x00000054   Code   RO         2241    i.ble_advertising_on_sys_evt  ble_advertising.o
    0x0001f8d4   0x00000010   Code   RO         2243    i.ble_advertising_peer_address_clear  ble_advertising.o
    0x0001f8e4   0x00000064   Code   RO         2244    i.ble_advertising_restart_without_whitelist  ble_advertising.o
    0x0001f948   0x000002c8   Code   RO         2245    i.ble_advertising_start  ble_advertising.o
    0x0001fc10   0x0000008c   Code   RO         1590    i.ble_bas_battery_level_update  ble_bas.o
    0x0001fc9c   0x00000054   Code   RO         1591    i.ble_bas_init      ble_bas.o
    0x0001fcf0   0x00000046   Code   RO         1592    i.ble_bas_on_ble_evt  ble_bas.o
    0x0001fd36   0x00000002   PAD
    0x0001fd38   0x00000060   Code   RO         1654    i.ble_bps_init      ble_bps.o
    0x0001fd98   0x00000034   Code   RO         1655    i.ble_bps_is_indication_enabled  ble_bps.o
    0x0001fdcc   0x00000064   Code   RO         1656    i.ble_bps_measurement_send  ble_bps.o
    0x0001fe30   0x00000048   Code   RO         1657    i.ble_bps_on_ble_evt  ble_bps.o
    0x0001fe78   0x00000078   Code   RO         2320    i.ble_conn_params_init  ble_conn_params.o
    0x0001fef0   0x0000003e   Code   RO         2321    i.ble_conn_params_on_ble_evt  ble_conn_params.o
    0x0001ff2e   0x00000046   Code   RO         1658    i.ble_date_time_encode  ble_bps.o
    0x0001ff74   0x00000070   Code   RO         2129    i.ble_device_addr_encode  ble_advdata.o
    0x0001ffe4   0x000001b4   Code   RO         1760    i.ble_dis_init      ble_dis.o
    0x00020198   0x0000003c   Code   RO          347    i.ble_evt_dispatch  myble.o
    0x000201d4   0x00000012   Code   RO         1816    i.ble_srv_ascii_to_utf8  ble_srv_common.o
    0x000201e6   0x00000016   Code   RO         1659    i.ble_srv_is_indication_enabled  ble_bps.o
    0x000201fc   0x00000038   Code   RO         1817    i.ble_srv_report_ref_encode  ble_srv_common.o
    0x00020234   0x000000d4   Code   RO          348    i.ble_stack_init    myble.o
    0x00020308   0x00000070   Code   RO          349    i.blood_pressure_measurement_send  myble.o
    0x00020378   0x00000050   Code   RO         1860    i.bond_data_load    device_manager_peripheral.o
    0x000203c8   0x000000b0   Code   RO         1660    i.bps_feature_char_add  ble_bps.o
    0x00020478   0x000000f8   Code   RO         1661    i.bps_measurement_char_add  ble_bps.o
    0x00020570   0x000000ee   Code   RO         1662    i.bps_measurement_encode  ble_bps.o
    0x0002065e   0x00000002   PAD
    0x00020660   0x00000040   Code   RO         1484    i.bsp_btn_ble_init  bsp_btn_ble.o
    0x000206a0   0x00000084   Code   RO         1485    i.bsp_btn_ble_on_ble_evt  bsp_btn_ble.o
    0x00020724   0x0000001e   Code   RO         1486    i.bsp_btn_ble_sleep_mode_prepare  bsp_btn_ble.o
    0x00020742   0x00000002   PAD
    0x00020744   0x000000d8   Code   RO         1378    i.bsp_button_event_handler  bsp.o
    0x0002081c   0x00000038   Code   RO         1379    i.bsp_button_is_pressed  bsp.o
    0x00020854   0x0000006c   Code   RO          350    i.bsp_event_handler  myble.o
    0x000208c0   0x0000005c   Code   RO         1383    i.bsp_event_to_button_action_assign  bsp.o
    0x0002091c   0x00000024   Code   RO         1384    i.bsp_indication_set  bsp.o
    0x00020940   0x000000d4   Code   RO         1386    i.bsp_init          bsp.o
    0x00020a14   0x00000568   Code   RO         1387    i.bsp_led_indication  bsp.o
    0x00020f7c   0x0000005c   Code   RO         1388    i.bsp_wakeup_buttons_set  bsp.o
    0x00020fd8   0x0000000e   Code   RO         1389    i.button_timer_handler  bsp.o
    0x00020fe6   0x00000002   PAD
    0x00020fe8   0x0000005c   Code   RO          351    i.buttons_leds_init  myble.o
    0x00021044   0x00000020   Code   RO         2583    i.channel_free      nrf_drv_gpiote.o
    0x00021064   0x00000010   Code   RO         2584    i.channel_handler_get  nrf_drv_gpiote.o
    0x00021074   0x00000078   Code   RO         2585    i.channel_port_alloc  nrf_drv_gpiote.o
    0x000210ec   0x0000000c   Code   RO         2586    i.channel_port_get  nrf_drv_gpiote.o
    0x000210f8   0x000000e4   Code   RO         1761    i.char_add          ble_dis.o
    0x000211dc   0x00000114   Code   RO         3244    i.clear_operation_execute  pstorage.o
    0x000212f0   0x00000028   Code   RO         3245    i.clear_post_processing_run  pstorage.o
    0x00021318   0x00000048   Code   RO         3246    i.cmd_process       pstorage.o
    0x00021360   0x00000014   Code   RO         3247    i.cmd_queue_dequeue  pstorage.o
    0x00021374   0x0000003c   Code   RO         3248    i.cmd_queue_element_init  pstorage.o
    0x000213b0   0x00000084   Code   RO         3249    i.cmd_queue_enqueue  pstorage.o
    0x00021434   0x00000020   Code   RO         3250    i.cmd_queue_init    pstorage.o
    0x00021454   0x00000028   Code   RO         3251    i.command_end_procedure_run  pstorage.o
    0x0002147c   0x0000002c   Code   RO         3252    i.command_queue_element_consume  pstorage.o
    0x000214a8   0x0000008c   Code   RO         3851    i.compare_reg_update  app_timer.o
    0x00021534   0x0000005c   Code   RO         2130    i.conn_int_check    ble_advdata.o
    0x00021590   0x0000006a   Code   RO         2131    i.conn_int_encode   ble_advdata.o
    0x000215fa   0x00000010   Code   RO          352    i.conn_params_error_handler  myble.o
    0x0002160a   0x00000002   PAD
    0x0002160c   0x00000058   Code   RO          353    i.conn_params_init  myble.o
    0x00021664   0x00000094   Code   RO         2323    i.conn_params_negotiation  ble_conn_params.o
    0x000216f8   0x0000005a   Code   RO         1487    i.connection_buttons_configure  bsp_btn_ble.o
    0x00021752   0x00000002   PAD
    0x00021754   0x00000048   Code   RO         1861    i.connection_instance_find  device_manager_peripheral.o
    0x0002179c   0x00000038   Code   RO         1862    i.connection_instance_init  device_manager_peripheral.o
    0x000217d4   0x0000005c   Code   RO         3852    i.current_int_priority_get  app_timer.o
    0x00021830   0x00000084   Code   RO         3253    i.data_page_erase_state_run  pstorage.o
    0x000218b4   0x00000038   Code   RO         3254    i.data_to_swap_write_state_run  pstorage.o
    0x000218ec   0x0000008c   Code   RO         3722    i.detection_delay_timeout_handler  app_button.o
    0x00021978   0x000000d0   Code   RO         1863    i.device_context_store  device_manager_peripheral.o
    0x00021a48   0x0000007c   Code   RO         1864    i.device_instance_allocate  device_manager_peripheral.o
    0x00021ac4   0x00000058   Code   RO         1865    i.device_instance_find  device_manager_peripheral.o
    0x00021b1c   0x00000030   Code   RO         1866    i.device_instance_free  device_manager_peripheral.o
    0x00021b4c   0x0000004c   Code   RO          354    i.device_manager_evt_handler  myble.o
    0x00021b98   0x000000b4   Code   RO          355    i.device_manager_init  myble.o
    0x00021c4c   0x00000634   Code   RO         1871    i.dm_ble_evt_handler  device_manager_peripheral.o
    0x00022280   0x0000001c   Code   RO         1877    i.dm_handle_initialize  device_manager_peripheral.o
    0x0002229c   0x00000108   Code   RO         1878    i.dm_init           device_manager_peripheral.o
    0x000223a4   0x000001f8   Code   RO         1881    i.dm_pstorage_cb_handler  device_manager_peripheral.o
    0x0002259c   0x000000bc   Code   RO         1882    i.dm_register       device_manager_peripheral.o
    0x00022658   0x00000064   Code   RO         3853    i.elapsed_ticks_acquire  app_timer.o
    0x000226bc   0x00000044   Code   RO         3255    i.erase_sub_state_sm_run  pstorage.o
    0x00022700   0x0000005c   Code   RO         3854    i.expired_timers_handler  app_timer.o
    0x0002275c   0x00000028   Code   RO         1141    i.findhash          myepaperobjektfunction.o
    0x00022784   0x00000036   Code   RO         2132    i.flags_encode      ble_advdata.o
    0x000227ba   0x00000002   PAD
    0x000227bc   0x00000030   Code   RO         3256    i.flash_api_err_code_process  pstorage.o
    0x000227ec   0x00000040   Code   RO         3257    i.flash_operation_failure_run  pstorage.o
    0x0002282c   0x00000030   Code   RO         3258    i.flash_operation_success_run  pstorage.o
    0x0002285c   0x00000010   Code   RO         3259    i.flash_page_erase  pstorage.o
    0x0002286c   0x00000018   Code   RO         3260    i.flash_write       pstorage.o
    0x00022884   0x0000009c   Code   RO          356    i.gap_params_init   myble.o
    0x00022920   0x00000006   Code   RO         1889    i.gattc_context_apply  device_manager_peripheral.o
    0x00022926   0x00000006   Code   RO         1890    i.gattc_context_load  device_manager_peripheral.o
    0x0002292c   0x00000006   Code   RO         1891    i.gattc_context_store  device_manager_peripheral.o
    0x00022932   0x00000002   PAD
    0x00022934   0x000000f4   Code   RO         1892    i.gatts_context_apply  device_manager_peripheral.o
    0x00022a28   0x00000048   Code   RO         1893    i.gatts_context_load  device_manager_peripheral.o
    0x00022a70   0x000000dc   Code   RO         1894    i.gatts_context_store  device_manager_peripheral.o
    0x00022b4c   0x0000001a   Code   RO         1895    i.gattsc_context_apply  device_manager_peripheral.o
    0x00022b66   0x0000001e   Code   RO         1896    i.gattsc_context_load  device_manager_peripheral.o
    0x00022b84   0x0000001e   Code   RO         1897    i.gattsc_context_store  device_manager_peripheral.o
    0x00022ba2   0x00000002   PAD
    0x00022ba4   0x0000001c   Code   RO         1142    i.getCurentScrin    myepaperobjektfunction.o
    0x00022bc0   0x00000114   Code   RO         1143    i.getPicture        myepaperobjektfunction.o
    0x00022cd4   0x000001b4   Code   RO         1144    i.getScrin          myepaperobjektfunction.o
    0x00022e88   0x00000010   Code   RO         1006    i.get_my_KeyEvent   my_key_lib.o
    0x00022e98   0x00000080   Code   RO         3723    i.gpiote_event_handler  app_button.o
    0x00022f18   0x00000070   Code   RO         3261    i.head_restore_state_run  pstorage.o
    0x00022f88   0x000000b4   Code   RO         4248    i.intern_softdevice_events_execute  softdevice_handler.o
    0x0002303c   0x00000024   Code   RO         2324    i.is_conn_params_ok  ble_conn_params.o
    0x00023060   0x00000038   Code   RO         1544    i.is_disabled_in_debug_needed  system_nrf51.o
    0x00023098   0x0000006c   Code   RO         1545    i.is_manual_peripheral_setup_needed  system_nrf51.o
    0x00023104   0x00000058   Code   RO         3262    i.is_page_erase_required  pstorage.o
    0x0002315c   0x00000054   Code   RO         1546    i.is_peripheral_domain_setup_needed  system_nrf51.o
    0x000231b0   0x00000050   Code   RO         3263    i.is_tail_data_page_swap_required  pstorage.o
    0x00023200   0x00000012   Code   RO         3264    i.is_word_aligned   pstorage.o
    0x00023212   0x0000000e   Code   RO         2402    i.item_dequeue      nrf_drv_clock.o
    0x00023220   0x0000006a   Code   RO         2133    i.le_role_encode    ble_advdata.o
    0x0002328a   0x00000002   PAD
    0x0002328c   0x00000024   Code   RO         1390    i.leds_timer_handler  bsp.o
    0x000232b0   0x00000038   Code   RO            7    i.lfclk_config      main.o
    0x000232e8   0x00000094   Code   RO         3855    i.list_deletions_handler  app_timer.o
    0x0002337c   0x00000110   Code   RO         3856    i.list_insertions_handler  app_timer.o
    0x0002348c   0x0000011c   Code   RO            8    i.main              main.o
    0x000235a8   0x00000020   Code   RO         3265    i.main_state_err_busy_process  pstorage.o
    0x000235c8   0x00000078   Code   RO         2134    i.manuf_specific_data_encode  ble_advdata.o
    0x00023640   0x0000003c   Code   RO         1007    i.my_KeyAktivate    my_key_lib.o
    0x0002367c   0x00000050   Code   RO         1008    i.my_KeyClk         my_key_lib.o
    0x000236cc   0x00000034   Code   RO         1009    i.my_KeyDeInit      my_key_lib.o
    0x00023700   0x0000013c   Code   RO         1010    i.my_KeyDualSkan    my_key_lib.o
    0x0002383c   0x0000006c   Code   RO         1011    i.my_KeyInit        my_key_lib.o
    0x000238a8   0x0000002c   Code   RO         1012    i.my_KeyRead        my_key_lib.o
    0x000238d4   0x000000c6   Code   RO         2135    i.name_encode       ble_advdata.o
    0x0002399a   0x00000006   Code   RO         1898    i.no_service_context_apply  device_manager_peripheral.o
    0x000239a0   0x00000006   Code   RO         1899    i.no_service_context_load  device_manager_peripheral.o
    0x000239a6   0x00000006   Code   RO         1900    i.no_service_context_store  device_manager_peripheral.o
    0x000239ac   0x00000034   Code   RO         2414    i.nrf_drv_clock_on_soc_event  nrf_drv_clock.o
    0x000239e0   0x00000038   Code   RO         2525    i.nrf_drv_common_irq_enable  nrf_drv_common.o
    0x00023a18   0x000000c8   Code   RO         2589    i.nrf_drv_gpiote_in_event_enable  nrf_drv_gpiote.o
    0x00023ae0   0x000000f4   Code   RO         2590    i.nrf_drv_gpiote_in_init  nrf_drv_gpiote.o
    0x00023bd4   0x00000020   Code   RO         2591    i.nrf_drv_gpiote_in_is_set  nrf_drv_gpiote.o
    0x00023bf4   0x00000050   Code   RO         2593    i.nrf_drv_gpiote_init  nrf_drv_gpiote.o
    0x00023c44   0x00000014   Code   RO         2594    i.nrf_drv_gpiote_is_init  nrf_drv_gpiote.o
    0x00023c58   0x000000b8   Code   RO         2822    i.nrf_drv_rtc_cc_set  nrf_drv_rtc.o
    0x00023d10   0x00000020   Code   RO         2824    i.nrf_drv_rtc_enable  nrf_drv_rtc.o
    0x00023d30   0x0000008c   Code   RO         2825    i.nrf_drv_rtc_init  nrf_drv_rtc.o
    0x00023dbc   0x0000000e   Code   RO            9    i.nrf_drv_rtc_int_enable  main.o
    0x00023dca   0x00000002   PAD
    0x00023dcc   0x000000ac   Code   RO         2826    i.nrf_drv_rtc_int_handler  nrf_drv_rtc.o
    0x00023e78   0x0000002a   Code   RO         2829    i.nrf_drv_rtc_overflow_enable  nrf_drv_rtc.o
    0x00023ea2   0x0000002a   Code   RO         2831    i.nrf_drv_rtc_tick_enable  nrf_drv_rtc.o
    0x00023ecc   0x00000026   Code   RO           10    i.nrf_gpio_cfg      main.o
    0x00023ef2   0x00000026   Code   RO          582    i.nrf_gpio_cfg      myepaper.o
    0x00023f18   0x00000026   Code   RO          816    i.nrf_gpio_cfg      mysoftspi.o
    0x00023f3e   0x00000026   Code   RO          904    i.nrf_gpio_cfg      w25q_flash.o
    0x00023f64   0x00000026   Code   RO         1014    i.nrf_gpio_cfg      my_key_lib.o
    0x00023f8a   0x00000026   Code   RO         2606    i.nrf_gpio_cfg      nrf_drv_gpiote.o
    0x00023fb0   0x0000001a   Code   RO          583    i.nrf_gpio_cfg_input  myepaper.o
    0x00023fca   0x0000001a   Code   RO          817    i.nrf_gpio_cfg_input  mysoftspi.o
    0x00023fe4   0x0000001a   Code   RO         1015    i.nrf_gpio_cfg_input  my_key_lib.o
    0x00023ffe   0x00000018   Code   RO           11    i.nrf_gpio_cfg_output  main.o
    0x00024016   0x00000018   Code   RO          584    i.nrf_gpio_cfg_output  myepaper.o
    0x0002402e   0x00000018   Code   RO          818    i.nrf_gpio_cfg_output  mysoftspi.o
    0x00024046   0x00000046   Code   RO         2608    i.nrf_gpio_cfg_sense_set  nrf_drv_gpiote.o
    0x0002408c   0x00000018   Code   RO          585    i.nrf_gpio_port_clear  myepaper.o
    0x000240a4   0x00000018   Code   RO          905    i.nrf_gpio_port_clear  w25q_flash.o
    0x000240bc   0x00000010   Code   RO         1016    i.nrf_gpio_port_read  my_key_lib.o
    0x000240cc   0x0000000c   Code   RO           12    i.nrf_gpio_port_set  main.o
    0x000240d8   0x00000018   Code   RO          586    i.nrf_gpio_port_set  myepaper.o
    0x000240f0   0x00000018   Code   RO          906    i.nrf_gpio_port_set  w25q_flash.o
    0x00024108   0x0000000c   Code   RO         1017    i.nrf_gpio_port_set  my_key_lib.o
    0x00024114   0x00000004   Code   RO          587    i.nrf_gpio_word_byte_write  myepaper.o
    0x00024118   0x00000004   Code   RO          907    i.nrf_gpio_word_byte_write  w25q_flash.o
    0x0002411c   0x0000000c   Code   RO         2611    i.nrf_gpiote_event_addr_get  nrf_drv_gpiote.o
    0x00024128   0x00000010   Code   RO         2612    i.nrf_gpiote_event_clear  nrf_drv_gpiote.o
    0x00024138   0x00000016   Code   RO         2613    i.nrf_gpiote_event_is_set  nrf_drv_gpiote.o
    0x0002414e   0x00000002   PAD
    0x00024150   0x0000000c   Code   RO         2614    i.nrf_gpiote_int_enable  nrf_drv_gpiote.o
    0x0002415c   0x0000000e   Code   RO         2833    i.nrf_rtc_cc_set    nrf_drv_rtc.o
    0x0002416a   0x00000006   Code   RO         2834    i.nrf_rtc_event_clear  nrf_drv_rtc.o
    0x00024170   0x0000000a   Code   RO         2835    i.nrf_rtc_event_disable  nrf_drv_rtc.o
    0x0002417a   0x0000000a   Code   RO         2836    i.nrf_rtc_event_enable  nrf_drv_rtc.o
    0x00024184   0x00000006   Code   RO         2837    i.nrf_rtc_event_pending  nrf_drv_rtc.o
    0x0002418a   0x0000000a   Code   RO         2838    i.nrf_rtc_int_disable  nrf_drv_rtc.o
    0x00024194   0x0000000a   Code   RO         2839    i.nrf_rtc_int_enable  nrf_drv_rtc.o
    0x0002419e   0x0000000e   Code   RO         2840    i.nrf_rtc_int_is_enabled  nrf_drv_rtc.o
    0x000241ac   0x00000006   Code   RO         2841    i.nrf_rtc_task_trigger  nrf_drv_rtc.o
    0x000241b2   0x00000014   Code   RO         2989    i.nrf_uart_errorsrc_get_and_clear  nrf_drv_uart.o
    0x000241c6   0x00000010   Code   RO         2990    i.nrf_uart_event_check  nrf_drv_uart.o
    0x000241d6   0x00000006   Code   RO         2991    i.nrf_uart_event_clear  nrf_drv_uart.o
    0x000241dc   0x0000000a   Code   RO         2993    i.nrf_uart_int_disable  nrf_drv_uart.o
    0x000241e6   0x00000018   Code   RO         2995    i.nrf_uart_int_enable_check  nrf_drv_uart.o
    0x000241fe   0x00000006   Code   RO         2996    i.nrf_uart_task_trigger  nrf_drv_uart.o
    0x00024204   0x00000036   Code   RO          357    i.on_adv_evt        myble.o
    0x0002423a   0x00000002   PAD
    0x0002423c   0x00000080   Code   RO          358    i.on_ble_evt        myble.o
    0x000242bc   0x00000020   Code   RO          359    i.on_bps_evt        myble.o
    0x000242dc   0x00000034   Code   RO         1663    i.on_cccd_write     ble_bps.o
    0x00024310   0x00000030   Code   RO          360    i.on_conn_params_evt  myble.o
    0x00024340   0x00000018   Code   RO         2325    i.on_conn_params_update  ble_conn_params.o
    0x00024358   0x00000006   Code   RO         1593    i.on_connect        ble_bas.o
    0x0002435e   0x00000006   Code   RO         1664    i.on_connect        ble_bps.o
    0x00024364   0x0000003c   Code   RO         2326    i.on_connect        ble_conn_params.o
    0x000243a0   0x00000008   Code   RO         1594    i.on_disconnect     ble_bas.o
    0x000243a8   0x00000008   Code   RO         1665    i.on_disconnect     ble_bps.o
    0x000243b0   0x00000044   Code   RO         2327    i.on_disconnect     ble_conn_params.o
    0x000243f4   0x00000020   Code   RO         1666    i.on_hvc            ble_bps.o
    0x00024414   0x00000050   Code   RO         1595    i.on_write          ble_bas.o
    0x00024464   0x0000001a   Code   RO         1667    i.on_write          ble_bps.o
    0x0002447e   0x00000002   PAD
    0x00024480   0x0000005c   Code   RO         2328    i.on_write          ble_conn_params.o
    0x000244dc   0x0000001a   Code   RO         2247    i.peer_address_exists  ble_advertising.o
    0x000244f6   0x00000002   PAD
    0x000244f8   0x00000050   Code   RO         1901    i.peer_instance_init  device_manager_peripheral.o
    0x00024548   0x0000001c   Code   RO         2616    i.pin_in_use_by_gpiote  nrf_drv_gpiote.o
    0x00024564   0x00000018   Code   RO         2617    i.pin_in_use_by_port  nrf_drv_gpiote.o
    0x0002457c   0x00000020   Code   RO         2618    i.pin_in_use_by_te  nrf_drv_gpiote.o
    0x0002459c   0x00000010   Code   RO         2619    i.pin_in_use_clear  nrf_drv_gpiote.o
    0x000245ac   0x0000008c   Code   RO         1762    i.pnp_id_encode     ble_dis.o
    0x00024638   0x00000028   Code   RO           13    i.powerDeInit       main.o
    0x00024660   0x0000001e   Code   RO           14    i.powerInit         main.o
    0x0002467e   0x00000002   PAD
    0x00024680   0x00000030   Code   RO         3266    i.pstorage_access_status_get  pstorage.o
    0x000246b0   0x000000a4   Code   RO         3267    i.pstorage_block_identifier_get  pstorage.o
    0x00024754   0x00000118   Code   RO         3268    i.pstorage_clear    pstorage.o
    0x0002486c   0x00000028   Code   RO         3269    i.pstorage_flash_page_end  pstorage.o
    0x00024894   0x0000000a   Code   RO         3270    i.pstorage_flash_page_size  pstorage.o
    0x0002489e   0x00000002   PAD
    0x000248a0   0x00000088   Code   RO         3271    i.pstorage_init     pstorage.o
    0x00024928   0x000000fc   Code   RO         3272    i.pstorage_load     pstorage.o
    0x00024a24   0x00000120   Code   RO         3273    i.pstorage_register  pstorage.o
    0x00024b44   0x000000e0   Code   RO         3274    i.pstorage_store    pstorage.o
    0x00024c24   0x0000004c   Code   RO         3275    i.pstorage_sys_event_handler  pstorage.o
    0x00024c70   0x000000e0   Code   RO         3276    i.pstorage_update   pstorage.o
    0x00024d50   0x0000000c   Code   RO         3857    i.rtc1_compare0_set  app_timer.o
    0x00024d5c   0x0000000c   Code   RO         3858    i.rtc1_counter_get  app_timer.o
    0x00024d68   0x00000018   Code   RO         3859    i.rtc1_init         app_timer.o
    0x00024d80   0x0000003c   Code   RO         3860    i.rtc1_start        app_timer.o
    0x00024dbc   0x00000058   Code   RO         3861    i.rtc1_stop         app_timer.o
    0x00024e14   0x00000090   Code   RO           15    i.rtc_config        main.o
    0x00024ea4   0x00000060   Code   RO           16    i.rtc_handler       main.o
    0x00024f04   0x0000005c   Code   RO         2999    i.rx_byte           nrf_drv_uart.o
    0x00024f60   0x00000024   Code   RO         3000    i.rx_done_event     nrf_drv_uart.o
    0x00024f84   0x0000005c   Code   RO         1145    i.saveCounter       myepaperobjektfunction.o
    0x00024fe0   0x0000001c   Code   RO         4249    i.sd_check_ram_start  softdevice_handler.o
    0x00024ffc   0x00000036   Code   RO         2136    i.sec_mgr_oob_flags_encode  ble_advdata.o
    0x00025032   0x00000096   Code   RO         2137    i.service_data_encode  ble_advdata.o
    0x000250c8   0x00000218   Code   RO          361    i.services_init     myble.o
    0x000252e0   0x00000052   Code   RO          362    i.sleep_mode_enter  myble.o
    0x00025332   0x00000002   PAD
    0x00025334   0x00000014   Code   RO         3277    i.sm_state_change   pstorage.o
    0x00025348   0x0000001c   Code   RO         4250    i.softdevice_ble_evt_handler_set  softdevice_handler.o
    0x00025364   0x0000001c   Code   RO         4251    i.softdevice_enable  softdevice_handler.o
    0x00025380   0x0000002e   Code   RO         4252    i.softdevice_enable_get_default_config  softdevice_handler.o
    0x000253ae   0x00000014   Code   RO         4253    i.softdevice_fault_handler  softdevice_handler.o
    0x000253c2   0x00000002   PAD
    0x000253c4   0x00000068   Code   RO         4254    i.softdevice_handler_init  softdevice_handler.o
    0x0002542c   0x0000001c   Code   RO         4257    i.softdevice_sys_evt_handler_set  softdevice_handler.o
    0x00025448   0x00000010   Code   RO         2138    i.srdata_check      ble_advdata.o
    0x00025458   0x00000054   Code   RO         1488    i.startup_event_extract  bsp_btn_ble.o
    0x000254ac   0x00000010   Code   RO         3278    i.state_data_erase_entry_run  pstorage.o
    0x000254bc   0x00000098   Code   RO         3279    i.state_data_erase_swap_entry_run  pstorage.o
    0x00025554   0x0000003c   Code   RO         3280    i.state_entry_action_run  pstorage.o
    0x00025590   0x00000010   Code   RO         3281    i.state_erase_data_page_entry_run  pstorage.o
    0x000255a0   0x0000001c   Code   RO         3282    i.state_idle_entry_run  pstorage.o
    0x000255bc   0x00000034   Code   RO         3283    i.state_restore_head_entry_run  pstorage.o
    0x000255f0   0x00000054   Code   RO         3284    i.state_restore_tail_entry_run  pstorage.o
    0x00025644   0x00000008   Code   RO         3285    i.state_store_entry_run  pstorage.o
    0x0002564c   0x00000026   Code   RO         3286    i.state_swap_erase_entry_run  pstorage.o
    0x00025672   0x00000002   PAD
    0x00025674   0x00000034   Code   RO         3287    i.state_write_data_swap_entry_run  pstorage.o
    0x000256a8   0x00000008   Code   RO         1902    i.storage_operation_dummy_handler  device_manager_peripheral.o
    0x000256b0   0x00000064   Code   RO         3288    i.store_cmd_flash_write_execute  pstorage.o
    0x00025714   0x0000000a   Code   RO         3289    i.store_operation_execute  pstorage.o
    0x0002571e   0x00000002   PAD
    0x00025720   0x0000004c   Code   RO         3290    i.store_sub_state_sm_run  pstorage.o
    0x0002576c   0x00000020   Code   RO         3291    i.swap_erase_state_run  pstorage.o
    0x0002578c   0x00000008   Code   RO         3292    i.swap_sub_sm_exit_action_run  pstorage.o
    0x00025794   0x00000018   Code   RO         3293    i.swap_sub_state_entry_action_run  pstorage.o
    0x000257ac   0x00000020   Code   RO         3294    i.swap_sub_state_err_busy_process  pstorage.o
    0x000257cc   0x00000018   Code   RO         3295    i.swap_sub_state_sm_run  pstorage.o
    0x000257e4   0x00000014   Code   RO         3296    i.swap_sub_state_state_change  pstorage.o
    0x000257f8   0x00000012   Code   RO          363    i.sys_evt_dispatch  myble.o
    0x0002580a   0x00000098   Code   RO         1763    i.sys_id_encode     ble_dis.o
    0x000258a2   0x00000002   PAD
    0x000258a4   0x00000020   Code   RO         3297    i.tail_restore_state_run  pstorage.o
    0x000258c4   0x00000058   Code   RO         3298    i.tail_word_size_calculate  pstorage.o
    0x0002591c   0x0000000a   Code   RO         3862    i.ticks_diff_get    app_timer.o
    0x00025926   0x00000002   PAD
    0x00025928   0x0000003c   Code   RO         3863    i.timeout_handler_exec  app_timer.o
    0x00025964   0x00000058   Code   RO         3864    i.timer_list_handler  app_timer.o
    0x000259bc   0x0000000a   Code   RO         3865    i.timer_list_handler_sched  app_timer.o
    0x000259c6   0x00000002   PAD
    0x000259c8   0x0000006c   Code   RO         3866    i.timer_list_insert  app_timer.o
    0x00025a34   0x00000070   Code   RO         3867    i.timer_list_remove  app_timer.o
    0x00025aa4   0x00000058   Code   RO         3868    i.timer_start_op_schedule  app_timer.o
    0x00025afc   0x00000040   Code   RO         3870    i.timer_stop_op_schedule  app_timer.o
    0x00025b3c   0x00000094   Code   RO         3871    i.timer_timeouts_check  app_timer.o
    0x00025bd0   0x0000000a   Code   RO         3872    i.timer_timeouts_check_sched  app_timer.o
    0x00025bda   0x00000002   PAD
    0x00025bdc   0x00000058   Code   RO          364    i.timers_init       myble.o
    0x00025c34   0x00000046   Code   RO         2139    i.tk_value_encode   ble_advdata.o
    0x00025c7a   0x00000002   PAD
    0x00025c7c   0x00000038   Code   RO         3002    i.tx_byte           nrf_drv_uart.o
    0x00025cb4   0x0000002c   Code   RO         3003    i.tx_done_event     nrf_drv_uart.o
    0x00025ce0   0x00000036   Code   RO         2140    i.tx_power_level_encode  ble_advdata.o
    0x00025d16   0x00000002   PAD
    0x00025d18   0x00000174   Code   RO         3004    i.uart_irq_handler  nrf_drv_uart.o
    0x00025e8c   0x00000012   Code   RO         1668    i.uint16_encode     ble_bps.o
    0x00025e9e   0x00000012   Code   RO         1764    i.uint16_encode     ble_dis.o
    0x00025eb0   0x00000012   Code   RO         2141    i.uint16_encode     ble_advdata.o
    0x00025ec2   0x00000008   Code   RO         3299    i.update_operation_execute  pstorage.o
    0x00025eca   0x00000002   PAD
    0x00025ecc   0x00000014   Code   RO         1903    i.update_status_bit_reset  device_manager_peripheral.o
    0x00025ee0   0x0000009c   Code   RO         2329    i.update_timeout_handler  ble_conn_params.o
    0x00025f7c   0x00000022   Code   RO         3873    i.user_id_get       app_timer.o
    0x00025f9e   0x0000002e   Code   RO         3874    i.user_op_alloc     app_timer.o
    0x00025fcc   0x00000004   Code   RO         3875    i.user_op_enque     app_timer.o
    0x00025fd0   0x0000004c   Code   RO         2142    i.uuid_list_encode  ble_advdata.o
    0x0002601c   0x000000e0   Code   RO         2143    i.uuid_list_sized_encode  ble_advdata.o
    0x000260fc   0x00000020   Code   RO          908    i.whileStatus1_busy  w25q_flash.o
    0x0002611c   0x00000016   Code   RO         2248    i.whitelist_has_entries  ble_advertising.o
    0x00026132   0x00000002   PAD
    0x00026134   0x0000000c   Data   RO           17    .constdata          main.o
    0x00026140   0x00000004   Data   RO          366    .constdata          myble.o
    0x00026144   0x0000435c   Data   RO          588    .constdata          myepaper.o
    0x0002a4a0   0x0000b46b   Data   RO         1147    .constdata          myepaperobjektfunction.o
    0x0003590b   0x00000001   PAD
    0x0003590c   0x0000003c   Data   RO         1392    .constdata          bsp.o
    0x00035948   0x00000034   Data   RO         1905    .constdata          device_manager_peripheral.o
    0x0003597c   0x00000004   Data   RO         2331    .constdata          ble_conn_params.o
    0x00035980   0x00000006   Data   RO         2842    .constdata          nrf_drv_rtc.o
    0x00035986   0x00000002   PAD
    0x00035988   0x00000028   Data   RO         3301    .constdata          pstorage.o
    0x000359b0   0x00000008   Data   RO         3725    .constdata          app_button.o
    0x000359b8   0x00000020   Data   RO         4424    Region$$Table       anon$$obj.o


    Execution Region RW_IRAM1 (Base: 0x20001f00, Size: 0x00001528, Max: 0x000020ff, ABSOLUTE, COMPRESSED[0x0000001c])

    Base Addr    Size         Type   Attr      Idx    E Section Name        Object

    0x20001f00   0x00000006   Data   RW           18    .data               main.o
    0x20001f06   0x00000002   PAD
    0x20001f08   0x00000014   Data   RW          367    .data               myble.o
    0x20001f1c   0x0000000c   Data   RW         1148    .data               myepaperobjektfunction.o
    0x20001f28   0x00000019   Data   RW         1393    .data               bsp.o
    0x20001f41   0x00000003   PAD
    0x20001f44   0x00000008   Data   RW         1489    .data               bsp_btn_ble.o
    0x20001f4c   0x00000004   Data   RW         1547    .data               system_nrf51.o
    0x20001f50   0x0000004a   Data   RW         1765    .data               ble_dis.o
    0x20001f9a   0x00000002   PAD
    0x20001f9c   0x00000014   Data   RW         1906    .data               device_manager_peripheral.o
    0x20001fb0   0x00000020   Data   RW         2250    .data               ble_advertising.o
    0x20001fd0   0x00000015   Data   RW         2332    .data               ble_conn_params.o
    0x20001fe5   0x00000003   PAD
    0x20001fe8   0x00000007   Data   RW         2843    .data               nrf_drv_rtc.o
    0x20001fef   0x00000001   PAD
    0x20001ff0   0x00000028   Data   RW         3302    .data               pstorage.o
    0x20002018   0x00000014   Data   RW         3726    .data               app_button.o
    0x2000202c   0x00000022   Data   RW         3876    .data               app_timer.o
    0x2000204e   0x00000002   PAD
    0x20002050   0x00000018   Data   RW         4258    .data               softdevice_handler.o
    0x20002068   0x00000288   Zero   RW          365    .bss                myble.o
    0x200022f0   0x0000000b   Zero   RW         1018    .bss                my_key_lib.o
    0x200022fb   0x00000001   PAD
    0x200022fc   0x000004e4   Zero   RW         1146    .bss                myepaperobjektfunction.o
    0x200027e0   0x0000006c   Zero   RW         1391    .bss                bsp.o
    0x2000284c   0x00000133   Zero   RW         1904    .bss                device_manager_peripheral.o
    0x2000297f   0x00000001   PAD
    0x20002980   0x00000103   Zero   RW         2249    .bss                ble_advertising.o
    0x20002a83   0x00000001   PAD
    0x20002a84   0x0000003c   Zero   RW         2330    .bss                ble_conn_params.o
    0x20002ac0   0x0000000c   Zero   RW         2416    .bss                nrf_drv_clock.o
    0x20002acc   0x00000048   Zero   RW         2620    .bss                nrf_drv_gpiote.o
    0x20002b14   0x0000001c   Zero   RW         3005    .bss                nrf_drv_uart.o
    0x20002b30   0x000000d8   Zero   RW         3300    .bss                pstorage.o
    0x20002c08   0x00000020   Zero   RW         3724    .bss                app_button.o
    0x20002c28   0x00000800   Zero   RW         1533    STACK               arm_startup_nrf51.o


==============================================================================

Image component sizes


      Code (inc. data)   RO Data    RW Data    ZI Data      Debug   Object Name

       484         78          8         20         32       9314   app_button.o
        84         12          0          0          0       2931   app_error.o
      2484        282          0         34          0      35431   app_timer.o
        56         18        192          0       2048        712   arm_startup_nrf51.o
      2206          4          0          0          0      20688   ble_advdata.o
      1612        164          0         32        259      14157   ble_advertising.o
       844         18          0          0          0      16551   ble_bas.o
      1216         20          0          0          0      23247   ble_bps.o
       766        126          4         21         60       9004   ble_conn_params.o
       974         54          0         74          0       8335   ble_dis.o
        74          0          0          0          0       2296   ble_srv_common.o
      2202        184         60         25        108      10609   bsp.o
       490         20          0          8          0       6661   bsp_btn_ble.o
      4042        288         52         20        307      28185   device_manager_peripheral.o
       914         80         12          6          0     118451   main.o
       768         62          0          0         11      10426   my_key_lib.o
      2756        192          4         20        648      27069   myble.o
      4104         48      17244          0          0      33111   myepaper.o
      9292        706      46187         12       1252      41635   myepaperobjektfunction.o
       500         20          0          0          0      10728   mysoftspi.o
        66          6          0          0         12       6997   nrf_drv_clock.o
       176         18          0          0          0       7744   nrf_drv_common.o
      1422        116          0          0         72      23868   nrf_drv_gpiote.o
       714         38          6          7          0      17291   nrf_drv_rtc.o
       690         38          0          0         28      13803   nrf_drv_uart.o
      4308        438         40         40        216      44190   pstorage.o
       514         68          0         24          0       9652   softdevice_handler.o
       348         38          0          4          0       2679   system_nrf51.o
       580         18          0          0          0      12902   w25q_flash.o

    ----------------------------------------------------------------------
     44764       3154      63844        360       5056     568667   Object Totals
         0          0         32          0          0          0   (incl. Generated)
        78          0          3         13          3          0   (incl. Padding)

    ----------------------------------------------------------------------

      Code (inc. data)   RO Data    RW Data    ZI Data      Debug   Library Member Name

        58          0          0          0          0          0   __dczerorl.o
         0          0          0          0          0          0   entry.o
         0          0          0          0          0          0   entry10a.o
         0          0          0          0          0          0   entry11a.o
         8          4          0          0          0          0   entry2.o
         4          0          0          0          0          0   entry5.o
         0          0          0          0          0          0   entry7b.o
         0          0          0          0          0          0   entry8b.o
         8          4          0          0          0          0   entry9a.o
        30          0          0          0          0          0   handlers.o
        40          0          0          0          0         72   idiv.o
        36          8          0          0          0         68   init.o
        32          0          0          0          0         68   llshl.o
        34          0          0          0          0         68   llushr.o
        26          0          0          0          0         72   memcmp.o
        36          0          0          0          0         60   memcpya.o
        36          0          0          0          0        100   memseta.o
        14          0          0          0          0         60   strlen.o
        44          0          0          0          0         72   uidiv.o

    ----------------------------------------------------------------------
       408         16          0          0          0        640   Library Totals
         2          0          0          0          0          0   (incl. Padding)

    ----------------------------------------------------------------------

      Code (inc. data)   RO Data    RW Data    ZI Data      Debug   Library Name

       406         16          0          0          0        640   mc_p.l

    ----------------------------------------------------------------------
       408         16          0          0          0        640   Library Totals

    ----------------------------------------------------------------------

==============================================================================


      Code (inc. data)   RO Data    RW Data    ZI Data      Debug   

     45172       3170      63844        360       5056     551087   Grand Totals
     45172       3170      63844         28       5056     551087   ELF Image Totals (compressed)
     45172       3170      63844         28          0          0   ROM Totals

==============================================================================

    Total RO  Size (Code + RO Data)               109016 ( 106.46kB)
    Total RW  Size (RW Data + ZI Data)              5416 (   5.29kB)
    Total ROM Size (Code + RO Data + RW Data)     109044 ( 106.49kB)

==============================================================================

