Component: ARM Compiler 5.06 update 4 (build 422) Tool: armlink [4d35d2]

==============================================================================

Section Cross References

    main.o(i.Key_timeout) refers to my_key_lib.o(i.my_KeyInit) for my_KeyInit
    main.o(i.Key_timeout) refers to my_key_lib.o(i.my_KeyRead) for my_KeyRead
    main.o(i.Key_timeout) refers to my_key_lib.o(i.my_KeyClk) for my_KeyClk
    main.o(i.Key_timeout) refers to main.o(i.powerInit) for powerInit
    main.o(i.Key_timeout) refers to myepaperobjektfunction.o(i.LoadRamParams) for LoadRamParams
    main.o(i.Key_timeout) refers to myepaperobjektfunction.o(i.KeyReaction) for KeyReaction
    main.o(i.Key_timeout) refers to my_key_lib.o(i.get_my_KeyEvent) for get_my_KeyEvent
    main.o(i.Key_timeout) refers to mysoftspi.o(i.Spi_While_ms) for Spi_While_ms
    main.o(i.Key_timeout) refers to myepaperobjektfunction.o(i.Save_params) for Save_params
    main.o(i.Key_timeout) refers to main.o(i.powerDeInit) for powerDeInit
    main.o(i.Key_timeout) refers to my_key_lib.o(i.my_KeyDeInit) for my_KeyDeInit
    main.o(i.Key_timeout) refers to main.o(.data) for bleRead
    main.o(i.Key_timeout) refers to myepaperobjektfunction.o(.data) for BLE_enable
    main.o(i.hendler_gpio_deinit) refers to nrf_drv_gpiote.o(i.nrf_drv_gpiote_in_uninit) for nrf_drv_gpiote_in_uninit
    main.o(i.hendler_gpio_deinit) refers to nrf_drv_gpiote.o(i.nrf_drv_gpiote_in_event_disable) for nrf_drv_gpiote_in_event_disable
    main.o(i.hendler_gpio_init) refers to nrf_drv_gpiote.o(i.nrf_drv_gpiote_init) for nrf_drv_gpiote_init
    main.o(i.hendler_gpio_init) refers to app_error.o(i.app_error_handler_bare) for app_error_handler_bare
    main.o(i.hendler_gpio_init) refers to nrf_drv_gpiote.o(i.nrf_drv_gpiote_in_init) for nrf_drv_gpiote_in_init
    main.o(i.hendler_gpio_init) refers to nrf_drv_gpiote.o(i.nrf_drv_gpiote_in_event_enable) for nrf_drv_gpiote_in_event_enable
    main.o(i.hendler_gpio_init) refers to main.o(.constdata) for .constdata
    main.o(i.hendler_gpio_init) refers to main.o(i.in_pin_handler) for in_pin_handler
    main.o(i.in_pin_handler) refers to main.o(.data) for KeyEnable
    main.o(i.lfclk_config) refers to nrf_drv_common.o(i.nrf_drv_common_irq_enable) for nrf_drv_common_irq_enable
    main.o(i.main) refers to mysoftspi.o(i.Soft_Spi_GPIO_Init) for Soft_Spi_GPIO_Init
    main.o(i.main) refers to w25q_flash.o(i.W25Q_Flash_init) for W25Q_Flash_init
    main.o(i.main) refers to w25q_flash.o(i.W25Q_ReadData) for W25Q_ReadData
    main.o(i.main) refers to mysoftspi.o(i.Soft_Spi_GPIO_DeInit) for Soft_Spi_GPIO_DeInit
    main.o(i.main) refers to w25q_flash.o(i.W25Q_DeInit) for W25Q_DeInit
    main.o(i.main) refers to my_key_lib.o(i.my_KeyInit) for my_KeyInit
    main.o(i.main) refers to main.o(i.nrf_gpio_cfg_output) for nrf_gpio_cfg_output
    main.o(i.main) refers to main.o(i.nrf_gpio_port_set) for nrf_gpio_port_set
    main.o(i.main) refers to myepaperobjektfunction.o(i.EPD_1IN54_DrawObjStartScrin) for EPD_1IN54_DrawObjStartScrin
    main.o(i.main) refers to myepaperobjektfunction.o(i.Save_params) for Save_params
    main.o(i.main) refers to my_key_lib.o(i.my_KeyClk) for my_KeyClk
    main.o(i.main) refers to main.o(i.Key_timeout) for Key_timeout
    main.o(i.main) refers to my_key_lib.o(i.my_KeyDeInit) for my_KeyDeInit
    main.o(i.main) refers to myble.o(i.Ble_Init) for Ble_Init
    main.o(i.main) refers to main.o(i.lfclk_config) for lfclk_config
    main.o(i.main) refers to main.o(i.rtc_config) for rtc_config
    main.o(i.main) refers to myble.o(i.BLE_power_manage) for BLE_power_manage
    main.o(i.main) refers to myepaperobjektfunction.o(.data) for currentScrinPosition
    main.o(i.main) refers to myepaperobjektfunction.o(.bss) for stackScrin
    main.o(i.main) refers to main.o(.data) for bleRead
    main.o(i.nrf_gpio_cfg_output) refers to main.o(i.nrf_gpio_cfg) for nrf_gpio_cfg
    main.o(i.powerDeInit) refers to main.o(i.nrf_gpio_cfg) for nrf_gpio_cfg
    main.o(i.powerDeInit) refers to mysoftspi.o(i.Soft_Spi_GPIO_DeInit) for Soft_Spi_GPIO_DeInit
    main.o(i.powerDeInit) refers to myepaper.o(i.MyePaper_GPIO_DeInit) for MyePaper_GPIO_DeInit
    main.o(i.powerDeInit) refers to w25q_flash.o(i.W25Q_DeInit) for W25Q_DeInit
    main.o(i.powerInit) refers to main.o(i.nrf_gpio_cfg_output) for nrf_gpio_cfg_output
    main.o(i.powerInit) refers to main.o(i.nrf_gpio_port_set) for nrf_gpio_port_set
    main.o(i.powerInit) refers to mysoftspi.o(i.Soft_Spi_GPIO_Init) for Soft_Spi_GPIO_Init
    main.o(i.powerInit) refers to myepaper.o(i.MyePaperDualInit) for MyePaperDualInit
    main.o(i.powerInit) refers to w25q_flash.o(i.W25Q_Flash_init) for W25Q_Flash_init
    main.o(i.rtc_config) refers to nrf_drv_rtc.o(i.nrf_drv_rtc_init) for nrf_drv_rtc_init
    main.o(i.rtc_config) refers to app_error.o(i.app_error_handler_bare) for app_error_handler_bare
    main.o(i.rtc_config) refers to nrf_drv_rtc.o(i.nrf_drv_rtc_tick_enable) for nrf_drv_rtc_tick_enable
[...]
    SPI1_TWI1_IRQHandler                     0x0001b119   Thumb Code     0  arm_startup_nrf51.o(.text)
    SWI1_IRQHandler                          0x0001b119   Thumb Code     0  arm_startup_nrf51.o(.text)
    SWI3_IRQHandler                          0x0001b119   Thumb Code     0  arm_startup_nrf51.o(.text)
    SWI4_IRQHandler                          0x0001b119   Thumb Code     0  arm_startup_nrf51.o(.text)
    SWI5_IRQHandler                          0x0001b119   Thumb Code     0  arm_startup_nrf51.o(.text)
    TEMP_IRQHandler                          0x0001b119   Thumb Code     0  arm_startup_nrf51.o(.text)
    TIMER0_IRQHandler                        0x0001b119   Thumb Code     0  arm_startup_nrf51.o(.text)
    TIMER1_IRQHandler                        0x0001b119   Thumb Code     0  arm_startup_nrf51.o(.text)
    TIMER2_IRQHandler                        0x0001b119   Thumb Code     0  arm_startup_nrf51.o(.text)
    WDT_IRQHandler                           0x0001b119   Thumb Code     0  arm_startup_nrf51.o(.text)
    __aeabi_uidiv                            0x0001b12d   Thumb Code     0  uidiv.o(.text)
    __aeabi_uidivmod                         0x0001b12d   Thumb Code    44  uidiv.o(.text)
    __aeabi_idiv                             0x0001b159   Thumb Code     0  idiv.o(.text)
    __aeabi_idivmod                          0x0001b159   Thumb Code    40  idiv.o(.text)
    __aeabi_llsl                             0x0001b181   Thumb Code    32  llshl.o(.text)
    _ll_shift_l                              0x0001b181   Thumb Code     0  llshl.o(.text)
    __aeabi_llsr                             0x0001b1a1   Thumb Code    34  llushr.o(.text)
    _ll_ushift_r                             0x0001b1a1   Thumb Code     0  llushr.o(.text)
    __aeabi_memcpy                           0x0001b1c3   Thumb Code    36  memcpya.o(.text)
    __aeabi_memcpy4                          0x0001b1c3   Thumb Code     0  memcpya.o(.text)
    __aeabi_memcpy8                          0x0001b1c3   Thumb Code     0  memcpya.o(.text)
    __aeabi_memset                           0x0001b1e7   Thumb Code    14  memseta.o(.text)
    __aeabi_memset4                          0x0001b1e7   Thumb Code     0  memseta.o(.text)
    __aeabi_memset8                          0x0001b1e7   Thumb Code     0  memseta.o(.text)
    __aeabi_memclr                           0x0001b1f5   Thumb Code     4  memseta.o(.text)
    __aeabi_memclr4                          0x0001b1f5   Thumb Code     0  memseta.o(.text)
    __aeabi_memclr8                          0x0001b1f5   Thumb Code     0  memseta.o(.text)
    _memset$wrapper                          0x0001b1f9   Thumb Code    18  memseta.o(.text)
    strlen                                   0x0001b20b   Thumb Code    14  strlen.o(.text)
    memcmp                                   0x0001b219   Thumb Code    26  memcmp.o(.text)
    __scatterload                            0x0001b235   Thumb Code    28  init.o(.text)
    __scatterload_rt2                        0x0001b235   Thumb Code     0  init.o(.text)
    __decompress                             0x0001b259   Thumb Code     0  __dczerorl.o(.text)
    __decompress0                            0x0001b259   Thumb Code    58  __dczerorl.o(.text)
    BLE_power_manage                         0x0001b293   Thumb Code    28  myble.o(i.BLE_power_manage)
    Ble_Init                                 0x0001b2af   Thumb Code    72  myble.o(i.Ble_Init)
    ClearStack                               0x0001b2f9   Thumb Code    70  myepaperobjektfunction.o(i.ClearStack)
    EPD_1IN54_Clear                          0x0001b361   Thumb Code    42  myepaper.o(i.EPD_1IN54_Clear)
    EPD_1IN54_DrawMemo                       0x0001b38b   Thumb Code   520  myepaperobjektfunction.o(i.EPD_1IN54_DrawMemo)
    EPD_1IN54_DrawObjScrin                   0x0001b595   Thumb Code    72  myepaperobjektfunction.o(i.EPD_1IN54_DrawObjScrin)
    EPD_1IN54_DrawObjStartScrin              0x0001b5e9   Thumb Code    52  myepaperobjektfunction.o(i.EPD_1IN54_DrawObjStartScrin)
    EPD_1IN54_DrawObject                     0x0001b61d   Thumb Code   232  myepaperobjektfunction.o(i.EPD_1IN54_DrawObject)
    EPD_1IN54_DrawObjectFsSelCheckMenu       0x0001b705   Thumb Code   522  myepaperobjektfunction.o(i.EPD_1IN54_DrawObjectFsSelCheckMenu)
    EPD_1IN54_DrawObjectIntString            0x0001b915   Thumb Code    94  myepaperobjektfunction.o(i.EPD_1IN54_DrawObjectIntString)
    EPD_1IN54_DrawObjectItemString           0x0001b979   Thumb Code   146  myepaperobjektfunction.o(i.EPD_1IN54_DrawObjectItemString)
    EPD_1IN54_DrawObjectKeyLeft              0x0001ba11   Thumb Code    60  myepaperobjektfunction.o(i.EPD_1IN54_DrawObjectKeyLeft)
    EPD_1IN54_DrawObjectKeyRigth             0x0001ba4d   Thumb Code    60  myepaperobjektfunction.o(i.EPD_1IN54_DrawObjectKeyRigth)
    EPD_1IN54_DrawObjectList                 0x0001ba89   Thumb Code   242  myepaperobjektfunction.o(i.EPD_1IN54_DrawObjectList)
    EPD_1IN54_DrawObjectMemo                 0x0001bb81   Thumb Code    72  myepaperobjektfunction.o(i.EPD_1IN54_DrawObjectMemo)
    EPD_1IN54_DrawObjectParamList            0x0001bbc9   Thumb Code   100  myepaperobjektfunction.o(i.EPD_1IN54_DrawObjectParamList)
    EPD_1IN54_DrawObjectPicture              0x0001bc35   Thumb Code    38  myepaperobjektfunction.o(i.EPD_1IN54_DrawObjectPicture)
    EPD_1IN54_DrawObjectSelCheckMenu         0x0001bc5d   Thumb Code   378  myepaperobjektfunction.o(i.EPD_1IN54_DrawObjectSelCheckMenu)
    EPD_1IN54_DrawObjectString               0x0001bde5   Thumb Code    80  myepaperobjektfunction.o(i.EPD_1IN54_DrawObjectString)
    EPD_1IN54_DrawObjectText                 0x0001be35   Thumb Code   188  myepaperobjektfunction.o(i.EPD_1IN54_DrawObjectText)
    EPD_1IN54_DrawObjectTextList             0x0001bef5   Thumb Code    62  myepaperobjektfunction.o(i.EPD_1IN54_DrawObjectTextList)
    EPD_1IN54_DrawObjectTextListGroup        0x0001bf35   Thumb Code   306  myepaperobjektfunction.o(i.EPD_1IN54_DrawObjectTextListGroup)
    EPD_1IN54_DrawPartObject                 0x0001c071   Thumb Code   136  myepaperobjektfunction.o(i.EPD_1IN54_DrawPartObject)
    EPD_1IN54_DrawText                       0x0001c131   Thumb Code   278  myepaperobjektfunction.o(i.EPD_1IN54_DrawText)
    EPD_1IN54_DrawTextList                   0x0001c247   Thumb Code   614  myepaperobjektfunction.o(i.EPD_1IN54_DrawTextList)
    EPD_1IN54_LineX                          0x0001c4ad   Thumb Code   228  myepaper.o(i.EPD_1IN54_LineX)
    EPD_1IN54_LineY                          0x0001c591   Thumb Code   120  myepaper.o(i.EPD_1IN54_LineY)
    EPD_1IN54_ObjDataOperation               0x0001c609   Thumb Code  1860  myepaperobjektfunction.o(i.EPD_1IN54_ObjDataOperation)
    EPD_1IN54_PrintFillRectagle              0x0001cd99   Thumb Code    52  myepaper.o(i.EPD_1IN54_PrintFillRectagle)
    EPD_1IN54_PrintPicture                   0x0001cdcd   Thumb Code   112  myepaper.o(i.EPD_1IN54_PrintPicture)
    EPD_1IN54_PrintRamString                 0x0001ce3d   Thumb Code   690  myepaper.o(i.EPD_1IN54_PrintRamString)
    EPD_1IN54_SetFrame                       0x0001d121   Thumb Code   142  myepaper.o(i.EPD_1IN54_SetFrame)
    EPD_1IN54_SetWindow                      0x0001d1af   Thumb Code    76  myepaper.o(i.EPD_1IN54_SetWindow)
    EPD_1IN54_StartObjRun                    0x0001d1fb   Thumb Code    80  myepaperobjektfunction.o(i.EPD_1IN54_StartObjRun)
    EPD_1IN54_StringRamPixelLength           0x0001d24b   Thumb Code   138  myepaper.o(i.EPD_1IN54_StringRamPixelLength)
    EPD_1IN54_TurnOnDisplay                  0x0001d2d5   Thumb Code    34  myepaper.o(i.EPD_1IN54_TurnOnDisplay)
    EPD_1IN54_TurnOnDisplayPart              0x0001d2f7   Thumb Code    34  myepaper.o(i.EPD_1IN54_TurnOnDisplayPart)
    EPD_1IN54_WriteObjKey                    0x0001d319   Thumb Code   280  myepaperobjektfunction.o(i.EPD_1IN54_WriteObjKey)
    EPD_1IN54_myDrawString                   0x0001d43d   Thumb Code   472  myepaper.o(i.EPD_1IN54_myDrawString)
    EPD_1IN54_myDrawStringPixelLength        0x0001d615   Thumb Code   162  myepaper.o(i.EPD_1IN54_myDrawStringPixelLength)
    EPD_1IN54_outIntString                   0x0001d6b7   Thumb Code   512  myepaper.o(i.EPD_1IN54_outIntString)
    EPD_1IN54_outString                      0x0001d8b7   Thumb Code   446  myepaper.o(i.EPD_1IN54_outString)
    FontCange                                0x0001da75   Thumb Code    22  myepaper.o(i.FontCange)
    FontSettings                             0x0001da99   Thumb Code    64  myepaper.o(i.FontSettings)
    GPIOTE_IRQHandler                        0x0001dad9   Thumb Code   378  nrf_drv_gpiote.o(i.GPIOTE_IRQHandler)
    GetArrayGoals                            0x0001dc65   Thumb Code    76  myepaperobjektfunction.o(i.GetArrayGoals)
    GoToCommand                              0x0001dcd1   Thumb Code   662  myepaperobjektfunction.o(i.GoToCommand)
    Grad                                     0x0001df79   Thumb Code    74  myble.o(i.Grad)
    KeyReaction                              0x0001dfc9   Thumb Code   206  myepaperobjektfunction.o(i.KeyReaction)
    KeyRun                                   0x0001e0b5   Thumb Code   176  myepaperobjektfunction.o(i.KeyRun)
    Key_timeout                              0x0001e16d   Thumb Code   160  main.o(i.Key_timeout)
    LoadRamParams                            0x0001e21d   Thumb Code   242  myepaperobjektfunction.o(i.LoadRamParams)
    MyePaperDualInit                         0x0001e33d   Thumb Code    70  myepaper.o(i.MyePaperDualInit)
    MyePaperInit                             0x0001e383   Thumb Code   224  myepaper.o(i.MyePaperInit)
    MyePaper_GPIO_DeInit                     0x0001e463   Thumb Code    36  myepaper.o(i.MyePaper_GPIO_DeInit)
    MyePaper_GPIO_Init                       0x0001e487   Thumb Code    30  myepaper.o(i.MyePaper_GPIO_Init)
    RTC0_IRQHandler                          0x0001e5d1   Thumb Code    12  nrf_drv_rtc.o(i.RTC0_IRQHandler)
    RTC1_IRQHandler                          0x0001e5e1   Thumb Code    34  app_timer.o(i.RTC1_IRQHandler)
    Reset                                    0x0001e609   Thumb Code    46  myepaper.o(i.Reset)
    ReversByte                               0x0001e639   Thumb Code     8  myepaper.o(i.ReversByte)
    SWI0_IRQHandler                          0x0001e645   Thumb Code     8  app_timer.o(i.SWI0_IRQHandler)
    SWI2_IRQHandler                          0x0001e64d   Thumb Code    46  softdevice_handler.o(i.SWI2_IRQHandler)
    Save_params                              0x0001e681   Thumb Code   286  myepaperobjektfunction.o(i.Save_params)
    SendCommand                              0x0001e7cd   Thumb Code    36  myepaper.o(i.SendCommand)
    SendGraficData                           0x0001e7f1   Thumb Code    44  myepaper.o(i.SendGraficData)
    SendInfoData                             0x0001e81d   Thumb Code    36  myepaper.o(i.SendInfoData)
    Soft_Spi_GPIO_DeInit                     0x0001e841   Thumb Code    28  mysoftspi.o(i.Soft_Spi_GPIO_DeInit)
    Soft_Spi_GPIO_Init                       0x0001e85d   Thumb Code    24  mysoftspi.o(i.Soft_Spi_GPIO_Init)
    Soft_Spi_Transmit                        0x0001e875   Thumb Code    78  mysoftspi.o(i.Soft_Spi_Transmit)
    Soft_Spi_TransmitReceive                 0x0001e8c9   Thumb Code    92  mysoftspi.o(i.Soft_Spi_TransmitReceive)
    Soft_Spi_TransmitSameBit                 0x0001e929   Thumb Code    58  mysoftspi.o(i.Soft_Spi_TransmitSameBit)
    Soft_Spi_TransmitSameByte                0x0001e969   Thumb Code    76  mysoftspi.o(i.Soft_Spi_TransmitSameByte)
    SpiSendByte                              0x0001e9b9   Thumb Code    16  myepaper.o(i.SpiSendByte)
    SpiSendSameBit                           0x0001e9c9   Thumb Code    40  myepaper.o(i.SpiSendSameBit)
    SpiSendSameByte                          0x0001e9f1   Thumb Code    40  myepaper.o(i.SpiSendSameByte)
    Spi_While_ms                             0x0001ea19   Thumb Code    24  mysoftspi.o(i.Spi_While_ms)
    Spi_While_us                             0x0001ea31   Thumb Code    12  mysoftspi.o(i.Spi_While_us)
    SystemInit                               0x0001ea3d   Thumb Code    76  system_nrf51.o(i.SystemInit)
    Term                                     0x0001eaa1   Thumb Code    42  myble.o(i.Term)
    UART0_IRQHandler                         0x0001eacb   Thumb Code     8  nrf_drv_uart.o(i.UART0_IRQHandler)
    W25Q_DeInit                              0x0001ead3   Thumb Code    28  w25q_flash.o(i.W25Q_DeInit)
    W25Q_Flash_Sektor_erase                  0x0001eaef   Thumb Code    58  w25q_flash.o(i.W25Q_Flash_Sektor_erase)
    W25Q_Flash_init                          0x0001eb29   Thumb Code    30  w25q_flash.o(i.W25Q_Flash_init)
    W25Q_Flash_reset                         0x0001eb49   Thumb Code    18  w25q_flash.o(i.W25Q_Flash_reset)
    W25Q_ReadData                            0x0001eb61   Thumb Code    68  w25q_flash.o(i.W25Q_ReadData)
    W25Q_SendByte                            0x0001eba5   Thumb Code    40  w25q_flash.o(i.W25Q_SendByte)
    W25Q_SpiReadReg                          0x0001ebcd   Thumb Code    46  w25q_flash.o(i.W25Q_SpiReadReg)
    W25Q_SpiSendData                         0x0001ebfb   Thumb Code    40  w25q_flash.o(i.W25Q_SpiSendData)
    W25Q_WriteEnadle                         0x0001ec23   Thumb Code    22  w25q_flash.o(i.W25Q_WriteEnadle)
    W25Q_WritePage                           0x0001ec39   Thumb Code   102  w25q_flash.o(i.W25Q_WritePage)
    WaitUntilIdle                            0x0001eca1   Thumb Code    64  myepaper.o(i.WaitUntilIdle)
    __ARM_common_switch8                     0x0001ece9   Thumb Code    28  bsp.o(i.__ARM_common_switch8)
    __scatterload_copy                       0x0001ed05   Thumb Code    14  handlers.o(i.__scatterload_copy)
    __scatterload_null                       0x0001ed13   Thumb Code     2  handlers.o(i.__scatterload_null)
    __scatterload_zeroinit                   0x0001ed15   Thumb Code    14  handlers.o(i.__scatterload_zeroinit)
    adv_data_encode                          0x0001ed23   Thumb Code   500  ble_advdata.o(i.adv_data_encode)
    advertising_init                         0x0001ef85   Thumb Code   100  myble.o(i.advertising_init)
    app_button_enable                        0x0001f015   Thumb Code    34  app_button.o(i.app_button_enable)
    app_button_init                          0x0001f041   Thumb Code   136  app_button.o(i.app_button_init)
    app_error_fault_handler                  0x0001f0ed   Thumb Code    48  app_error.o(i.app_error_fault_handler)
    app_error_handler_bare                   0x0001f125   Thumb Code    24  app_error.o(i.app_error_handler_bare)
    app_timer_create                         0x0001f1b1   Thumb Code    64  app_timer.o(i.app_timer_create)
    app_timer_init                           0x0001f1f5   Thumb Code   156  app_timer.o(i.app_timer_init)
    app_timer_start                          0x0001f2ad   Thumb Code    86  app_timer.o(i.app_timer_start)
    app_timer_stop                           0x0001f309   Thumb Code    54  app_timer.o(i.app_timer_stop)
    application_timers_start                 0x0001f399   Thumb Code    40  myble.o(i.application_timers_start)
    battery_level_meas_timeout_handler       0x0001f58d   Thumb Code   226  myble.o(i.battery_level_meas_timeout_handler)
    battery_level_update                     0x0001f679   Thumb Code    46  myble.o(i.battery_level_update)
    ble_advdata_set                          0x0001f6b5   Thumb Code   152  ble_advdata.o(i.ble_advdata_set)
    ble_advertising_init                     0x0001f74d   Thumb Code   328  ble_advertising.o(i.ble_advertising_init)
    ble_advertising_on_ble_evt               0x0001f8cd   Thumb Code   242  ble_advertising.o(i.ble_advertising_on_ble_evt)
    ble_advertising_on_sys_evt               0x0001f9d9   Thumb Code    70  ble_advertising.o(i.ble_advertising_on_sys_evt)
    ble_advertising_restart_without_whitelist 0x0001fa3d   Thumb Code    82  ble_advertising.o(i.ble_advertising_restart_without_whitelist)
    ble_advertising_start                    0x0001faa1   Thumb Code   666  ble_advertising.o(i.ble_advertising_start)
    ble_bas_battery_level_update             0x0001fd69   Thumb Code   136  ble_bas.o(i.ble_bas_battery_level_update)
    ble_bas_init                             0x0001fdf5   Thumb Code    78  ble_bas.o(i.ble_bas_init)
    ble_bas_on_ble_evt                       0x0001fe49   Thumb Code    70  ble_bas.o(i.ble_bas_on_ble_evt)
    ble_bps_init                             0x0001fe91   Thumb Code    92  ble_bps.o(i.ble_bps_init)
    ble_bps_is_indication_enabled            0x0001fef1   Thumb Code    52  ble_bps.o(i.ble_bps_is_indication_enabled)
    ble_bps_measurement_send                 0x0001ff25   Thumb Code    94  ble_bps.o(i.ble_bps_measurement_send)
    ble_bps_on_ble_evt                       0x0001ff89   Thumb Code    72  ble_bps.o(i.ble_bps_on_ble_evt)
    ble_conn_params_init                     0x0001ffd1   Thumb Code    90  ble_conn_params.o(i.ble_conn_params_init)
    ble_conn_params_on_ble_evt               0x00020049   Thumb Code    62  ble_conn_params.o(i.ble_conn_params_on_ble_evt)
    ble_dis_init                             0x0002013d   Thumb Code   386  ble_dis.o(i.ble_dis_init)
    ble_evt_dispatch                         0x000202f1   Thumb Code    52  myble.o(i.ble_evt_dispatch)
    ble_srv_ascii_to_utf8                    0x0002032d   Thumb Code    18  ble_srv_common.o(i.ble_srv_ascii_to_utf8)
    ble_srv_report_ref_encode                0x00020355   Thumb Code    56  ble_srv_common.o(i.ble_srv_report_ref_encode)
    ble_stack_init                           0x0002038d   Thumb Code   196  myble.o(i.ble_stack_init)
    blood_pressure_measurement_send          0x00020461   Thumb Code   102  myble.o(i.blood_pressure_measurement_send)
    bond_data_load                           0x000204d1   Thumb Code    62  device_manager_peripheral.o(i.bond_data_load)
    bsp_btn_ble_init                         0x000207b9   Thumb Code    54  bsp_btn_ble.o(i.bsp_btn_ble_init)
    bsp_btn_ble_on_ble_evt                   0x000207f9   Thumb Code   122  bsp_btn_ble.o(i.bsp_btn_ble_on_ble_evt)
    bsp_btn_ble_sleep_mode_prepare           0x0002087d   Thumb Code    30  bsp_btn_ble.o(i.bsp_btn_ble_sleep_mode_prepare)
    bsp_button_is_pressed                    0x00020975   Thumb Code    48  bsp.o(i.bsp_button_is_pressed)
    bsp_event_handler                        0x000209ad   Thumb Code   104  myble.o(i.bsp_event_handler)
    bsp_event_to_button_action_assign        0x00020a19   Thumb Code    88  bsp.o(i.bsp_event_to_button_action_assign)
    bsp_indication_set                       0x00020a75   Thumb Code    30  bsp.o(i.bsp_indication_set)
    bsp_init                                 0x00020a99   Thumb Code   166  bsp.o(i.bsp_init)
    bsp_wakeup_buttons_set                   0x000210d5   Thumb Code    84  bsp.o(i.bsp_wakeup_buttons_set)
    buttons_leds_init                        0x00021141   Thumb Code    84  myble.o(i.buttons_leds_init)
    conn_params_error_handler                0x00021753   Thumb Code    16  myble.o(i.conn_params_error_handler)
    conn_params_init                         0x00021765   Thumb Code    80  myble.o(i.conn_params_init)
    device_manager_evt_handler               0x00021ca5   Thumb Code    72  myble.o(i.device_manager_evt_handler)
    device_manager_init                      0x00021cf1   Thumb Code   172  myble.o(i.device_manager_init)
    dm_ble_evt_handler                       0x00021da5   Thumb Code  1558  device_manager_peripheral.o(i.dm_ble_evt_handler)
    dm_handle_initialize                     0x000223d9   Thumb Code    24  device_manager_peripheral.o(i.dm_handle_initialize)
    dm_init                                  0x000223f5   Thumb Code   230  device_manager_peripheral.o(i.dm_init)
    dm_register                              0x000226f5   Thumb Code   176  device_manager_peripheral.o(i.dm_register)
    findhash                                 0x000228b5   Thumb Code    34  myepaperobjektfunction.o(i.findhash)
    gap_params_init                          0x000229dd   Thumb Code   144  myble.o(i.gap_params_init)
    getCurentScrin                           0x00022cfd   Thumb Code    18  myepaperobjektfunction.o(i.getCurentScrin)
    getPicture                               0x00022d19   Thumb Code   168  myepaperobjektfunction.o(i.getPicture)
    getScrin                                 0x00022e2d   Thumb Code   274  myepaperobjektfunction.o(i.getScrin)
    get_my_KeyEvent                          0x00022ff5   Thumb Code    10  my_key_lib.o(i.get_my_KeyEvent)
    intern_softdevice_events_execute         0x000230f5   Thumb Code   160  softdevice_handler.o(i.intern_softdevice_events_execute)
    main                                     0x000235f9   Thumb Code   260  main.o(i.main)
    my_KeyAktivate                           0x000237b1   Thumb Code    56  my_key_lib.o(i.my_KeyAktivate)
    my_KeyClk                                0x000237ed   Thumb Code    70  my_key_lib.o(i.my_KeyClk)
    my_KeyDeInit                             0x0002383d   Thumb Code    48  my_key_lib.o(i.my_KeyDeInit)
    my_KeyDualSkan                           0x00023871   Thumb Code   304  my_key_lib.o(i.my_KeyDualSkan)
    my_KeyInit                               0x000239ad   Thumb Code    98  my_key_lib.o(i.my_KeyInit)
    my_KeyRead                               0x00023a19   Thumb Code    38  my_key_lib.o(i.my_KeyRead)
    nrf_drv_clock_on_soc_event               0x00023b1d   Thumb Code    46  nrf_drv_clock.o(i.nrf_drv_clock_on_soc_event)
    nrf_drv_common_irq_enable                0x00023b51   Thumb Code    48  nrf_drv_common.o(i.nrf_drv_common_irq_enable)
    nrf_drv_gpiote_in_event_enable           0x00023b89   Thumb Code   186  nrf_drv_gpiote.o(i.nrf_drv_gpiote_in_event_enable)
    nrf_drv_gpiote_in_init                   0x00023c51   Thumb Code   228  nrf_drv_gpiote.o(i.nrf_drv_gpiote_in_init)
    nrf_drv_gpiote_in_is_set                 0x00023d45   Thumb Code    26  nrf_drv_gpiote.o(i.nrf_drv_gpiote_in_is_set)
    nrf_drv_gpiote_init                      0x00023d65   Thumb Code    76  nrf_drv_gpiote.o(i.nrf_drv_gpiote_init)
    nrf_drv_gpiote_is_init                   0x00023db5   Thumb Code    16  nrf_drv_gpiote.o(i.nrf_drv_gpiote_is_init)
    nrf_drv_rtc_cc_set                       0x00023dc9   Thumb Code   176  nrf_drv_rtc.o(i.nrf_drv_rtc_cc_set)
    nrf_drv_rtc_enable                       0x00023e81   Thumb Code    26  nrf_drv_rtc.o(i.nrf_drv_rtc_enable)
    nrf_drv_rtc_init                         0x00023ea1   Thumb Code   126  nrf_drv_rtc.o(i.nrf_drv_rtc_init)
    nrf_drv_rtc_overflow_enable              0x00023fe9   Thumb Code    42  nrf_drv_rtc.o(i.nrf_drv_rtc_overflow_enable)
    nrf_drv_rtc_tick_enable                  0x00024013   Thumb Code    42  nrf_drv_rtc.o(i.nrf_drv_rtc_tick_enable)
    on_adv_evt                               0x00024375   Thumb Code    54  myble.o(i.on_adv_evt)
    on_ble_evt                               0x000243ad   Thumb Code   118  myble.o(i.on_ble_evt)
    on_bps_evt                               0x0002442d   Thumb Code    28  myble.o(i.on_bps_evt)
    on_conn_params_evt                       0x00024481   Thumb Code    42  myble.o(i.on_conn_params_evt)
    powerDeInit                              0x000247a9   Thumb Code    40  main.o(i.powerDeInit)
    powerInit                                0x000247d1   Thumb Code    30  main.o(i.powerInit)
    pstorage_access_status_get               0x000247f1   Thumb Code    40  pstorage.o(i.pstorage_access_status_get)
    pstorage_block_identifier_get            0x00024821   Thumb Code   154  pstorage.o(i.pstorage_block_identifier_get)
    pstorage_clear                           0x000248c5   Thumb Code   270  pstorage.o(i.pstorage_clear)
    pstorage_init                            0x00024a11   Thumb Code   104  pstorage.o(i.pstorage_init)
    pstorage_load                            0x00024a99   Thumb Code   242  pstorage.o(i.pstorage_load)
    pstorage_register                        0x00024b95   Thumb Code   270  pstorage.o(i.pstorage_register)
    pstorage_store                           0x00024cb5   Thumb Code   216  pstorage.o(i.pstorage_store)
    pstorage_sys_event_handler               0x00024d95   Thumb Code    66  pstorage.o(i.pstorage_sys_event_handler)
    pstorage_update                          0x00024de1   Thumb Code   216  pstorage.o(i.pstorage_update)
    saveCounter                              0x000250f5   Thumb Code    78  myepaperobjektfunction.o(i.saveCounter)
    sd_check_ram_start                       0x00025151   Thumb Code    22  softdevice_handler.o(i.sd_check_ram_start)
    services_init                            0x00025239   Thumb Code   498  myble.o(i.services_init)
    sleep_mode_enter                         0x00025451   Thumb Code    82  myble.o(i.sleep_mode_enter)
    softdevice_ble_evt_handler_set           0x000254b9   Thumb Code    22  softdevice_handler.o(i.softdevice_ble_evt_handler_set)
    softdevice_enable                        0x000254d5   Thumb Code    24  softdevice_handler.o(i.softdevice_enable)
    softdevice_enable_get_default_config     0x000254f1   Thumb Code    46  softdevice_handler.o(i.softdevice_enable_get_default_config)
    softdevice_fault_handler                 0x0002551f   Thumb Code    20  softdevice_handler.o(i.softdevice_fault_handler)
    softdevice_handler_init                  0x00025535   Thumb Code    84  softdevice_handler.o(i.softdevice_handler_init)
    softdevice_sys_evt_handler_set           0x0002559d   Thumb Code    22  softdevice_handler.o(i.softdevice_sys_evt_handler_set)
    sys_evt_dispatch                         0x00025969   Thumb Code    18  myble.o(i.sys_evt_dispatch)
    timers_init                              0x00025d4d   Thumb Code    74  myble.o(i.timers_init)
    whileStatus1_busy                        0x0002626d   Thumb Code    32  w25q_flash.o(i.whileStatus1_busy)
    rtc                                      0x000262a4   Data           8  main.o(.constdata)
    ArialNarrow18_dinamic_table_Adr          0x000262b4   Data        3260  myepaper.o(.constdata)
    Arial_Narrow_24_dinamic_table_Adr        0x00026f70   Data        5452  myepaper.o(.constdata)
    MS_Mincho16_dinamic_table_Adr            0x000284bc   Data        5884  myepaper.o(.constdata)
    TimesNewRoman28_dinamic_table_Adr        0x00029bb8   Data        2558  myepaper.o(.constdata)
    lut_full_update                          0x0002a5b6   Data          30  myepaper.o(.constdata)
    lut_New_update                           0x0002a5d4   Data          30  myepaper.o(.constdata)
    lut_partial_update                       0x0002a5f2   Data          30  myepaper.o(.constdata)
    ArialReversByte                          0x0002a610   Data         256  myepaper.o(.constdata)
    MemoTextArrayMotiv1Adres                 0x0002a710   Data           2  myepaperobjektfunction.o(.constdata)
    MemoTextArrayMotiv1Smoc                  0x0002a712   Data        2116  myepaperobjektfunction.o(.constdata)
    MemoTextArrayMotiv1Junc                  0x0002af56   Data        2060  myepaperobjektfunction.o(.constdata)
    MemoTextArrayMotiv1Porn                  0x0002b762   Data        2041  myepaperobjektfunction.o(.constdata)
    MemoTextArrayMotiv1Alc                   0x0002bf5b   Data        2439  myepaperobjektfunction.o(.constdata)
    MemoTextArrayMotiv1Buing                 0x0002c8e2   Data        1244  myepaperobjektfunction.o(.constdata)
    MemoTextArrayGoalsNoText                 0x0002cdbe   Data         484  myepaperobjektfunction.o(.constdata)
    MemoTextArrayGoalsPanicEnd               0x0002cfa2   Data         352  myepaperobjektfunction.o(.constdata)
    MemoTextArrayGoalsPanic                  0x0002d102   Data         736  myepaperobjektfunction.o(.constdata)
    PartObjGoalsSmoking                      0x0002d3e2   Data          35  myepaperobjektfunction.o(.constdata)
    PartObjGoalsAlcogol                      0x0002d405   Data          35  myepaperobjektfunction.o(.constdata)
    PartObjGoalsDrugs                        0x0002d428   Data          33  myepaperobjektfunction.o(.constdata)
    PartObjGoalsJunkFood                     0x0002d449   Data          37  myepaperobjektfunction.o(.constdata)
    PartObjGoalsPorn                         0x0002d46e   Data          32  myepaperobjektfunction.o(.constdata)
    PartObjGoalsSugar                        0x0002d48e   Data          33  myepaperobjektfunction.o(.constdata)
    PartObjGoalsSocialMedia                  0x0002d4af   Data          40  myepaperobjektfunction.o(.constdata)
    PartObjGoalsImpulsiveBuying              0x0002d4d7   Data          42  myepaperobjektfunction.o(.constdata)
    PartObjGoalsRedMeat                      0x0002d501   Data          36  myepaperobjektfunction.o(.constdata)
    PartObjGoalsSingleUsePlastic             0x0002d525   Data          46  myepaperobjektfunction.o(.constdata)
    PartMenuBackChoose                       0x0002d553   Data          50  myepaperobjektfunction.o(.constdata)
    PartMenuNoYes                            0x0002d585   Data          35  myepaperobjektfunction.o(.constdata)
    PartGoalsMenu                            0x0002d5a8   Data         105  myepaperobjektfunction.o(.constdata)
    RombPicture                              0x0002d611   Data          56  myepaperobjektfunction.o(.constdata)
    SmokingPicture                           0x0002d649   Data        1328  myepaperobjektfunction.o(.constdata)
    AlcogolPicture                           0x0002db79   Data        1328  myepaperobjektfunction.o(.constdata)
    DrugsPicture                             0x0002e0a9   Data        1328  myepaperobjektfunction.o(.constdata)
    JunkFoodPicture                          0x0002e5d9   Data        1328  myepaperobjektfunction.o(.constdata)
    PornPicture                              0x0002eb09   Data        1328  myepaperobjektfunction.o(.constdata)
    SugarPicture                             0x0002f039   Data        1328  myepaperobjektfunction.o(.constdata)
    SocialMediaPicture                       0x0002f569   Data        1328  myepaperobjektfunction.o(.constdata)
    ImpulsiveBuyingPicture                   0x0002fa99   Data        1328  myepaperobjektfunction.o(.constdata)
    RedMeatPicture                           0x0002ffc9   Data        1328  myepaperobjektfunction.o(.constdata)
    SingleUsePlasticPicture                  0x000304f9   Data        1328  myepaperobjektfunction.o(.constdata)
    BlueToothMenuPicture                     0x00030a29   Data         366  myepaperobjektfunction.o(.constdata)
    HardResetMenuPicture                     0x00030b97   Data         366  myepaperobjektfunction.o(.constdata)
    BlueToothPicture                         0x00030d05   Data         306  myepaperobjektfunction.o(.constdata)
    HardResetPicture                         0x00030e37   Data        1058  myepaperobjektfunction.o(.constdata)
    LogoPicture                              0x00031259   Data        1714  myepaperobjektfunction.o(.constdata)
    NextMotivPicture                         0x0003190b   Data         302  myepaperobjektfunction.o(.constdata)
    SmokingPictureMini                       0x00031a39   Data         970  myepaperobjektfunction.o(.constdata)
    AlcogolPictureMini                       0x00031e03   Data         970  myepaperobjektfunction.o(.constdata)
    DrugsPictureMini                         0x000321cd   Data         970  myepaperobjektfunction.o(.constdata)
    JunkFoodPictureMini                      0x00032597   Data         970  myepaperobjektfunction.o(.constdata)
    PornPictureMini                          0x00032961   Data         970  myepaperobjektfunction.o(.constdata)
    SugarPictureMini                         0x00032d2b   Data         970  myepaperobjektfunction.o(.constdata)
    SocialMediaPictureMini                   0x000330f5   Data         970  myepaperobjektfunction.o(.constdata)
    ImpulsiveBuyingPictureMini               0x000334bf   Data         970  myepaperobjektfunction.o(.constdata)
    RedMeatPictureMini                       0x00033889   Data         970  myepaperobjektfunction.o(.constdata)
    SingleUsePlasticPictureMini              0x00033c53   Data         970  myepaperobjektfunction.o(.constdata)
    ObjScrinStart                            0x0003401d   Data          81  myepaperobjektfunction.o(.constdata)
    ObjScrinLanguage                         0x0003406e   Data         169  myepaperobjektfunction.o(.constdata)
    ObjScrinLogo                             0x00034117   Data          47  myepaperobjektfunction.o(.constdata)
    ObjScrinGoals                            0x00034146   Data         148  myepaperobjektfunction.o(.constdata)
    ObjScrinGoalsSmokingAktivate             0x000341da   Data         110  myepaperobjektfunction.o(.constdata)
    ObjScrinGoalsAlcoholAktivate             0x00034248   Data         110  myepaperobjektfunction.o(.constdata)
    ObjScrinGoalsDugsAktivate                0x000342b6   Data         105  myepaperobjektfunction.o(.constdata)
    ObjScrinGoalJunkFoodAktivate             0x0003431f   Data         112  myepaperobjektfunction.o(.constdata)
    ObjScrinGoalsPornAktivate                0x0003438f   Data         104  myepaperobjektfunction.o(.constdata)
    ObjScrinGoalsSugarAktivate               0x000343f7   Data         108  myepaperobjektfunction.o(.constdata)
    ObjScrinGoalsSocialMediaAktivate         0x00034463   Data         115  myepaperobjektfunction.o(.constdata)
    ObjScrinGoalsImpulsiveBuyingAktivate     0x000344d6   Data          98  myepaperobjektfunction.o(.constdata)
    ObjScrinGoalsRedMeatAktivate             0x00034538   Data         114  myepaperobjektfunction.o(.constdata)
    ObjScrinGoalsSingleUsePlasticAktivate    0x000345aa   Data          82  myepaperobjektfunction.o(.constdata)
    ObjScrinGoalsSmoking                     0x000345fc   Data         211  myepaperobjektfunction.o(.constdata)
    ObjScrinGoalsAlcohol                     0x000346cf   Data         217  myepaperobjektfunction.o(.constdata)
    ObjScrinGoalsDugs                        0x000347a8   Data         212  myepaperobjektfunction.o(.constdata)
    ObjScrinGoalJunkFood                     0x0003487c   Data         210  myepaperobjektfunction.o(.constdata)
    ObjScrinGoalsPorn                        0x0003494e   Data         205  myepaperobjektfunction.o(.constdata)
    ObjScrinGoalsSugar                       0x00034a1b   Data         206  myepaperobjektfunction.o(.constdata)
    ObjScrinGoalsSocialMedia                 0x00034ae9   Data         213  myepaperobjektfunction.o(.constdata)
    ObjScrinGoalsImpulsiveBuying             0x00034bbe   Data         215  myepaperobjektfunction.o(.constdata)
    ObjScrinGoalsRedMeat                     0x00034c95   Data         209  myepaperobjektfunction.o(.constdata)
    ObjScrinGoalsSingleUsePlastic            0x00034d66   Data         219  myepaperobjektfunction.o(.constdata)
    ObjScrinGoalsMenu                        0x00034e41   Data         265  myepaperobjektfunction.o(.constdata)
    ObjRunGouToSelectedGoal                  0x00034f4a   Data          27  myepaperobjektfunction.o(.constdata)
    ObjScrinResetGoals                       0x00034f65   Data         280  myepaperobjektfunction.o(.constdata)
    ObjRunResetGoals                         0x0003507d   Data          37  myepaperobjektfunction.o(.constdata)
    ObjScrinRecordsGoals                     0x000350a2   Data         588  myepaperobjektfunction.o(.constdata)
    ObjScrinDeleteGoals                      0x000352ee   Data         271  myepaperobjektfunction.o(.constdata)
    ObjRunDeleteGoals                        0x000353fd   Data          52  myepaperobjektfunction.o(.constdata)
    ObjScrinGoalsPanic                       0x00035431   Data         139  myepaperobjektfunction.o(.constdata)
    ObjRunStartMotiv                         0x000354bc   Data          61  myepaperobjektfunction.o(.constdata)
    ObjScrinGoalsMotiv                       0x000354f9   Data         224  myepaperobjektfunction.o(.constdata)
    ObjRunNextMotiv                          0x000355d9   Data          32  myepaperobjektfunction.o(.constdata)
    ObjScrinGoalsFinishMotiv                 0x000355f9   Data         131  myepaperobjektfunction.o(.constdata)
    ObjRunGoutoGoalsStackDefoult             0x0003567c   Data          27  myepaperobjektfunction.o(.constdata)
    ObjRunFinishResetGoals                   0x00035697   Data          27  myepaperobjektfunction.o(.constdata)
    ObjRunGoutooGoals                        0x000356b2   Data          17  myepaperobjektfunction.o(.constdata)
    ObjScrinSettings                         0x000356c3   Data         160  myepaperobjektfunction.o(.constdata)
    ObjScrinBluetooth                        0x00035763   Data         149  myepaperobjektfunction.o(.constdata)
    ObjScrinReset                            0x000357f8   Data         110  myepaperobjektfunction.o(.constdata)
    ObjRunReset                              0x00035866   Data          25  myepaperobjektfunction.o(.constdata)
    ObjScrinPresetTimer                      0x0003587f   Data         102  myepaperobjektfunction.o(.constdata)
    ObjRunRpesetTimer                        0x000358e5   Data          25  myepaperobjektfunction.o(.constdata)
    m_service_context_store                  0x0003593c   Data          16  device_manager_peripheral.o(.constdata)
    m_service_context_load                   0x0003594c   Data          16  device_manager_peripheral.o(.constdata)
    m_service_context_apply                  0x0003595c   Data          16  device_manager_peripheral.o(.constdata)
    m_context_init_len                       0x0003596c   Data           4  device_manager_peripheral.o(.constdata)
    Region$$Table$$Base                      0x000359ac   Number         0  anon$$obj.o(Region$$Table)
    Region$$Table$$Limit                     0x000359cc   Number         0  anon$$obj.o(Region$$Table)
    Image$$RW_IRAM1$$Base                    0x20001f00   Number         0  anon$$obj.o ABSOLUTE
    test1                                    0x20001f00   Data           1  main.o(.data)
    key_activ                                0x20001f02   Data           2  main.o(.data)
    KeyEnable                                0x20001f04   Data           1  main.o(.data)
    bleRead                                  0x20001f05   Data           1  main.o(.data)
    testmeas                                 0x20001f08   Data           4  myble.o(.data)
    oldPageTextList                          0x20001f1c   Data           4  myepaperobjektfunction.o(.data)
    RandomCounter                            0x20001f20   Data           2  myepaperobjektfunction.o(.data)
    currentScrinPosition                     0x20001f22   Data           1  myepaperobjektfunction.o(.data)
    BLE_enable                               0x20001f23   Data           1  myepaperobjektfunction.o(.data)
    currentScrinPositionUnChenged            0x20001f24   Data           1  myepaperobjektfunction.o(.data)
    ScrinUnChenged                           0x20001f26   Data           2  myepaperobjektfunction.o(.data)
    SystemCoreClock                          0x20001f4c   Data           4  system_nrf51.o(.data)
    Blod_meas                                0x2000209c   Data          34  myble.o(.bss)
    My_Keydata                               0x200022f0   Data          11  my_key_lib.o(.bss)
    ObjKey1                                  0x200022fc   Data          12  myepaperobjektfunction.o(.bss)
    ObjKey2                                  0x20002308   Data          12  myepaperobjektfunction.o(.bss)
    ObjKey3                                  0x20002314   Data          12  myepaperobjektfunction.o(.bss)
    stackScrin                               0x20002320   Data         256  myepaperobjektfunction.o(.bss)
    paramsArray                              0x20002420   Data         256  myepaperobjektfunction.o(.bss)
    CounterArray                             0x20002520   Data          64  myepaperobjektfunction.o(.bss)
    CounterBackArray                         0x20002560   Data         320  myepaperobjektfunction.o(.bss)
    paramsArrayUnChenged                     0x200026a0   Data         256  myepaperobjektfunction.o(.bss)
    CounterArrayUnChenged                    0x200027a0   Data          64  myepaperobjektfunction.o(.bss)
    __initial_sp                             0x20003428   Data           0  arm_startup_nrf51.o(STACK)



==============================================================================

Memory Map of the image

  Image Entry point : 0x0001b0c1

  Load Region LR_IROM1 (Base: 0x0001b000, Size: 0x0001ab34, Max: 0x00025000, ABSOLUTE, COMPRESSED[0x0001a9e8])

    Execution Region ER_IROM1 (Base: 0x0001b000, Size: 0x0001a9cc, Max: 0x00025000, ABSOLUTE)

    Base Addr    Size         Type   Attr      Idx    E Section Name        Object

    0x0001b000   0x000000c0   Data   RO         1666    RESET               arm_startup_nrf51.o
    0x0001b0c0   0x00000000   Code   RO         4469  * .ARM.Collect$$$$00000000  mc_p.l(entry.o)
    0x0001b0c0   0x00000004   Code   RO         4520    .ARM.Collect$$$$00000001  mc_p.l(entry2.o)
    0x0001b0c4   0x00000004   Code   RO         4523    .ARM.Collect$$$$00000004  mc_p.l(entry5.o)
    0x0001b0c8   0x00000000   Code   RO         4525    .ARM.Collect$$$$00000008  mc_p.l(entry7b.o)
    0x0001b0c8   0x00000000   Code   RO         4527    .ARM.Collect$$$$0000000A  mc_p.l(entry8b.o)
    0x0001b0c8   0x00000008   Code   RO         4528    .ARM.Collect$$$$0000000B  mc_p.l(entry9a.o)
    0x0001b0d0   0x00000000   Code   RO         4530    .ARM.Collect$$$$0000000D  mc_p.l(entry10a.o)
    0x0001b0d0   0x00000000   Code   RO         4532    .ARM.Collect$$$$0000000F  mc_p.l(entry11a.o)
    0x0001b0d0   0x00000004   Code   RO         4521    .ARM.Collect$$$$00002712  mc_p.l(entry2.o)
    0x0001b0d4   0x0000001e   Code   RO         3968    .emb_text           app_timer.o
    0x0001b0f2   0x00000002   PAD
    0x0001b0f4   0x00000038   Code   RO         1667    .text               arm_startup_nrf51.o
    0x0001b12c   0x0000002c   Code   RO         4472    .text               mc_p.l(uidiv.o)
    0x0001b158   0x00000028   Code   RO         4474    .text               mc_p.l(idiv.o)
    0x0001b180   0x00000020   Code   RO         4476    .text               mc_p.l(llshl.o)
    0x0001b1a0   0x00000022   Code   RO         4478    .text               mc_p.l(llushr.o)
    0x0001b1c2   0x00000024   Code   RO         4480    .text               mc_p.l(memcpya.o)
    0x0001b1e6   0x00000024   Code   RO         4482    .text               mc_p.l(memseta.o)
    0x0001b20a   0x0000000e   Code   RO         4484    .text               mc_p.l(strlen.o)
    0x0001b218   0x0000001a   Code   RO         4486    .text               mc_p.l(memcmp.o)
    0x0001b232   0x00000002   PAD
    0x0001b234   0x00000024   Code   RO         4547    .text               mc_p.l(init.o)
    0x0001b258   0x0000003a   Code   RO         4563    .text               mc_p.l(__dczerorl.o)
    0x0001b292   0x0000001c   Code   RO          337    i.BLE_power_manage  myble.o
    0x0001b2ae   0x00000048   Code   RO          338    i.Ble_Init          myble.o
    0x0001b2f6   0x00000002   PAD
    0x0001b2f8   0x00000068   Code   RO         1132    i.ClearStack        myepaperobjektfunction.o
    0x0001b360   0x0000002a   Code   RO          548    i.EPD_1IN54_Clear   myepaper.o
    0x0001b38a   0x00000208   Code   RO         1134    i.EPD_1IN54_DrawMemo  myepaperobjektfunction.o
    0x0001b592   0x00000002   PAD
    0x0001b594   0x00000054   Code   RO         1135    i.EPD_1IN54_DrawObjScrin  myepaperobjektfunction.o
    0x0001b5e8   0x00000034   Code   RO         1136    i.EPD_1IN54_DrawObjStartScrin  myepaperobjektfunction.o
    0x0001b61c   0x000000e8   Code   RO         1137    i.EPD_1IN54_DrawObject  myepaperobjektfunction.o
    0x0001b704   0x00000210   Code   RO         1138    i.EPD_1IN54_DrawObjectFsSelCheckMenu  myepaperobjektfunction.o
    0x0001b914   0x00000064   Code   RO         1139    i.EPD_1IN54_DrawObjectIntString  myepaperobjektfunction.o
    0x0001b978   0x00000098   Code   RO         1140    i.EPD_1IN54_DrawObjectItemString  myepaperobjektfunction.o
    0x0001ba10   0x0000003c   Code   RO         1141    i.EPD_1IN54_DrawObjectKeyLeft  myepaperobjektfunction.o
    0x0001ba4c   0x0000003c   Code   RO         1142    i.EPD_1IN54_DrawObjectKeyRigth  myepaperobjektfunction.o
    0x0001ba88   0x000000f8   Code   RO         1143    i.EPD_1IN54_DrawObjectList  myepaperobjektfunction.o
    0x0001bb80   0x00000048   Code   RO         1144    i.EPD_1IN54_DrawObjectMemo  myepaperobjektfunction.o
    0x0001bbc8   0x0000006c   Code   RO         1145    i.EPD_1IN54_DrawObjectParamList  myepaperobjektfunction.o
    0x0001bc34   0x00000026   Code   RO         1146    i.EPD_1IN54_DrawObjectPicture  myepaperobjektfunction.o
    0x0001bc5a   0x00000002   PAD
    0x0001bc5c   0x00000188   Code   RO         1148    i.EPD_1IN54_DrawObjectSelCheckMenu  myepaperobjektfunction.o
    0x0001bde4   0x00000050   Code   RO         1149    i.EPD_1IN54_DrawObjectString  myepaperobjektfunction.o
    0x0001be34   0x000000c0   Code   RO         1150    i.EPD_1IN54_DrawObjectText  myepaperobjektfunction.o
    0x0001bef4   0x0000003e   Code   RO         1151    i.EPD_1IN54_DrawObjectTextList  myepaperobjektfunction.o
    0x0001bf32   0x00000002   PAD
    0x0001bf34   0x0000013c   Code   RO         1152    i.EPD_1IN54_DrawObjectTextListGroup  myepaperobjektfunction.o
    0x0001c070   0x000000c0   Code   RO         1153    i.EPD_1IN54_DrawPartObject  myepaperobjektfunction.o
    0x0001c130   0x00000116   Code   RO         1154    i.EPD_1IN54_DrawText  myepaperobjektfunction.o
    0x0001c246   0x00000266   Code   RO         1155    i.EPD_1IN54_DrawTextList  myepaperobjektfunction.o
    0x0001c4ac   0x000000e4   Code   RO          550    i.EPD_1IN54_LineX   myepaper.o
    0x0001c590   0x00000078   Code   RO          551    i.EPD_1IN54_LineY   myepaper.o
    0x0001c608   0x00000790   Code   RO         1156    i.EPD_1IN54_ObjDataOperation  myepaperobjektfunction.o
    0x0001cd98   0x00000034   Code   RO          552    i.EPD_1IN54_PrintFillRectagle  myepaper.o
    0x0001cdcc   0x00000070   Code   RO          554    i.EPD_1IN54_PrintPicture  myepaper.o
    0x0001ce3c   0x000002b2   Code   RO          555    i.EPD_1IN54_PrintRamString  myepaper.o
    0x0001d0ee   0x00000032   Code   RO          557    i.EPD_1IN54_SetCursor  myepaper.o
    0x0001d120   0x0000008e   Code   RO          558    i.EPD_1IN54_SetFrame  myepaper.o
    0x0001d1ae   0x0000004c   Code   RO          559    i.EPD_1IN54_SetWindow  myepaper.o
    0x0001d1fa   0x00000050   Code   RO         1157    i.EPD_1IN54_StartObjRun  myepaperobjektfunction.o
    0x0001d24a   0x0000008a   Code   RO          560    i.EPD_1IN54_StringRamPixelLength  myepaper.o
    0x0001d2d4   0x00000022   Code   RO          561    i.EPD_1IN54_TurnOnDisplay  myepaper.o
    0x0001d2f6   0x00000022   Code   RO          562    i.EPD_1IN54_TurnOnDisplayPart  myepaper.o
    0x0001d318   0x00000124   Code   RO         1158    i.EPD_1IN54_WriteObjKey  myepaperobjektfunction.o
    0x0001d43c   0x000001d8   Code   RO          563    i.EPD_1IN54_myDrawString  myepaper.o
    0x0001d614   0x000000a2   Code   RO          564    i.EPD_1IN54_myDrawStringPixelLength  myepaper.o
    0x0001d6b6   0x00000200   Code   RO          565    i.EPD_1IN54_outIntString  myepaper.o
    0x0001d8b6   0x000001be   Code   RO          566    i.EPD_1IN54_outString  myepaper.o
    0x0001da74   0x00000024   Code   RO          567    i.FontCange         myepaper.o
    0x0001da98   0x00000040   Code   RO          568    i.FontSettings      myepaper.o
    0x0001dad8   0x0000018c   Code   RO         2713    i.GPIOTE_IRQHandler  nrf_drv_gpiote.o
    0x0001dc64   0x0000006c   Code   RO         1159    i.GetArrayGoals     myepaperobjektfunction.o
    0x0001dcd0   0x000002a8   Code   RO         1160    i.GoToCommand       myepaperobjektfunction.o
    0x0001df78   0x00000050   Code   RO          339    i.Grad              myble.o
    0x0001dfc8   0x000000ec   Code   RO         1161    i.KeyReaction       myepaperobjektfunction.o
    0x0001e0b4   0x000000b8   Code   RO         1162    i.KeyRun            myepaperobjektfunction.o
    0x0001e16c   0x000000b0   Code   RO            3    i.Key_timeout       main.o
    0x0001e21c   0x00000120   Code   RO         1163    i.LoadRamParams     myepaperobjektfunction.o
    0x0001e33c   0x00000046   Code   RO          569    i.MyePaperDualInit  myepaper.o
    0x0001e382   0x000000e0   Code   RO          570    i.MyePaperInit      myepaper.o
    0x0001e462   0x00000024   Code   RO          571    i.MyePaper_GPIO_DeInit  myepaper.o
    0x0001e486   0x0000001e   Code   RO          572    i.MyePaper_GPIO_Init  myepaper.o
    0x0001e4a4   0x00000014   Code   RO         3969    i.NVIC_ClearPendingIRQ  app_timer.o
    0x0001e4b8   0x00000014   Code   RO         3970    i.NVIC_EnableIRQ    app_timer.o
    0x0001e4cc   0x00000014   Code   RO         3971    i.NVIC_SetPendingIRQ  app_timer.o
    0x0001e4e0   0x00000078   Code   RO         2655    i.NVIC_SetPriority  nrf_drv_common.o
    0x0001e558   0x00000078   Code   RO         3972    i.NVIC_SetPriority  app_timer.o
    0x0001e5d0   0x00000010   Code   RO         2951    i.RTC0_IRQHandler   nrf_drv_rtc.o
    0x0001e5e0   0x00000028   Code   RO         3973    i.RTC1_IRQHandler   app_timer.o
    0x0001e608   0x0000002e   Code   RO          573    i.Reset             myepaper.o
    0x0001e636   0x00000002   PAD
    0x0001e638   0x0000000c   Code   RO          574    i.ReversByte        myepaper.o
    0x0001e644   0x00000008   Code   RO         3974    i.SWI0_IRQHandler   app_timer.o
    0x0001e64c   0x00000034   Code   RO         4378    i.SWI2_IRQHandler   softdevice_handler.o
    0x0001e680   0x0000014c   Code   RO         1164    i.Save_params       myepaperobjektfunction.o
    0x0001e7cc   0x00000024   Code   RO          576    i.SendCommand       myepaper.o
    0x0001e7f0   0x0000002c   Code   RO          577    i.SendGraficData    myepaper.o
    0x0001e81c   0x00000024   Code   RO          578    i.SendInfoData      myepaper.o
    0x0001e840   0x0000001c   Code   RO          831    i.Soft_Spi_GPIO_DeInit  mysoftspi.o
    0x0001e85c   0x00000018   Code   RO          832    i.Soft_Spi_GPIO_Init  mysoftspi.o
    0x0001e874   0x00000054   Code   RO          834    i.Soft_Spi_Transmit  mysoftspi.o
    0x0001e8c8   0x00000060   Code   RO          835    i.Soft_Spi_TransmitReceive  mysoftspi.o
    0x0001e928   0x00000040   Code   RO          836    i.Soft_Spi_TransmitSameBit  mysoftspi.o
    0x0001e968   0x00000050   Code   RO          837    i.Soft_Spi_TransmitSameByte  mysoftspi.o
    0x0001e9b8   0x00000010   Code   RO          580    i.SpiSendByte       myepaper.o
    0x0001e9c8   0x00000028   Code   RO          582    i.SpiSendSameBit    myepaper.o
    0x0001e9f0   0x00000028   Code   RO          583    i.SpiSendSameByte   myepaper.o
    0x0001ea18   0x00000018   Code   RO          838    i.Spi_While_ms      mysoftspi.o
    0x0001ea30   0x0000000c   Code   RO          839    i.Spi_While_us      mysoftspi.o
    0x0001ea3c   0x00000064   Code   RO         1674    i.SystemInit        system_nrf51.o
    0x0001eaa0   0x0000002a   Code   RO          341    i.Term              myble.o
    0x0001eaca   0x00000008   Code   RO         3102    i.UART0_IRQHandler  nrf_drv_uart.o
    0x0001ead2   0x0000001c   Code   RO          917    i.W25Q_DeInit       w25q_flash.o
    0x0001eaee   0x0000003a   Code   RO          918    i.W25Q_Flash_Sektor_erase  w25q_flash.o
    0x0001eb28   0x0000001e   Code   RO          920    i.W25Q_Flash_init   w25q_flash.o
    0x0001eb46   0x00000002   PAD
    0x0001eb48   0x00000018   Code   RO          921    i.W25Q_Flash_reset  w25q_flash.o
    0x0001eb60   0x00000044   Code   RO          922    i.W25Q_ReadData     w25q_flash.o
    0x0001eba4   0x00000028   Code   RO          923    i.W25Q_SendByte     w25q_flash.o
    0x0001ebcc   0x0000002e   Code   RO          924    i.W25Q_SpiReadReg   w25q_flash.o
    0x0001ebfa   0x00000028   Code   RO          925    i.W25Q_SpiSendData  w25q_flash.o
    0x0001ec22   0x00000016   Code   RO          926    i.W25Q_WriteEnadle  w25q_flash.o
    0x0001ec38   0x00000066   Code   RO          927    i.W25Q_WritePage    w25q_flash.o
    0x0001ec9e   0x00000002   PAD
    0x0001eca0   0x00000048   Code   RO          584    i.WaitUntilIdle     myepaper.o
    0x0001ece8   0x0000001c   Code   RO         1600    i.__ARM_common_switch8  bsp.o
    0x0001ed04   0x0000000e   Code   RO         4557    i.__scatterload_copy  mc_p.l(handlers.o)
    0x0001ed12   0x00000002   Code   RO         4558    i.__scatterload_null  mc_p.l(handlers.o)
    0x0001ed14   0x0000000e   Code   RO         4559    i.__scatterload_zeroinit  mc_p.l(handlers.o)
    0x0001ed22   0x000001f4   Code   RO         2256    i.adv_data_encode   ble_advdata.o
    0x0001ef16   0x00000014   Code   RO         2257    i.advdata_check     ble_advdata.o
    0x0001ef2a   0x0000005a   Code   RO         1614    i.advertising_buttons_configure  bsp_btn_ble.o
    0x0001ef84   0x0000006c   Code   RO          342    i.advertising_init  myble.o
    0x0001eff0   0x00000024   Code   RO         1508    i.alert_timer_handler  bsp.o
    0x0001f014   0x0000002c   Code   RO         3850    i.app_button_enable  app_button.o
    0x0001f040   0x000000ac   Code   RO         3851    i.app_button_init   app_button.o
    0x0001f0ec   0x00000038   Code   RO         3916    i.app_error_fault_handler  app_error.o
    0x0001f124   0x0000001c   Code   RO         3918    i.app_error_handler_bare  app_error.o
    0x0001f140   0x0000001c   Code   RO         1990    i.app_evt_notify    device_manager_peripheral.o
    0x0001f15c   0x00000030   Code   RO         3373    i.app_notify        pstorage.o
    0x0001f18c   0x00000024   Code   RO         3374    i.app_notify_error_state_transit  pstorage.o
    0x0001f1b0   0x00000044   Code   RO         3977    i.app_timer_create  app_timer.o
    0x0001f1f4   0x000000b8   Code   RO         3978    i.app_timer_init    app_timer.o
    0x0001f2ac   0x0000005c   Code   RO         3979    i.app_timer_start   app_timer.o
    0x0001f308   0x0000003c   Code   RO         3980    i.app_timer_stop    app_timer.o
    0x0001f344   0x00000054   Code   RO         2258    i.appearance_encode  ble_advdata.o
    0x0001f398   0x0000002c   Code   RO          343    i.application_timers_start  myble.o
    0x0001f3c4   0x000001c8   Code   RO         1720    i.battery_level_char_add  ble_bas.o
    0x0001f58c   0x000000ec   Code   RO          345    i.battery_level_meas_timeout_handler  myble.o
    0x0001f678   0x0000003c   Code   RO          346    i.battery_level_update  myble.o
    0x0001f6b4   0x00000098   Code   RO         2259    i.ble_advdata_set   ble_advdata.o
    0x0001f74c   0x00000180   Code   RO         2370    i.ble_advertising_init  ble_advertising.o
    0x0001f8cc   0x0000010c   Code   RO         2371    i.ble_advertising_on_ble_evt  ble_advertising.o
    0x0001f9d8   0x00000054   Code   RO         2372    i.ble_advertising_on_sys_evt  ble_advertising.o
    0x0001fa2c   0x00000010   Code   RO         2374    i.ble_advertising_peer_address_clear  ble_advertising.o
    0x0001fa3c   0x00000064   Code   RO         2375    i.ble_advertising_restart_without_whitelist  ble_advertising.o
    0x0001faa0   0x000002c8   Code   RO         2376    i.ble_advertising_start  ble_advertising.o
    0x0001fd68   0x0000008c   Code   RO         1721    i.ble_bas_battery_level_update  ble_bas.o
    0x0001fdf4   0x00000054   Code   RO         1722    i.ble_bas_init      ble_bas.o
    0x0001fe48   0x00000046   Code   RO         1723    i.ble_bas_on_ble_evt  ble_bas.o
    0x0001fe8e   0x00000002   PAD
    0x0001fe90   0x00000060   Code   RO         1785    i.ble_bps_init      ble_bps.o
    0x0001fef0   0x00000034   Code   RO         1786    i.ble_bps_is_indication_enabled  ble_bps.o
    0x0001ff24   0x00000064   Code   RO         1787    i.ble_bps_measurement_send  ble_bps.o
    0x0001ff88   0x00000048   Code   RO         1788    i.ble_bps_on_ble_evt  ble_bps.o
    0x0001ffd0   0x00000078   Code   RO         2451    i.ble_conn_params_init  ble_conn_params.o
    0x00020048   0x0000003e   Code   RO         2452    i.ble_conn_params_on_ble_evt  ble_conn_params.o
    0x00020086   0x00000046   Code   RO         1789    i.ble_date_time_encode  ble_bps.o
    0x000200cc   0x00000070   Code   RO         2260    i.ble_device_addr_encode  ble_advdata.o
    0x0002013c   0x000001b4   Code   RO         1891    i.ble_dis_init      ble_dis.o
    0x000202f0   0x0000003c   Code   RO          347    i.ble_evt_dispatch  myble.o
    0x0002032c   0x00000012   Code   RO         1947    i.ble_srv_ascii_to_utf8  ble_srv_common.o
    0x0002033e   0x00000016   Code   RO         1790    i.ble_srv_is_indication_enabled  ble_bps.o
    0x00020354   0x00000038   Code   RO         1948    i.ble_srv_report_ref_encode  ble_srv_common.o
    0x0002038c   0x000000d4   Code   RO          348    i.ble_stack_init    myble.o
    0x00020460   0x00000070   Code   RO          349    i.blood_pressure_measurement_send  myble.o
    0x000204d0   0x00000050   Code   RO         1991    i.bond_data_load    device_manager_peripheral.o
    0x00020520   0x000000b0   Code   RO         1791    i.bps_feature_char_add  ble_bps.o
    0x000205d0   0x000000f8   Code   RO         1792    i.bps_measurement_char_add  ble_bps.o
    0x000206c8   0x000000ee   Code   RO         1793    i.bps_measurement_encode  ble_bps.o
    0x000207b6   0x00000002   PAD
    0x000207b8   0x00000040   Code   RO         1615    i.bsp_btn_ble_init  bsp_btn_ble.o
    0x000207f8   0x00000084   Code   RO         1616    i.bsp_btn_ble_on_ble_evt  bsp_btn_ble.o
    0x0002087c   0x0000001e   Code   RO         1617    i.bsp_btn_ble_sleep_mode_prepare  bsp_btn_ble.o
    0x0002089a   0x00000002   PAD
    0x0002089c   0x000000d8   Code   RO         1509    i.bsp_button_event_handler  bsp.o
    0x00020974   0x00000038   Code   RO         1510    i.bsp_button_is_pressed  bsp.o
    0x000209ac   0x0000006c   Code   RO          350    i.bsp_event_handler  myble.o
    0x00020a18   0x0000005c   Code   RO         1514    i.bsp_event_to_button_action_assign  bsp.o
    0x00020a74   0x00000024   Code   RO         1515    i.bsp_indication_set  bsp.o
    0x00020a98   0x000000d4   Code   RO         1517    i.bsp_init          bsp.o
    0x00020b6c   0x00000568   Code   RO         1518    i.bsp_led_indication  bsp.o
    0x000210d4   0x0000005c   Code   RO         1519    i.bsp_wakeup_buttons_set  bsp.o
    0x00021130   0x0000000e   Code   RO         1520    i.button_timer_handler  bsp.o
    0x0002113e   0x00000002   PAD
    0x00021140   0x0000005c   Code   RO          351    i.buttons_leds_init  myble.o
    0x0002119c   0x00000020   Code   RO         2714    i.channel_free      nrf_drv_gpiote.o
    0x000211bc   0x00000010   Code   RO         2715    i.channel_handler_get  nrf_drv_gpiote.o
    0x000211cc   0x00000078   Code   RO         2716    i.channel_port_alloc  nrf_drv_gpiote.o
    0x00021244   0x0000000c   Code   RO         2717    i.channel_port_get  nrf_drv_gpiote.o
    0x00021250   0x000000e4   Code   RO         1892    i.char_add          ble_dis.o
    0x00021334   0x00000114   Code   RO         3375    i.clear_operation_execute  pstorage.o
    0x00021448   0x00000028   Code   RO         3376    i.clear_post_processing_run  pstorage.o
    0x00021470   0x00000048   Code   RO         3377    i.cmd_process       pstorage.o
    0x000214b8   0x00000014   Code   RO         3378    i.cmd_queue_dequeue  pstorage.o
    0x000214cc   0x0000003c   Code   RO         3379    i.cmd_queue_element_init  pstorage.o
    0x00021508   0x00000084   Code   RO         3380    i.cmd_queue_enqueue  pstorage.o
    0x0002158c   0x00000020   Code   RO         3381    i.cmd_queue_init    pstorage.o
    0x000215ac   0x00000028   Code   RO         3382    i.command_end_procedure_run  pstorage.o
    0x000215d4   0x0000002c   Code   RO         3383    i.command_queue_element_consume  pstorage.o
    0x00021600   0x0000008c   Code   RO         3982    i.compare_reg_update  app_timer.o
    0x0002168c   0x0000005c   Code   RO         2261    i.conn_int_check    ble_advdata.o
    0x000216e8   0x0000006a   Code   RO         2262    i.conn_int_encode   ble_advdata.o
    0x00021752   0x00000010   Code   RO          352    i.conn_params_error_handler  myble.o
    0x00021762   0x00000002   PAD
    0x00021764   0x00000058   Code   RO          353    i.conn_params_init  myble.o
    0x000217bc   0x00000094   Code   RO         2454    i.conn_params_negotiation  ble_conn_params.o
    0x00021850   0x0000005a   Code   RO         1618    i.connection_buttons_configure  bsp_btn_ble.o
    0x000218aa   0x00000002   PAD
    0x000218ac   0x00000048   Code   RO         1992    i.connection_instance_find  device_manager_peripheral.o
    0x000218f4   0x00000038   Code   RO         1993    i.connection_instance_init  device_manager_peripheral.o
    0x0002192c   0x0000005c   Code   RO         3983    i.current_int_priority_get  app_timer.o
    0x00021988   0x00000084   Code   RO         3384    i.data_page_erase_state_run  pstorage.o
    0x00021a0c   0x00000038   Code   RO         3385    i.data_to_swap_write_state_run  pstorage.o
    0x00021a44   0x0000008c   Code   RO         3853    i.detection_delay_timeout_handler  app_button.o
    0x00021ad0   0x000000d0   Code   RO         1994    i.device_context_store  device_manager_peripheral.o
    0x00021ba0   0x0000007c   Code   RO         1995    i.device_instance_allocate  device_manager_peripheral.o
    0x00021c1c   0x00000058   Code   RO         1996    i.device_instance_find  device_manager_peripheral.o
    0x00021c74   0x00000030   Code   RO         1997    i.device_instance_free  device_manager_peripheral.o
    0x00021ca4   0x0000004c   Code   RO          354    i.device_manager_evt_handler  myble.o
    0x00021cf0   0x000000b4   Code   RO          355    i.device_manager_init  myble.o
    0x00021da4   0x00000634   Code   RO         2002    i.dm_ble_evt_handler  device_manager_peripheral.o
    0x000223d8   0x0000001c   Code   RO         2008    i.dm_handle_initialize  device_manager_peripheral.o
    0x000223f4   0x00000108   Code   RO         2009    i.dm_init           device_manager_peripheral.o
    0x000224fc   0x000001f8   Code   RO         2012    i.dm_pstorage_cb_handler  device_manager_peripheral.o
    0x000226f4   0x000000bc   Code   RO         2013    i.dm_register       device_manager_peripheral.o
    0x000227b0   0x00000064   Code   RO         3984    i.elapsed_ticks_acquire  app_timer.o
    0x00022814   0x00000044   Code   RO         3386    i.erase_sub_state_sm_run  pstorage.o
    0x00022858   0x0000005c   Code   RO         3985    i.expired_timers_handler  app_timer.o
    0x000228b4   0x00000028   Code   RO         1165    i.findhash          myepaperobjektfunction.o
    0x000228dc   0x00000036   Code   RO         2263    i.flags_encode      ble_advdata.o
    0x00022912   0x00000002   PAD
    0x00022914   0x00000030   Code   RO         3387    i.flash_api_err_code_process  pstorage.o
    0x00022944   0x00000040   Code   RO         3388    i.flash_operation_failure_run  pstorage.o
    0x00022984   0x00000030   Code   RO         3389    i.flash_operation_success_run  pstorage.o
    0x000229b4   0x00000010   Code   RO         3390    i.flash_page_erase  pstorage.o
    0x000229c4   0x00000018   Code   RO         3391    i.flash_write       pstorage.o
    0x000229dc   0x0000009c   Code   RO          356    i.gap_params_init   myble.o
    0x00022a78   0x00000006   Code   RO         2020    i.gattc_context_apply  device_manager_peripheral.o
    0x00022a7e   0x00000006   Code   RO         2021    i.gattc_context_load  device_manager_peripheral.o
    0x00022a84   0x00000006   Code   RO         2022    i.gattc_context_store  device_manager_peripheral.o
    0x00022a8a   0x00000002   PAD
    0x00022a8c   0x000000f4   Code   RO         2023    i.gatts_context_apply  device_manager_peripheral.o
    0x00022b80   0x00000048   Code   RO         2024    i.gatts_context_load  device_manager_peripheral.o
    0x00022bc8   0x000000dc   Code   RO         2025    i.gatts_context_store  device_manager_peripheral.o
    0x00022ca4   0x0000001a   Code   RO         2026    i.gattsc_context_apply  device_manager_peripheral.o
    0x00022cbe   0x0000001e   Code   RO         2027    i.gattsc_context_load  device_manager_peripheral.o
    0x00022cdc   0x0000001e   Code   RO         2028    i.gattsc_context_store  device_manager_peripheral.o
    0x00022cfa   0x00000002   PAD
    0x00022cfc   0x0000001c   Code   RO         1166    i.getCurentScrin    myepaperobjektfunction.o
    0x00022d18   0x00000114   Code   RO         1167    i.getPicture        myepaperobjektfunction.o
    0x00022e2c   0x000001c8   Code   RO         1168    i.getScrin          myepaperobjektfunction.o
    0x00022ff4   0x00000010   Code   RO         1030    i.get_my_KeyEvent   my_key_lib.o
    0x00023004   0x00000080   Code   RO         3854    i.gpiote_event_handler  app_button.o
    0x00023084   0x00000070   Code   RO         3392    i.head_restore_state_run  pstorage.o
    0x000230f4   0x000000b4   Code   RO         4379    i.intern_softdevice_events_execute  softdevice_handler.o
    0x000231a8   0x00000024   Code   RO         2455    i.is_conn_params_ok  ble_conn_params.o
    0x000231cc   0x00000038   Code   RO         1675    i.is_disabled_in_debug_needed  system_nrf51.o
    0x00023204   0x0000006c   Code   RO         1676    i.is_manual_peripheral_setup_needed  system_nrf51.o
    0x00023270   0x00000058   Code   RO         3393    i.is_page_erase_required  pstorage.o
    0x000232c8   0x00000054   Code   RO         1677    i.is_peripheral_domain_setup_needed  system_nrf51.o
    0x0002331c   0x00000050   Code   RO         3394    i.is_tail_data_page_swap_required  pstorage.o
    0x0002336c   0x00000012   Code   RO         3395    i.is_word_aligned   pstorage.o
    0x0002337e   0x0000000e   Code   RO         2533    i.item_dequeue      nrf_drv_clock.o
    0x0002338c   0x0000006a   Code   RO         2264    i.le_role_encode    ble_advdata.o
    0x000233f6   0x00000002   PAD
    0x000233f8   0x00000024   Code   RO         1521    i.leds_timer_handler  bsp.o
    0x0002341c   0x00000038   Code   RO            7    i.lfclk_config      main.o
    0x00023454   0x00000094   Code   RO         3986    i.list_deletions_handler  app_timer.o
    0x000234e8   0x00000110   Code   RO         3987    i.list_insertions_handler  app_timer.o
    0x000235f8   0x00000120   Code   RO            8    i.main              main.o
    0x00023718   0x00000020   Code   RO         3396    i.main_state_err_busy_process  pstorage.o
    0x00023738   0x00000078   Code   RO         2265    i.manuf_specific_data_encode  ble_advdata.o
    0x000237b0   0x0000003c   Code   RO         1031    i.my_KeyAktivate    my_key_lib.o
    0x000237ec   0x00000050   Code   RO         1032    i.my_KeyClk         my_key_lib.o
    0x0002383c   0x00000034   Code   RO         1033    i.my_KeyDeInit      my_key_lib.o
    0x00023870   0x0000013c   Code   RO         1034    i.my_KeyDualSkan    my_key_lib.o
    0x000239ac   0x0000006c   Code   RO         1035    i.my_KeyInit        my_key_lib.o
    0x00023a18   0x0000002c   Code   RO         1036    i.my_KeyRead        my_key_lib.o
    0x00023a44   0x000000c6   Code   RO         2266    i.name_encode       ble_advdata.o
    0x00023b0a   0x00000006   Code   RO         2029    i.no_service_context_apply  device_manager_peripheral.o
    0x00023b10   0x00000006   Code   RO         2030    i.no_service_context_load  device_manager_peripheral.o
    0x00023b16   0x00000006   Code   RO         2031    i.no_service_context_store  device_manager_peripheral.o
    0x00023b1c   0x00000034   Code   RO         2545    i.nrf_drv_clock_on_soc_event  nrf_drv_clock.o
    0x00023b50   0x00000038   Code   RO         2656    i.nrf_drv_common_irq_enable  nrf_drv_common.o
    0x00023b88   0x000000c8   Code   RO         2720    i.nrf_drv_gpiote_in_event_enable  nrf_drv_gpiote.o
    0x00023c50   0x000000f4   Code   RO         2721    i.nrf_drv_gpiote_in_init  nrf_drv_gpiote.o
    0x00023d44   0x00000020   Code   RO         2722    i.nrf_drv_gpiote_in_is_set  nrf_drv_gpiote.o
    0x00023d64   0x00000050   Code   RO         2724    i.nrf_drv_gpiote_init  nrf_drv_gpiote.o
    0x00023db4   0x00000014   Code   RO         2725    i.nrf_drv_gpiote_is_init  nrf_drv_gpiote.o
    0x00023dc8   0x000000b8   Code   RO         2953    i.nrf_drv_rtc_cc_set  nrf_drv_rtc.o
    0x00023e80   0x00000020   Code   RO         2955    i.nrf_drv_rtc_enable  nrf_drv_rtc.o
    0x00023ea0   0x0000008c   Code   RO         2956    i.nrf_drv_rtc_init  nrf_drv_rtc.o
    0x00023f2c   0x0000000e   Code   RO            9    i.nrf_drv_rtc_int_enable  main.o
    0x00023f3a   0x00000002   PAD
    0x00023f3c   0x000000ac   Code   RO         2957    i.nrf_drv_rtc_int_handler  nrf_drv_rtc.o
    0x00023fe8   0x0000002a   Code   RO         2960    i.nrf_drv_rtc_overflow_enable  nrf_drv_rtc.o
    0x00024012   0x0000002a   Code   RO         2962    i.nrf_drv_rtc_tick_enable  nrf_drv_rtc.o
    0x0002403c   0x00000026   Code   RO           10    i.nrf_gpio_cfg      main.o
    0x00024062   0x00000026   Code   RO          585    i.nrf_gpio_cfg      myepaper.o
    0x00024088   0x00000026   Code   RO          840    i.nrf_gpio_cfg      mysoftspi.o
    0x000240ae   0x00000026   Code   RO          928    i.nrf_gpio_cfg      w25q_flash.o
    0x000240d4   0x00000026   Code   RO         1038    i.nrf_gpio_cfg      my_key_lib.o
    0x000240fa   0x00000026   Code   RO         2737    i.nrf_gpio_cfg      nrf_drv_gpiote.o
    0x00024120   0x0000001a   Code   RO          586    i.nrf_gpio_cfg_input  myepaper.o
    0x0002413a   0x0000001a   Code   RO          841    i.nrf_gpio_cfg_input  mysoftspi.o
    0x00024154   0x0000001a   Code   RO         1039    i.nrf_gpio_cfg_input  my_key_lib.o
    0x0002416e   0x00000018   Code   RO           11    i.nrf_gpio_cfg_output  main.o
    0x00024186   0x00000018   Code   RO          587    i.nrf_gpio_cfg_output  myepaper.o
    0x0002419e   0x00000018   Code   RO          842    i.nrf_gpio_cfg_output  mysoftspi.o
    0x000241b6   0x00000046   Code   RO         2739    i.nrf_gpio_cfg_sense_set  nrf_drv_gpiote.o
    0x000241fc   0x00000018   Code   RO          588    i.nrf_gpio_port_clear  myepaper.o
    0x00024214   0x00000018   Code   RO          929    i.nrf_gpio_port_clear  w25q_flash.o
    0x0002422c   0x00000010   Code   RO         1040    i.nrf_gpio_port_read  my_key_lib.o
    0x0002423c   0x0000000c   Code   RO           12    i.nrf_gpio_port_set  main.o
    0x00024248   0x00000018   Code   RO          589    i.nrf_gpio_port_set  myepaper.o
    0x00024260   0x00000018   Code   RO          930    i.nrf_gpio_port_set  w25q_flash.o
    0x00024278   0x0000000c   Code   RO         1041    i.nrf_gpio_port_set  my_key_lib.o
    0x00024284   0x00000004   Code   RO          590    i.nrf_gpio_word_byte_write  myepaper.o
    0x00024288   0x00000004   Code   RO          931    i.nrf_gpio_word_byte_write  w25q_flash.o
    0x0002428c   0x0000000c   Code   RO         2742    i.nrf_gpiote_event_addr_get  nrf_drv_gpiote.o
    0x00024298   0x00000010   Code   RO         2743    i.nrf_gpiote_event_clear  nrf_drv_gpiote.o
    0x000242a8   0x00000016   Code   RO         2744    i.nrf_gpiote_event_is_set  nrf_drv_gpiote.o
    0x000242be   0x00000002   PAD
    0x000242c0   0x0000000c   Code   RO         2745    i.nrf_gpiote_int_enable  nrf_drv_gpiote.o
    0x000242cc   0x0000000e   Code   RO         2964    i.nrf_rtc_cc_set    nrf_drv_rtc.o
    0x000242da   0x00000006   Code   RO         2965    i.nrf_rtc_event_clear  nrf_drv_rtc.o
    0x000242e0   0x0000000a   Code   RO         2966    i.nrf_rtc_event_disable  nrf_drv_rtc.o
    0x000242ea   0x0000000a   Code   RO         2967    i.nrf_rtc_event_enable  nrf_drv_rtc.o
    0x000242f4   0x00000006   Code   RO         2968    i.nrf_rtc_event_pending  nrf_drv_rtc.o
    0x000242fa   0x0000000a   Code   RO         2969    i.nrf_rtc_int_disable  nrf_drv_rtc.o
    0x00024304   0x0000000a   Code   RO         2970    i.nrf_rtc_int_enable  nrf_drv_rtc.o
    0x0002430e   0x0000000e   Code   RO         2971    i.nrf_rtc_int_is_enabled  nrf_drv_rtc.o
    0x0002431c   0x00000006   Code   RO         2972    i.nrf_rtc_task_trigger  nrf_drv_rtc.o
    0x00024322   0x00000014   Code   RO         3120    i.nrf_uart_errorsrc_get_and_clear  nrf_drv_uart.o
    0x00024336   0x00000010   Code   RO         3121    i.nrf_uart_event_check  nrf_drv_uart.o
    0x00024346   0x00000006   Code   RO         3122    i.nrf_uart_event_clear  nrf_drv_uart.o
    0x0002434c   0x0000000a   Code   RO         3124    i.nrf_uart_int_disable  nrf_drv_uart.o
    0x00024356   0x00000018   Code   RO         3126    i.nrf_uart_int_enable_check  nrf_drv_uart.o
    0x0002436e   0x00000006   Code   RO         3127    i.nrf_uart_task_trigger  nrf_drv_uart.o
    0x00024374   0x00000036   Code   RO          357    i.on_adv_evt        myble.o
    0x000243aa   0x00000002   PAD
    0x000243ac   0x00000080   Code   RO          358    i.on_ble_evt        myble.o
    0x0002442c   0x00000020   Code   RO          359    i.on_bps_evt        myble.o
    0x0002444c   0x00000034   Code   RO         1794    i.on_cccd_write     ble_bps.o
    0x00024480   0x00000030   Code   RO          360    i.on_conn_params_evt  myble.o
    0x000244b0   0x00000018   Code   RO         2456    i.on_conn_params_update  ble_conn_params.o
    0x000244c8   0x00000006   Code   RO         1724    i.on_connect        ble_bas.o
    0x000244ce   0x00000006   Code   RO         1795    i.on_connect        ble_bps.o
    0x000244d4   0x0000003c   Code   RO         2457    i.on_connect        ble_conn_params.o
    0x00024510   0x00000008   Code   RO         1725    i.on_disconnect     ble_bas.o
    0x00024518   0x00000008   Code   RO         1796    i.on_disconnect     ble_bps.o
    0x00024520   0x00000044   Code   RO         2458    i.on_disconnect     ble_conn_params.o
    0x00024564   0x00000020   Code   RO         1797    i.on_hvc            ble_bps.o
    0x00024584   0x00000050   Code   RO         1726    i.on_write          ble_bas.o
    0x000245d4   0x0000001a   Code   RO         1798    i.on_write          ble_bps.o
    0x000245ee   0x00000002   PAD
    0x000245f0   0x0000005c   Code   RO         2459    i.on_write          ble_conn_params.o
    0x0002464c   0x0000001a   Code   RO         2378    i.peer_address_exists  ble_advertising.o
    0x00024666   0x00000002   PAD
    0x00024668   0x00000050   Code   RO         2032    i.peer_instance_init  device_manager_peripheral.o
    0x000246b8   0x0000001c   Code   RO         2747    i.pin_in_use_by_gpiote  nrf_drv_gpiote.o
    0x000246d4   0x00000018   Code   RO         2748    i.pin_in_use_by_port  nrf_drv_gpiote.o
    0x000246ec   0x00000020   Code   RO         2749    i.pin_in_use_by_te  nrf_drv_gpiote.o
    0x0002470c   0x00000010   Code   RO         2750    i.pin_in_use_clear  nrf_drv_gpiote.o
    0x0002471c   0x0000008c   Code   RO         1893    i.pnp_id_encode     ble_dis.o
    0x000247a8   0x00000028   Code   RO           13    i.powerDeInit       main.o
    0x000247d0   0x0000001e   Code   RO           14    i.powerInit         main.o
    0x000247ee   0x00000002   PAD
    0x000247f0   0x00000030   Code   RO         3397    i.pstorage_access_status_get  pstorage.o
    0x00024820   0x000000a4   Code   RO         3398    i.pstorage_block_identifier_get  pstorage.o
    0x000248c4   0x00000118   Code   RO         3399    i.pstorage_clear    pstorage.o
    0x000249dc   0x00000028   Code   RO         3400    i.pstorage_flash_page_end  pstorage.o
    0x00024a04   0x0000000a   Code   RO         3401    i.pstorage_flash_page_size  pstorage.o
    0x00024a0e   0x00000002   PAD
    0x00024a10   0x00000088   Code   RO         3402    i.pstorage_init     pstorage.o
    0x00024a98   0x000000fc   Code   RO         3403    i.pstorage_load     pstorage.o
    0x00024b94   0x00000120   Code   RO         3404    i.pstorage_register  pstorage.o
    0x00024cb4   0x000000e0   Code   RO         3405    i.pstorage_store    pstorage.o
    0x00024d94   0x0000004c   Code   RO         3406    i.pstorage_sys_event_handler  pstorage.o
    0x00024de0   0x000000e0   Code   RO         3407    i.pstorage_update   pstorage.o
    0x00024ec0   0x0000000c   Code   RO         3988    i.rtc1_compare0_set  app_timer.o
    0x00024ecc   0x0000000c   Code   RO         3989    i.rtc1_counter_get  app_timer.o
    0x00024ed8   0x00000018   Code   RO         3990    i.rtc1_init         app_timer.o
    0x00024ef0   0x0000003c   Code   RO         3991    i.rtc1_start        app_timer.o
    0x00024f2c   0x00000058   Code   RO         3992    i.rtc1_stop         app_timer.o
    0x00024f84   0x00000090   Code   RO           15    i.rtc_config        main.o
    0x00025014   0x00000060   Code   RO           16    i.rtc_handler       main.o
    0x00025074   0x0000005c   Code   RO         3130    i.rx_byte           nrf_drv_uart.o
    0x000250d0   0x00000024   Code   RO         3131    i.rx_done_event     nrf_drv_uart.o
    0x000250f4   0x0000005c   Code   RO         1169    i.saveCounter       myepaperobjektfunction.o
    0x00025150   0x0000001c   Code   RO         4380    i.sd_check_ram_start  softdevice_handler.o
    0x0002516c   0x00000036   Code   RO         2267    i.sec_mgr_oob_flags_encode  ble_advdata.o
    0x000251a2   0x00000096   Code   RO         2268    i.service_data_encode  ble_advdata.o
    0x00025238   0x00000218   Code   RO          361    i.services_init     myble.o
    0x00025450   0x00000052   Code   RO          362    i.sleep_mode_enter  myble.o
    0x000254a2   0x00000002   PAD
    0x000254a4   0x00000014   Code   RO         3408    i.sm_state_change   pstorage.o
    0x000254b8   0x0000001c   Code   RO         4381    i.softdevice_ble_evt_handler_set  softdevice_handler.o
    0x000254d4   0x0000001c   Code   RO         4382    i.softdevice_enable  softdevice_handler.o
    0x000254f0   0x0000002e   Code   RO         4383    i.softdevice_enable_get_default_config  softdevice_handler.o
    0x0002551e   0x00000014   Code   RO         4384    i.softdevice_fault_handler  softdevice_handler.o
    0x00025532   0x00000002   PAD
    0x00025534   0x00000068   Code   RO         4385    i.softdevice_handler_init  softdevice_handler.o
    0x0002559c   0x0000001c   Code   RO         4388    i.softdevice_sys_evt_handler_set  softdevice_handler.o
    0x000255b8   0x00000010   Code   RO         2269    i.srdata_check      ble_advdata.o
    0x000255c8   0x00000054   Code   RO         1619    i.startup_event_extract  bsp_btn_ble.o
    0x0002561c   0x00000010   Code   RO         3409    i.state_data_erase_entry_run  pstorage.o
    0x0002562c   0x00000098   Code   RO         3410    i.state_data_erase_swap_entry_run  pstorage.o
    0x000256c4   0x0000003c   Code   RO         3411    i.state_entry_action_run  pstorage.o
    0x00025700   0x00000010   Code   RO         3412    i.state_erase_data_page_entry_run  pstorage.o
    0x00025710   0x0000001c   Code   RO         3413    i.state_idle_entry_run  pstorage.o
    0x0002572c   0x00000034   Code   RO         3414    i.state_restore_head_entry_run  pstorage.o
    0x00025760   0x00000054   Code   RO         3415    i.state_restore_tail_entry_run  pstorage.o
    0x000257b4   0x00000008   Code   RO         3416    i.state_store_entry_run  pstorage.o
    0x000257bc   0x00000026   Code   RO         3417    i.state_swap_erase_entry_run  pstorage.o
    0x000257e2   0x00000002   PAD
    0x000257e4   0x00000034   Code   RO         3418    i.state_write_data_swap_entry_run  pstorage.o
    0x00025818   0x00000008   Code   RO         2033    i.storage_operation_dummy_handler  device_manager_peripheral.o
    0x00025820   0x00000064   Code   RO         3419    i.store_cmd_flash_write_execute  pstorage.o
    0x00025884   0x0000000a   Code   RO         3420    i.store_operation_execute  pstorage.o
    0x0002588e   0x00000002   PAD
    0x00025890   0x0000004c   Code   RO         3421    i.store_sub_state_sm_run  pstorage.o
    0x000258dc   0x00000020   Code   RO         3422    i.swap_erase_state_run  pstorage.o
    0x000258fc   0x00000008   Code   RO         3423    i.swap_sub_sm_exit_action_run  pstorage.o
    0x00025904   0x00000018   Code   RO         3424    i.swap_sub_state_entry_action_run  pstorage.o
    0x0002591c   0x00000020   Code   RO         3425    i.swap_sub_state_err_busy_process  pstorage.o
    0x0002593c   0x00000018   Code   RO         3426    i.swap_sub_state_sm_run  pstorage.o
    0x00025954   0x00000014   Code   RO         3427    i.swap_sub_state_state_change  pstorage.o
    0x00025968   0x00000012   Code   RO          363    i.sys_evt_dispatch  myble.o
    0x0002597a   0x00000098   Code   RO         1894    i.sys_id_encode     ble_dis.o
    0x00025a12   0x00000002   PAD
    0x00025a14   0x00000020   Code   RO         3428    i.tail_restore_state_run  pstorage.o
    0x00025a34   0x00000058   Code   RO         3429    i.tail_word_size_calculate  pstorage.o
    0x00025a8c   0x0000000a   Code   RO         3993    i.ticks_diff_get    app_timer.o
    0x00025a96   0x00000002   PAD
    0x00025a98   0x0000003c   Code   RO         3994    i.timeout_handler_exec  app_timer.o
    0x00025ad4   0x00000058   Code   RO         3995    i.timer_list_handler  app_timer.o
    0x00025b2c   0x0000000a   Code   RO         3996    i.timer_list_handler_sched  app_timer.o
    0x00025b36   0x00000002   PAD
    0x00025b38   0x0000006c   Code   RO         3997    i.timer_list_insert  app_timer.o
    0x00025ba4   0x00000070   Code   RO         3998    i.timer_list_remove  app_timer.o
    0x00025c14   0x00000058   Code   RO         3999    i.timer_start_op_schedule  app_timer.o
    0x00025c6c   0x00000040   Code   RO         4001    i.timer_stop_op_schedule  app_timer.o
    0x00025cac   0x00000094   Code   RO         4002    i.timer_timeouts_check  app_timer.o
    0x00025d40   0x0000000a   Code   RO         4003    i.timer_timeouts_check_sched  app_timer.o
    0x00025d4a   0x00000002   PAD
    0x00025d4c   0x00000058   Code   RO          364    i.timers_init       myble.o
    0x00025da4   0x00000046   Code   RO         2270    i.tk_value_encode   ble_advdata.o
    0x00025dea   0x00000002   PAD
    0x00025dec   0x00000038   Code   RO         3133    i.tx_byte           nrf_drv_uart.o
    0x00025e24   0x0000002c   Code   RO         3134    i.tx_done_event     nrf_drv_uart.o
    0x00025e50   0x00000036   Code   RO         2271    i.tx_power_level_encode  ble_advdata.o
    0x00025e86   0x00000002   PAD
    0x00025e88   0x00000174   Code   RO         3135    i.uart_irq_handler  nrf_drv_uart.o
    0x00025ffc   0x00000012   Code   RO         1799    i.uint16_encode     ble_bps.o
    0x0002600e   0x00000012   Code   RO         1895    i.uint16_encode     ble_dis.o
    0x00026020   0x00000012   Code   RO         2272    i.uint16_encode     ble_advdata.o
    0x00026032   0x00000008   Code   RO         3430    i.update_operation_execute  pstorage.o
    0x0002603a   0x00000002   PAD
    0x0002603c   0x00000014   Code   RO         2034    i.update_status_bit_reset  device_manager_peripheral.o
    0x00026050   0x0000009c   Code   RO         2460    i.update_timeout_handler  ble_conn_params.o
    0x000260ec   0x00000022   Code   RO         4004    i.user_id_get       app_timer.o
    0x0002610e   0x0000002e   Code   RO         4005    i.user_op_alloc     app_timer.o
    0x0002613c   0x00000004   Code   RO         4006    i.user_op_enque     app_timer.o
    0x00026140   0x0000004c   Code   RO         2273    i.uuid_list_encode  ble_advdata.o
    0x0002618c   0x000000e0   Code   RO         2274    i.uuid_list_sized_encode  ble_advdata.o
    0x0002626c   0x00000020   Code   RO          932    i.whileStatus1_busy  w25q_flash.o
    0x0002628c   0x00000016   Code   RO         2379    i.whitelist_has_entries  ble_advertising.o
    0x000262a2   0x00000002   PAD
    0x000262a4   0x0000000c   Data   RO           17    .constdata          main.o
    0x000262b0   0x00000004   Data   RO          366    .constdata          myble.o
    0x000262b4   0x0000445c   Data   RO          592    .constdata          myepaper.o
    0x0002a710   0x0000b1ee   Data   RO         1171    .constdata          myepaperobjektfunction.o
    0x000358fe   0x00000002   PAD
    0x00035900   0x0000003c   Data   RO         1523    .constdata          bsp.o
    0x0003593c   0x00000034   Data   RO         2036    .constdata          device_manager_peripheral.o
    0x00035970   0x00000004   Data   RO         2462    .constdata          ble_conn_params.o
    0x00035974   0x00000006   Data   RO         2973    .constdata          nrf_drv_rtc.o
    0x0003597a   0x00000002   PAD
    0x0003597c   0x00000028   Data   RO         3432    .constdata          pstorage.o
    0x000359a4   0x00000008   Data   RO         3856    .constdata          app_button.o
    0x000359ac   0x00000020   Data   RO         4555    Region$$Table       anon$$obj.o


    Execution Region RW_IRAM1 (Base: 0x20001f00, Size: 0x00001528, Max: 0x000020ff, ABSOLUTE, COMPRESSED[0x0000001c])

    Base Addr    Size         Type   Attr      Idx    E Section Name        Object

    0x20001f00   0x00000006   Data   RW           18    .data               main.o
    0x20001f06   0x00000002   PAD
    0x20001f08   0x00000014   Data   RW          367    .data               myble.o
    0x20001f1c   0x0000000c   Data   RW         1172    .data               myepaperobjektfunction.o
    0x20001f28   0x00000019   Data   RW         1524    .data               bsp.o
    0x20001f41   0x00000003   PAD
    0x20001f44   0x00000008   Data   RW         1620    .data               bsp_btn_ble.o
    0x20001f4c   0x00000004   Data   RW         1678    .data               system_nrf51.o
    0x20001f50   0x0000004a   Data   RW         1896    .data               ble_dis.o
    0x20001f9a   0x00000002   PAD
    0x20001f9c   0x00000014   Data   RW         2037    .data               device_manager_peripheral.o
    0x20001fb0   0x00000020   Data   RW         2381    .data               ble_advertising.o
    0x20001fd0   0x00000015   Data   RW         2463    .data               ble_conn_params.o
    0x20001fe5   0x00000003   PAD
    0x20001fe8   0x00000007   Data   RW         2974    .data               nrf_drv_rtc.o
    0x20001fef   0x00000001   PAD
    0x20001ff0   0x00000028   Data   RW         3433    .data               pstorage.o
    0x20002018   0x00000014   Data   RW         3857    .data               app_button.o
    0x2000202c   0x00000022   Data   RW         4007    .data               app_timer.o
    0x2000204e   0x00000002   PAD
    0x20002050   0x00000018   Data   RW         4389    .data               softdevice_handler.o
    0x20002068   0x00000288   Zero   RW          365    .bss                myble.o
    0x200022f0   0x0000000b   Zero   RW         1042    .bss                my_key_lib.o
    0x200022fb   0x00000001   PAD
    0x200022fc   0x000004e4   Zero   RW         1170    .bss                myepaperobjektfunction.o
    0x200027e0   0x0000006c   Zero   RW         1522    .bss                bsp.o
    0x2000284c   0x00000133   Zero   RW         2035    .bss                device_manager_peripheral.o
    0x2000297f   0x00000001   PAD
    0x20002980   0x00000103   Zero   RW         2380    .bss                ble_advertising.o
    0x20002a83   0x00000001   PAD
    0x20002a84   0x0000003c   Zero   RW         2461    .bss                ble_conn_params.o
    0x20002ac0   0x0000000c   Zero   RW         2547    .bss                nrf_drv_clock.o
    0x20002acc   0x00000048   Zero   RW         2751    .bss                nrf_drv_gpiote.o
    0x20002b14   0x0000001c   Zero   RW         3136    .bss                nrf_drv_uart.o
    0x20002b30   0x000000d8   Zero   RW         3431    .bss                pstorage.o
    0x20002c08   0x00000020   Zero   RW         3855    .bss                app_button.o
    0x20002c28   0x00000800   Zero   RW         1664    STACK               arm_startup_nrf51.o


==============================================================================

Image component sizes


      Code (inc. data)   RO Data    RW Data    ZI Data      Debug   Object Name

       484         78          8         20         32       9086   app_button.o
        84         12          0          0          0       2851   app_error.o
      2484        282          0         34          0      34455   app_timer.o
        56         18        192          0       2048        688   arm_startup_nrf51.o
      2206          4          0          0          0      20148   ble_advdata.o
      1612        164          0         32        259      13789   ble_advertising.o
       844         18          0          0          0      16551   ble_bas.o
      1216         20          0          0          0      23247   ble_bps.o
       766        126          4         21         60       8668   ble_conn_params.o
       974         54          0         74          0       8311   ble_dis.o
        74          0          0          0          0       2272   ble_srv_common.o
      2202        184         60         25        108      10261   bsp.o
       490         20          0          8          0       6449   bsp_btn_ble.o
      4042        288         52         20        307      28133   device_manager_peripheral.o
       918         78         12          6          0     117535   main.o
       768         62          0          0         11      10110   my_key_lib.o
      2756        192          4         20        648      26229   myble.o
      4252         38      17500          0          0      33707   myepaper.o
      9512        758      45550         12       1252      41205   myepaperobjektfunction.o
       500         20          0          0          0      10408   mysoftspi.o
        66          6          0          0         12       6897   nrf_drv_clock.o
       176         18          0          0          0       7744   nrf_drv_common.o
      1422        116          0          0         72      23792   nrf_drv_gpiote.o
       714         38          6          7          0      17163   nrf_drv_rtc.o
       690         38          0          0         28      13751   nrf_drv_uart.o
      4308        438         40         40        216      42550   pstorage.o
       514         68          0         24          0       9308   softdevice_handler.o
       348         38          0          4          0       2547   system_nrf51.o
       580         18          0          0          0      12482   w25q_flash.o

    ----------------------------------------------------------------------
     45132       3194      63464        360       5056     560337   Object Totals
         0          0         32          0          0          0   (incl. Generated)
        74          0          4         13          3          0   (incl. Padding)

    ----------------------------------------------------------------------

      Code (inc. data)   RO Data    RW Data    ZI Data      Debug   Library Member Name

        58          0          0          0          0          0   __dczerorl.o
         0          0          0          0          0          0   entry.o
         0          0          0          0          0          0   entry10a.o
         0          0          0          0          0          0   entry11a.o
         8          4          0          0          0          0   entry2.o
         4          0          0          0          0          0   entry5.o
         0          0          0          0          0          0   entry7b.o
         0          0          0          0          0          0   entry8b.o
         8          4          0          0          0          0   entry9a.o
        30          0          0          0          0          0   handlers.o
        40          0          0          0          0         72   idiv.o
        36          8          0          0          0         68   init.o
        32          0          0          0          0         68   llshl.o
        34          0          0          0          0         68   llushr.o
        26          0          0          0          0         72   memcmp.o
        36          0          0          0          0         60   memcpya.o
        36          0          0          0          0        100   memseta.o
        14          0          0          0          0         60   strlen.o
        44          0          0          0          0         72   uidiv.o

    ----------------------------------------------------------------------
       408         16          0          0          0        640   Library Totals
         2          0          0          0          0          0   (incl. Padding)

    ----------------------------------------------------------------------

      Code (inc. data)   RO Data    RW Data    ZI Data      Debug   Library Name

       406         16          0          0          0        640   mc_p.l

    ----------------------------------------------------------------------
       408         16          0          0          0        640   Library Totals

    ----------------------------------------------------------------------

==============================================================================


      Code (inc. data)   RO Data    RW Data    ZI Data      Debug   

     45540       3210      63464        360       5056     542625   Grand Totals
     45540       3210      63464         28       5056     542625   ELF Image Totals (compressed)
     45540       3210      63464         28          0          0   ROM Totals

==============================================================================

    Total RO  Size (Code + RO Data)               109004 ( 106.45kB)
    Total RW  Size (RW Data + ZI Data)              5416 (   5.29kB)
    Total ROM Size (Code + RO Data + RW Data)     109032 ( 106.48kB)

==============================================================================

