<html>
<body>
<pre>
<h1>µVision Build Log</h1>
<h2>Tool Versions:</h2>
IDE-Version: µVision V5.22.0.0
Copyright (C) 2016 ARM Ltd and ARM Germany GmbH. All rights reserved.
License Information: Konstantin K, nII, LIC=CRMII-T23JV-WID5K-ZCTI9-JVCYA-7W1DG
 
Tool Versions:
Toolchain:       MDK-ARM Professional  Version: 5.22
Toolchain Path:  C:\Keil_v5\ARM\ARMCC\Bin
C Compiler:      Armcc.exe V5.06 update 4 (build 422)
Assembler:       Armasm.exe V5.06 update 4 (build 422)
Linker/Locator:  ArmLink.exe V5.06 update 4 (build 422)
Library Manager: ArmAr.exe V5.06 update 4 (build 422)
Hex Converter:   FromElf.exe V5.06 update 4 (build 422)
CPU DLL:         
Dialog DLL:      
Target DLL:      STLink\ST-LINKIII-KEIL_SWO.dll V2.0.18.0
Dialog DLL:      TARMCM1.DLL V1.11.0.0
 
<h2>Project:</h2>
D:\Projekt\!GitHub\MotiWatch\MotiWach_3_20 - V2.1\ble_peripheral\ble_app_bps\pca10028\s130\arm5\ble_app_bps_s130_pca10028.uvprojx
Project File Date:  03/23/2020

<h2>Output:</h2>
*** Using Compiler 'V5.06 update 4 (build 422)', folder: 'C:\Keil_v5\ARM\ARMCC\Bin'
Build target 'nrf51422_xxac_s130'
compiling MyePaperObjektFunction.c...
MySoftSPI.h(37): warning:  #1-D: last line of file ends without a newline
  #endif	
MyePaper.h(97): warning:  #1295-D: Deprecated declaration MyePaper_GPIO_DeInit - give arg types
  void MyePaper_GPIO_DeInit();
MyePaper.h(121): warning:  #1295-D: Deprecated declaration MyePaperDualInit - give arg types
  void MyePaperDualInit();
MyePaper.h(127): warning:  #1295-D: Deprecated declaration testrScriin - give arg types
  void testrScriin();
MyePaper.h(129): warning:  #1-D: last line of file ends without a newline
  /* END OF FILE */
btObject.h(3711): warning:  #2548-D: multicharacter character literal (potential portability problem)
  'A','R','E',' ','Y','O','U',' ','R','E','A','D','Y',' ','T','O',' ','L','I','M','I','T',' ','O','R',' ','C','O',' M','P','L','E','T','E','L','Y',' ','C','U','T',' ','O','U','T',' ','S','U','G','A','R','?',0,	
btObject.h(3711): warning:  #69-D: integer conversion resulted in truncation
  'A','R','E',' ','Y','O','U',' ','R','E','A','D','Y',' ','T','O',' ','L','I','M','I','T',' ','O','R',' ','C','O',' M','P','L','E','T','E','L','Y',' ','C','U','T',' ','O','U','T',' ','S','U','G','A','R','?',0,	
btObject.h(3727): warning:  #2548-D: multicharacter character literal (potential portability problem)
  'A','R','E',' ','Y','O','U',' ','R','E','A','D','Y',' ','T','O',' ','L','I','M','I','T',' ','O','R',' ','C','O',' M','P','L','E','T','E','L','Y',' ','C','U','T',' ','O','U','T',' ','S','O','C','I','A','L',' ','M','E','D','I','A','?',0,	
btObject.h(3727): warning:  #69-D: integer conversion resulted in truncation
  'A','R','E',' ','Y','O','U',' ','R','E','A','D','Y',' ','T','O',' ','L','I','M','I','T',' ','O','R',' ','C','O',' M','P','L','E','T','E','L','Y',' ','C','U','T',' ','O','U','T',' ','S','O','C','I','A','L',' ','M','E','D','I','A','?',0,	
btObject.h(3744): warning:  #2548-D: multicharacter character literal (potential portability problem)
  'A','R','E',' ','Y','O','U',' ','R','E','A','D','Y',' ','T','O',' ','R','E','D','U','C','E',' ','Y','O','U','R',' ','C','O','N','S','U','M',' P','T','I','O','N','?',0,	
btObject.h(3744): warning:  #69-D: integer conversion resulted in truncation
  'A','R','E',' ','Y','O','U',' ','R','E','A','D','Y',' ','T','O',' ','R','E','D','U','C','E',' ','Y','O','U','R',' ','C','O','N','S','U','M',' P','T','I','O','N','?',0,	
btObject.h(4906): warning:  #1-D: last line of file ends without a newline
  //-------------
MyePaperObjektFunction.h(41): warning:  #1295-D: Deprecated declaration Save_params - give arg types
  void Save_params();
MyePaperObjektFunction.h(44): warning:  #1295-D: Deprecated declaration EPD_1IN54_DrawObjStartScrin - give arg types
  void EPD_1IN54_DrawObjStartScrin();
MySoftSPI.h(37): warning:  #1-D: last line of file ends without a newline
  #endif	
W25Q_Flash.h(40): warning:  #1295-D: Deprecated declaration W25Q_DeInit - give arg types
  void W25Q_DeInit();
W25Q_Flash.h(41): warning:  #1295-D: Deprecated declaration W25Q_Flash_init - give arg types
  void W25Q_Flash_init();
W25Q_Flash.h(42): warning:  #1295-D: Deprecated declaration W25Q_Flash_reset - give arg types
  void W25Q_Flash_reset();
W25Q_Flash.h(43): warning:  #1295-D: Deprecated declaration W25Q_Flash_erase - give arg types
  void W25Q_Flash_erase();
W25Q_Flash.h(44): warning:  #1295-D: Deprecated declaration W25Q_Flash_read_status_1 - give arg types
  uint8_t W25Q_Flash_read_status_1();
W25Q_Flash.h(46): warning:  #1295-D: Deprecated declaration whileStatus1_busy - give arg types
  void whileStatus1_busy();
W25Q_Flash.h(50): warning:  #1-D: last line of file ends without a newline
  void W25Q_Flash_Sektor_erase(uint32_t Adres);
MyePaperObjektFunction.c(737): warning:  #177-D: variable "xin"  was declared but never referenced
  	uint8_t xin = 0;
MyePaperObjektFunction.c(738): warning:  #177-D: variable "xout"  was declared but never referenced
  	uint8_t xout =0;
MyePaperObjektFunction.c(739): warning:  #177-D: variable "n"  was declared but never referenced
  	uint8_t n = 1;		
MyePaperObjektFunction.c(1007): warning:  #940-D: missing return statement at end of non-void function "EPD_1IN54_DrawObjectTextList" 
  }
MyePaperObjektFunction.c(1056): warning:  #940-D: missing return statement at end of non-void function "EPD_1IN54_DrawObjectTextListGroup" 
  }
MyePaperObjektFunction.c(1028): warning:  #177-D: variable "n"  was declared but never referenced
  	uint16_t n=0;
MyePaperObjektFunction.c(1451): warning:  #177-D: variable "find"  was declared but never referenced
  	uint32_t find = 0;
MyePaperObjektFunction.c: 29 warnings, 0 errors
linking...
Program Size: Code=45540 RO-data=63464 RW-data=360 ZI-data=5056  
FromELF: creating hex file...
".\_build\nrf51422_xxac_s130.axf" - 0 Error(s), 29 Warning(s).

<h2>Software Packages used:</h2>

Package Vendor: ARM
                http://www.keil.com/pack/ARM.CMSIS.4.5.0.pack
                ARM::CMSIS:CORE:4.3.0
                CMSIS (Cortex Microcontroller Software Interface Standard)
   * Component: CORE Version: 4.3.0
   * Component: DSP Version: 1.4.6

Package Vendor: NordicSemiconductor
                http://developer.nordicsemi.com/nRF51_SDK/pieces/nRF_BLE/NordicSemiconductor.nRF_BLE.4.0.0-2.alpha.pack
                NordicSemiconductor::nRF_BLE:BLE_Services:ble_bps:4.0.0-2.alpha
                Bluetooth Low Energy (Bluetooth Smart) services and software modules for Nordic Semiconductor nRF family.
   * Component: ble_bps Version: 4.0.0-2.alpha
   * Component: ble_conn_params Version: 4.0.0-2.alpha
   * Component: ble_service_common Version: 4.0.0-2.alpha
   * Component: ble_bas Version: 4.0.0-2.alpha
   * Component: device_manager Variant: Peripheral Version: 4.0.0-2.alpha
   * Component: ble_dis Version: 4.0.0-2.alpha
   * Component: ble_advertising Version: 4.0.0-2.alpha
   * Component: ble_advdata Version: 4.0.0-2.alpha
   * Component: ble_common Version: 4.0.0-2.alpha

Package Vendor: NordicSemiconductor
                http://developer.nordicsemi.com/nRF51_SDK/pieces/nRF_DeviceFamilyPack/NordicSemiconductor.nRF_DeviceFamilyPack.8.3.1.pack
                NordicSemiconductor::Device:Startup:8.3.1
                Nordic Semiconductor nRF ARM devices Device Family Pack.
   * Component: Startup Version: 8.3.1

Package Vendor: NordicSemiconductor
                http://developer.nordicsemi.com/nRF51_SDK/pieces/nRF_Drivers/NordicSemiconductor.nRF_Drivers.4.0.0-2.alpha.pack
                NordicSemiconductor::nRF_Drivers:nrf_delay:4.0.0-2.alpha
                Drivers for Nordic Semiconductor nRF family.
   * Component: nrf_delay Version: 4.0.0-2.alpha
   * Component: nrf_gpio Version: 4.0.0-2.alpha
   * Component: nrf_gpiote Version: 4.0.0-2.alpha
   * Component: nrf_clock Version: 4.0.0-2.alpha
   * Component: nrf_uart Version: 4.0.0-2.alpha
   * Component: nrf_error Variant: default Version: 4.0.0-2.alpha
   * Component: nrf_drv_rtc Version: 4.0.0-2.alpha
   * Component: nrf_rtc Version: 4.0.0-2.alpha
   * Component: nrf_drv_clock Version: 4.0.0-2.alpha
   * Component: nrf_uarte Version: 4.0.0-2.alpha
   * Component: pstorage Variant: default Version: 4.0.0-2.alpha
   * Component: nrf_drv_uart Version: 4.0.0-2.alpha
   * Component: nrf_soc Variant: default Version: 4.0.0-2.alpha
   * Component: nrf_drv_gpiote Version: 4.0.0-2.alpha
   * Component: nrf_drv_common Version: 4.0.0-2.alpha

Package Vendor: NordicSemiconductor
                http://developer.nordicsemi.com/nRF51_SDK/pieces/nRF_Drivers_External/NordicSemiconductor.nRF_Drivers_External.1.2.1-2.alpha.pack
                NordicSemiconductor::nRF_Libraries:segger_rtt:1.2.1-2.alpha
                Drivers for external hardware used by Nordic Semiconductor nRF family examples.
   * Component: segger_rtt Version: 1.2.1-2.alpha

Package Vendor: NordicSemiconductor
                http://developer.nordicsemi.com/nRF51_SDK/pieces/nRF_Examples/NordicSemiconductor.nRF_Examples.11.0.0-2.alpha.pack
                NordicSemiconductor::Board Support:bsp:default:11.0.0-2.alpha
                Examples and BSP for Nordic Semiconductor nRF family.
   * Component: bsp Variant: default Version: 11.0.0-2.alpha
   * Component: bsp_btn_ble Version: 11.0.0-2.alpha

Package Vendor: NordicSemiconductor
                http://developer.nordicsemi.com/nRF51_SDK/pieces/nRF_Libraries/NordicSemiconductor.nRF_Libraries.4.0.0-2.alpha.pack
                NordicSemiconductor::nRF_Libraries:app_button:4.0.0-2.alpha
                Software modules for Nordic Semiconductor nRF family.
   * Component: app_button Version: 4.0.0-2.alpha
   * Component: app_error Version: 4.0.0-2.alpha
   * Component: nrf_assert Version: 4.0.0-2.alpha
   * Component: nrf_log Variant: default Version: 4.0.0-2.alpha
   * Component: retarget Version: 4.0.0-2.alpha
   * Component: app_util Variant: default Version: 4.0.0-2.alpha
   * Component: sensorsim Version: 4.0.0-2.alpha
   * Component: app_trace Variant: default Version: 4.0.0-2.alpha
   * Component: nordic_common Version: 4.0.0-2.alpha
   * Component: app_timer Variant: default Version: 4.0.0-2.alpha
   * Component: app_uart Variant: default Version: 4.0.0-2.alpha

Package Vendor: NordicSemiconductor
                http://developer.nordicsemi.com/nRF51_SDK/pieces/nRF_SoftDevice_Common/NordicSemiconductor.nRF_SoftDevice_Common.2.0.0-2.alpha.pack
                NordicSemiconductor::nRF_SoftDevice:Internal:sd_common:default:2.0.0-2.alpha
                Common components for Nordic Semiconductor nRF family SoftDevices.
   * Component: sd_common Variant: default Version: 2.0.0-2.alpha
   * Component: softdevice_present Version: 2.0.0-2.alpha

Package Vendor: NordicSemiconductor
                http://developer.nordicsemi.com/nRF51_SDK/pieces/nRF_SoftDevice_S130/NordicSemiconductor.nRF_SoftDevice_S130.2.0.0-7.alpha.pack
                NordicSemiconductor::nRF_SoftDevice:s130_hex:2.0.0-7.alpha
                Components for Bluetooth Low Energy (Bluetooth Smart) S130 SoftDevice for Nordic Semiconductor nRF family.
   * Component: s130_hex Version: 2.0.0-7.alpha
   * Component: s130 Variant: Present_only Version: 2.0.0-7.alpha

<h2>Collection of Component include folders:</h2>
  D:\Projekt\!GitHub\MotiWatch\MotiWach_3_20 - V2.1\ble_peripheral\ble_app_bps\pca10028\s130\arm5\RTE\_nrf51422_xxac_s130
  D:\Projekt\!GitHub\MotiWatch\MotiWach_3_20 - V2.1\ble_peripheral\ble_app_bps\pca10028\s130\arm5\RTE\nRF_BLE\nRF51422_xxAC
  D:\Projekt\!GitHub\MotiWatch\MotiWach_3_20 - V2.1\ble_peripheral\ble_app_bps\pca10028\s130\arm5\RTE\nRF_Drivers\nRF51422_xxAC
  D:\Projekt\!GitHub\MotiWatch\MotiWach_3_20 - V2.1\ble_peripheral\ble_app_bps\pca10028\s130\arm5\RTE\nRF_Libraries\nRF51422_xxAC
  C:\Keil_v5\ARM\PACK\ARM\CMSIS\4.5.0\CMSIS\Include
  C:\Keil_v5\ARM\PACK\NordicSemiconductor\nRF_BLE\4.0.0-2.alpha\ble_advertising
  C:\Keil_v5\ARM\PACK\NordicSemiconductor\nRF_BLE\4.0.0-2.alpha\ble_services\ble_bas
  C:\Keil_v5\ARM\PACK\NordicSemiconductor\nRF_BLE\4.0.0-2.alpha\ble_services\ble_bps
  C:\Keil_v5\ARM\PACK\NordicSemiconductor\nRF_BLE\4.0.0-2.alpha\ble_services\ble_dis
  C:\Keil_v5\ARM\PACK\NordicSemiconductor\nRF_BLE\4.0.0-2.alpha\common
  C:\Keil_v5\ARM\PACK\NordicSemiconductor\nRF_BLE\4.0.0-2.alpha\device_manager
  C:\Keil_v5\ARM\PACK\NordicSemiconductor\nRF_DeviceFamilyPack\8.17.0\Device\Include
  C:\Keil_v5\ARM\PACK\NordicSemiconductor\nRF_DeviceFamilyPack\8.3.1\Device\Include
  C:\Keil_v5\ARM\PACK\NordicSemiconductor\nRF_Drivers\4.0.0-2.alpha\clock
  C:\Keil_v5\ARM\PACK\NordicSemiconductor\nRF_Drivers\4.0.0-2.alpha\common
  C:\Keil_v5\ARM\PACK\NordicSemiconductor\nRF_Drivers\4.0.0-2.alpha\config
  C:\Keil_v5\ARM\PACK\NordicSemiconductor\nRF_Drivers\4.0.0-2.alpha\delay
  C:\Keil_v5\ARM\PACK\NordicSemiconductor\nRF_Drivers\4.0.0-2.alpha\gpiote
  C:\Keil_v5\ARM\PACK\NordicSemiconductor\nRF_Drivers\4.0.0-2.alpha\hal
  C:\Keil_v5\ARM\PACK\NordicSemiconductor\nRF_Drivers\4.0.0-2.alpha\pstorage
  C:\Keil_v5\ARM\PACK\NordicSemiconductor\nRF_Drivers\4.0.0-2.alpha\rtc
  C:\Keil_v5\ARM\PACK\NordicSemiconductor\nRF_Drivers\4.0.0-2.alpha\uart
  C:\Keil_v5\ARM\PACK\NordicSemiconductor\nRF_Drivers_External\1.2.1-2.alpha\segger_rtt
  C:\Keil_v5\ARM\PACK\NordicSemiconductor\nRF_Examples\11.0.0-2.alpha\bsp
  C:\Keil_v5\ARM\PACK\NordicSemiconductor\nRF_Libraries\4.0.0-2.alpha\button
  C:\Keil_v5\ARM\PACK\NordicSemiconductor\nRF_Libraries\4.0.0-2.alpha\sensorsim
  C:\Keil_v5\ARM\PACK\NordicSemiconductor\nRF_Libraries\4.0.0-2.alpha\timer
  C:\Keil_v5\ARM\PACK\NordicSemiconductor\nRF_Libraries\4.0.0-2.alpha\trace
  C:\Keil_v5\ARM\PACK\NordicSemiconductor\nRF_Libraries\4.0.0-2.alpha\uart
  C:\Keil_v5\ARM\PACK\NordicSemiconductor\nRF_Libraries\4.0.0-2.alpha\util
  C:\Keil_v5\ARM\PACK\NordicSemiconductor\nRF_SoftDevice_Common\2.0.0-2.alpha\softdevice_handler
  C:\Keil_v5\ARM\PACK\NordicSemiconductor\nRF_SoftDevice_S130\2.0.0-7.alpha\headers
  C:\Keil_v5\ARM\PACK\NordicSemiconductor\nRF_SoftDevice_S130\2.0.0-7.alpha\headers\nrf51

<h2>Collection of Component Files used:</h2>

   * Component: ARM::CMSIS:CORE:4.3.0

   * Component: ARM::CMSIS:DSP:1.4.6
      Include file:  CMSIS\Include\arm_math.h
      Library file:  CMSIS\Lib\ARM\arm_cortexM0l_math.lib

   * Component: NordicSemiconductor::nRF_BLE:BLE_Services:ble_bps:4.0.0-2.alpha
      Source file:   ble_services\ble_bps\ble_bps.c
      Include file:  ble_services\ble_bps\ble_bps.h

   * Component: NordicSemiconductor::nRF_BLE:BLE_Modules:ble_conn_params:4.0.0-2.alpha
      Source file:   common\ble_conn_params.c
      Include file:  common\ble_conn_params.h

   * Component: NordicSemiconductor::nRF_BLE:BLE_Modules:ble_service_common:4.0.0-2.alpha
      Source file:   common\ble_srv_common.c
      Include file:  common\ble_srv_common.h

   * Component: NordicSemiconductor::nRF_BLE:BLE_Services:ble_bas:4.0.0-2.alpha
      Source file:   ble_services\ble_bas\ble_bas.c
      Include file:  ble_services\ble_bas\ble_bas.h

   * Component: NordicSemiconductor::nRF_BLE:BLE_Modules:device_manager:Peripheral:4.0.0-2.alpha
      Source file:   device_manager\device_manager_peripheral.c
      Include file:  device_manager\config\device_manager_cnfg.h
      Include file:  device_manager\device_manager.h

   * Component: NordicSemiconductor::nRF_BLE:BLE_Services:ble_dis:4.0.0-2.alpha
      Source file:   ble_services\ble_dis\ble_dis.c
      Include file:  ble_services\ble_dis\ble_dis.h

   * Component: NordicSemiconductor::nRF_BLE:BLE_Modules:ble_advertising:4.0.0-2.alpha
      Source file:   ble_advertising\ble_advertising.c
      Include file:  ble_advertising\ble_advertising.h

   * Component: NordicSemiconductor::nRF_BLE:BLE_Modules:ble_advdata:4.0.0-2.alpha
      Source file:   common\ble_advdata.c
      Include file:  common\ble_advdata.h

   * Component: NordicSemiconductor::nRF_BLE:BLE_Modules:ble_common:4.0.0-2.alpha

   * Component: NordicSemiconductor::Device:Startup:8.3.1
      Source file:   Device\Source\arm\arm_startup_nrf51.s
      Source file:   Device\Source\system_nrf51.c
      Include file:  Device\Include\system_nrf51.h

   * Component: NordicSemiconductor::nRF_Drivers:nrf_delay:4.0.0-2.alpha
      Source file:   delay\nrf_delay.c
      Include file:  delay\nrf_delay.h

   * Component: NordicSemiconductor::nRF_Drivers:nrf_gpio:4.0.0-2.alpha
      Include file:  hal\nrf_gpio.h

   * Component: NordicSemiconductor::nRF_Drivers:nrf_gpiote:4.0.0-2.alpha
      Include file:  hal\nrf_gpiote.h

   * Component: NordicSemiconductor::nRF_Drivers:nrf_clock:4.0.0-2.alpha
      Include file:  hal\nrf_clock.h

   * Component: NordicSemiconductor::nRF_Drivers:nrf_uart:4.0.0-2.alpha
      Include file:  hal\nrf_uart.h

   * Component: NordicSemiconductor::nRF_Drivers:nrf_error:default:4.0.0-2.alpha

   * Component: NordicSemiconductor::nRF_Drivers:nrf_drv_rtc:4.0.0-2.alpha
      Source file:   rtc\nrf_drv_rtc.c
      Include file:  rtc\nrf_drv_rtc.h
      Include file:  config\nrf_drv_config.h

   * Component: NordicSemiconductor::nRF_Drivers:nrf_rtc:4.0.0-2.alpha
      Include file:  hal\nrf_rtc.h

   * Component: NordicSemiconductor::nRF_Drivers:nrf_drv_clock:4.0.0-2.alpha
      Source file:   clock\nrf_drv_clock.c
      Include file:  clock\nrf_drv_clock.h
      Include file:  config\nrf_drv_config.h

   * Component: NordicSemiconductor::nRF_Drivers:nrf_uarte:4.0.0-2.alpha
      Include file:  hal\nrf_uarte.h

   * Component: NordicSemiconductor::nRF_Drivers:pstorage:default:4.0.0-2.alpha
      Source file:   pstorage\pstorage.c
      Include file:  pstorage\pstorage.h
      Include file:  pstorage\config\pstorage_platform.h

   * Component: NordicSemiconductor::nRF_Drivers:nrf_drv_uart:4.0.0-2.alpha
      Source file:   uart\nrf_drv_uart.c
      Include file:  uart\nrf_drv_uart.h
      Include file:  config\nrf_drv_config.h

   * Component: NordicSemiconductor::nRF_Drivers:nrf_soc:default:4.0.0-2.alpha

   * Component: NordicSemiconductor::nRF_Drivers:nrf_drv_gpiote:4.0.0-2.alpha
      Source file:   gpiote\nrf_drv_gpiote.c
      Include file:  gpiote\nrf_drv_gpiote.h
      Include file:  config\nrf_drv_config.h

   * Component: NordicSemiconductor::nRF_Drivers:nrf_drv_common:4.0.0-2.alpha
      Source file:   common\nrf_drv_common.c
      Include file:  common\nrf_drv_common.h
      Include file:  config\nrf_drv_config.h

   * Component: NordicSemiconductor::nRF_Libraries:segger_rtt:1.2.1-2.alpha
      Source file:   segger_rtt\SEGGER_RTT.c
      Source file:   segger_rtt\SEGGER_RTT_printf.c
      Source file:   segger_rtt\RTT_Syscalls_KEIL.c
      Include file:  segger_rtt\SEGGER_RTT.h
      Include file:  segger_rtt\SEGGER_RTT_Conf.h

   * Component: NordicSemiconductor::Board Support:bsp:default:11.0.0-2.alpha
      Source file:   bsp\bsp.c

   * Component: NordicSemiconductor::Board Support:bsp_btn_ble:11.0.0-2.alpha
      Source file:   bsp\bsp_btn_ble.c

   * Component: NordicSemiconductor::nRF_Libraries:app_button:4.0.0-2.alpha
      Source file:   button\app_button.c
      Include file:  button\app_button.h

   * Component: NordicSemiconductor::nRF_Libraries:app_error:4.0.0-2.alpha
      Source file:   util\app_error.c
      Include file:  util\app_error.h

   * Component: NordicSemiconductor::nRF_Libraries:nrf_assert:4.0.0-2.alpha
      Source file:   util\nrf_assert.c
      Include file:  util\nrf_assert.h

   * Component: NordicSemiconductor::nRF_Libraries:nrf_log:default:4.0.0-2.alpha
      Source file:   util\nrf_log.c
      Include file:  util\nrf_log.h

   * Component: NordicSemiconductor::nRF_Libraries:retarget:4.0.0-2.alpha
      Source file:   uart\retarget.c

   * Component: NordicSemiconductor::nRF_Libraries:app_util:default:4.0.0-2.alpha

   * Component: NordicSemiconductor::nRF_Libraries:sensorsim:4.0.0-2.alpha
      Source file:   sensorsim\sensorsim.c
      Include file:  sensorsim\sensorsim.h

   * Component: NordicSemiconductor::nRF_Libraries:app_trace:default:4.0.0-2.alpha
      Source file:   trace\app_trace.c
      Include file:  trace\app_trace.h

   * Component: NordicSemiconductor::nRF_Libraries:nordic_common:4.0.0-2.alpha

   * Component: NordicSemiconductor::nRF_Libraries:app_timer:default:4.0.0-2.alpha
      Source file:   timer\app_timer.c
      Include file:  timer\app_timer.h

   * Component: NordicSemiconductor::nRF_Drivers:app_uart:default:4.0.0-2.alpha
      Source file:   uart\app_uart.c
      Include file:  uart\app_uart.h

   * Component: NordicSemiconductor::nRF_SoftDevice:Internal:sd_common:default:2.0.0-2.alpha
      Source file:   softdevice_handler\softdevice_handler.c

   * Component: NordicSemiconductor::nRF_SoftDevice:Internal:softdevice_present:2.0.0-2.alpha

   * Component: NordicSemiconductor::nRF_SoftDevice:s130_hex:2.0.0-7.alpha

   * Component: NordicSemiconductor::nRF_SoftDevice:s130:Present_only:2.0.0-7.alpha
      Include file:  headers\ble.h
      Include file:  headers\ble_gatt.h
      Include file:  headers\ble_hci.h
      Include file:  headers\ble_types.h
      Include file:  headers\nrf_error_soc.h
      Include file:  headers\nrf_soc.h
      Include file:  headers\ble_err.h
      Include file:  headers\ble_gattc.h
      Include file:  headers\ble_l2cap.h
      Include file:  headers\nrf_error.h
      Include file:  headers\nrf_svc.h
      Include file:  headers\ble_gap.h
      Include file:  headers\ble_gatts.h
      Include file:  headers\ble_ranges.h
      Include file:  headers\nrf_error_sdm.h
      Include file:  headers\nrf_sdm.h
      Include file:  headers\softdevice_assert.h
      Include file:  headers\nrf_sd_def.h
      Include file:  headers\nrf51\nrf_mbr.h
Build Time Elapsed:  00:00:07
</pre>
</body>
</html>
